### Browser `rr-r7515-three-standard` opened with pid 253362.
### Ran Playwright code
```js
await page.goto('http://127.0.0.1:8899/Dell-R7515-2.5inch/qa/rotation-review/three.html?flavor=standard&cb=rotation-review-20260827-three-standard-load-01&run=rotation-review-20260827&load=1');
```
### Page
- Page URL: http://127.0.0.1:8899/Dell-R7515-2.5inch/qa/rotation-review/three.html?flavor=standard&cb=rotation-review-20260827-three-standard-load-01&run=rotation-review-20260827&load=1
- Page Title: Three.js rotation review
### Snapshot
- [Snapshot](.playwright-cli/page-2026-08-27T12-47-28-859Z.yml)
### Page
- Page URL: about:blank
### Snapshot
```yaml

```
### Events
- New console entries: .playwright-cli/console-2026-08-27T12-50-51-940Z.log#L1-L6
### Error
TimeoutError: page.waitForFunction: Timeout 45000ms exceeded.
### Result
Total messages: 0 (Errors: 0, Warnings: 0)

### Result

