18:27:11 | ERROR: Draco mesh compression is not available because library could not be found at /usr/bin/4.0/python/lib/python3.12/site-packages/libextern_draco.so
18:27:11 | INFO: Starting glTF 2.0 export
18:27:12 | INFO: Extracting primitive: INFERRED_bottom_formed_sheet_mesh
18:27:12 | INFO: Primitives created: 1
18:27:12 | INFO: Extracting primitive: Right_side_wall_mesh
18:27:12 | INFO: Primitives created: 1
18:27:12 | INFO: Extracting primitive: Side_upper_inward_return_1_mesh
18:27:12 | INFO: Primitives created: 1
18:27:12 | INFO: Extracting primitive: Side_lower_inward_hem_1_mesh
18:27:13 | INFO: Primitives created: 1
18:27:13 | INFO: Extracting primitive: Top_cover_side_skirt_1_mesh
18:27:13 | INFO: Primitives created: 1
18:27:13 | INFO: Extracting primitive: Cover_skirt_screw_1_recessed_head_mesh
18:27:13 | INFO: Primitives created: 1
18:27:13 | INFO: Extracting primitive: Cover_skirt_screw_1_recess_floor_mesh
18:27:13 | INFO: Primitives created: 1
18:27:13 | INFO: Extracting primitive: Side_1_fastener_0_recessed_head_mesh
18:27:13 | INFO: Primitives created: 1
18:27:13 | INFO: Extracting primitive: Side_1_fastener_0_recess_floor_mesh
18:27:13 | INFO: Primitives created: 1
18:27:13 | INFO: Extracting primitive: Side_1_fastener_1_recessed_head_mesh
18:27:13 | INFO: Primitives created: 1
18:27:13 | INFO: Extracting primitive: Side_1_fastener_1_recess_floor_mesh
18:27:13 | INFO: Primitives created: 1
18:27:13 | INFO: Extracting primitive: Side_1_fastener_2_recessed_head_mesh
18:27:13 | INFO: Primitives created: 1
18:27:13 | INFO: Extracting primitive: Side_1_fastener_3_recessed_head_mesh
18:27:13 | INFO: Primitives created: 1
18:27:13 | INFO: Extracting primitive: Side_1_fastener_3_recess_floor_mesh
18:27:13 | INFO: Primitives created: 1
18:27:13 | INFO: Extracting primitive: Side_1_fastener_4_recessed_head_mesh
18:27:13 | INFO: Primitives created: 1
18:27:13 | INFO: Extracting primitive: Side_1_fastener_4_recess_floor_mesh
18:27:13 | INFO: Primitives created: 1
18:27:13 | INFO: Extracting primitive: Side_1_fastener_5_recessed_head_mesh
18:27:13 | INFO: Primitives created: 1
18:27:13 | INFO: Extracting primitive: Side_1_fastener_6_recessed_head_mesh
18:27:13 | INFO: Primitives created: 1
18:27:13 | INFO: Extracting primitive: Side_1_fastener_6_recess_floor_mesh
18:27:13 | INFO: Primitives created: 1
18:27:13 | INFO: Extracting primitive: Side_1_fastener_7_recessed_head_mesh
18:27:13 | INFO: Primitives created: 1
18:27:13 | INFO: Extracting primitive: Side_1_fastener_8_recessed_head_mesh
18:27:13 | INFO: Primitives created: 1
18:27:13 | INFO: Extracting primitive: Side_1_fastener_9_recessed_head_mesh
18:27:13 | INFO: Primitives created: 1
18:27:13 | INFO: Extracting primitive: Side_1_fastener_10_recessed_head_mesh
18:27:13 | INFO: Primitives created: 1
18:27:13 | INFO: Extracting primitive: Side_1_clinch_0_mesh
18:27:13 | INFO: Primitives created: 1
18:27:13 | INFO: Extracting primitive: Side_rail_latch_outline_1_mesh
18:27:13 | INFO: Primitives created: 1
18:27:13 | INFO: Extracting primitive: Left_side_wall_estimated_mesh
18:27:13 | INFO: Primitives created: 1
18:27:13 | INFO: Extracting primitive: Front_cover_integrated_pressings_mesh
18:27:13 | INFO: Primitives created: 1
18:27:13 | INFO: Extracting primitive: Main_cover_with_label_pressing_mesh
18:27:13 | INFO: Primitives created: 1
18:27:13 | INFO: Extracting primitive: Rear_cover_four_pressed_regions_mesh
18:27:13 | INFO: Primitives created: 1
18:27:13 | INFO: Extracting primitive: Underlapping_cover_seam_mesh
18:27:13 | INFO: Primitives created: 1
18:27:13 | INFO: Extracting primitive: Cover_traction_pad_mesh
18:27:13 | INFO: Primitives created: 1
18:27:13 | INFO: Extracting primitive: Cover_release_recess_back_mesh
18:27:13 | INFO: Primitives created: 1
18:27:13 | INFO: Extracting primitive: Cover_release_metal_tab_mesh
18:27:13 | INFO: Primitives created: 1
18:27:13 | INFO: Extracting primitive: Front_cover_flush_screw_recessed_head_mesh
18:27:14 | INFO: Primitives created: 1
18:27:14 | INFO: Extracting primitive: Front_cover_flush_screw_recess_floor_mesh
18:27:14 | INFO: Primitives created: 1
18:27:14 | INFO: Extracting primitive: Front_cover_flush_screw_recessed_head_mesh.001
18:27:14 | INFO: Primitives created: 1
18:27:14 | INFO: Extracting primitive: Front_cover_flush_screw_recessed_head_mesh.002
18:27:14 | INFO: Primitives created: 1
18:27:14 | INFO: Extracting primitive: Front_cover_flush_screw_recessed_head_mesh.003
18:27:14 | INFO: Primitives created: 1
18:27:14 | INFO: Extracting primitive: Front_cover_flush_screw_recessed_head_mesh.004
18:27:14 | INFO: Primitives created: 1
18:27:14 | INFO: Extracting primitive: Front_cover_flush_screw_recessed_head_mesh.005
18:27:14 | INFO: Primitives created: 1
18:27:14 | INFO: Extracting primitive: Front_cover_flush_screw_recessed_head_mesh.006
18:27:14 | INFO: Primitives created: 1
18:27:14 | INFO: Extracting primitive: Front_cover_flush_screw_recessed_head_mesh.007
18:27:14 | INFO: Primitives created: 1
18:27:14 | INFO: Extracting primitive: Front_cover_flush_screw_recessed_head_mesh.008
18:27:14 | INFO: Primitives created: 1
18:27:14 | INFO: Extracting primitive: Front_cover_flush_screw_recessed_head_mesh.009
18:27:14 | INFO: Primitives created: 1
18:27:14 | INFO: Extracting primitive: Front_cover_flush_screw_recessed_head_mesh.010
18:27:14 | INFO: Primitives created: 1
18:27:14 | INFO: Extracting primitive: Front_cover_flush_screw_recessed_head_mesh.011
18:27:14 | INFO: Primitives created: 1
18:27:14 | INFO: Extracting primitive: Front_cover_flush_screw_recessed_head_mesh.012
18:27:14 | INFO: Primitives created: 1
18:27:14 | INFO: Extracting primitive: Front_cover_flush_screw_recessed_head_mesh.013
18:27:14 | INFO: Primitives created: 1
18:27:14 | INFO: Extracting primitive: Front_cover_flush_screw_recessed_head_mesh.014
18:27:14 | INFO: Primitives created: 1
18:27:14 | INFO: Extracting primitive: Front_cover_flush_screw_recessed_head_mesh.015
18:27:14 | INFO: Primitives created: 1
18:27:14 | INFO: Extracting primitive: Front_cover_flush_screw_recessed_head_mesh.016
18:27:14 | INFO: Primitives created: 1
18:27:14 | INFO: Extracting primitive: Front_cover_flush_screw_recessed_head_mesh.017
18:27:14 | INFO: Primitives created: 1
18:27:14 | INFO: Extracting primitive: Front_cover_flush_screw_recessed_head_mesh.018
18:27:14 | INFO: Primitives created: 1
18:27:14 | INFO: Extracting primitive: Front_cover_flush_screw_recessed_head_mesh.019
18:27:14 | INFO: Primitives created: 1
18:27:14 | INFO: Extracting primitive: Front_cover_flush_screw_recessed_head_mesh.020
18:27:14 | INFO: Primitives created: 1
18:27:14 | INFO: Extracting primitive: Front_cover_flush_screw_recessed_head_mesh.021
18:27:14 | INFO: Primitives created: 1
18:27:14 | INFO: Extracting primitive: Front_cover_flush_screw_recessed_head_mesh.022
18:27:14 | INFO: Primitives created: 1
18:27:14 | INFO: Extracting primitive: Front_cover_flush_screw_recessed_head_mesh.023
18:27:14 | INFO: Primitives created: 1
18:27:14 | INFO: Extracting primitive: Rear_cover_flush_screw_recessed_head_mesh
18:27:14 | INFO: Primitives created: 1
18:27:14 | INFO: Extracting primitive: Rear_cover_flush_screw_recessed_head_mesh.001
18:27:14 | INFO: Primitives created: 1
18:27:14 | INFO: Extracting primitive: Rear_cover_flush_screw_recessed_head_mesh.002
18:27:14 | INFO: Primitives created: 1
18:27:14 | INFO: Extracting primitive: Rear_cover_flush_screw_recessed_head_mesh.003
18:27:14 | INFO: Primitives created: 1
18:27:14 | INFO: Extracting primitive: Midheight_sled_shelf_mesh
18:27:14 | INFO: Primitives created: 1
18:27:14 | INFO: Extracting primitive: Central_PSU_channel_divider_mesh
18:27:14 | INFO: Primitives created: 1
18:27:14 | INFO: Extracting primitive: Front_backplane_shadow_mesh
18:27:14 | INFO: Primitives created: 1
18:27:14 | INFO: Extracting primitive: Hidden_backplane_socket_mesh
18:27:14 | INFO: Primitives created: 1
18:27:14 | INFO: Extracting primitive: Rack_ear_mount_-1_mesh
18:27:14 | INFO: Primitives created: 1
18:27:14 | INFO: Extracting primitive: Control_ear_shell_-1_mesh
18:27:15 | INFO: Primitives created: 1
18:27:15 | INFO: Extracting primitive: Lower_ear_screw_boss_-1_mesh
18:27:15 | INFO: Primitives created: 1
18:27:15 | INFO: Extracting primitive: Front_punched_cheek_-1_mesh
18:27:15 | INFO: Primitives created: 1
18:27:15 | INFO: Extracting primitive: Front_cage_side_return_-1_mesh
18:27:15 | INFO: Primitives created: 1
18:27:15 | INFO: Extracting primitive: Chrome_lifting_handle_-1_curve
18:27:15 | INFO: Primitives created: 1
18:27:15 | INFO: Extracting primitive: Handle_flat_anchor_-1_mesh
18:27:15 | INFO: Primitives created: 1
18:27:15 | INFO: Extracting primitive: Chrome_lifting_handle_1_curve
18:27:15 | INFO: Primitives created: 1
18:27:15 | INFO: Extracting primitive: Front_lower_rolled_hem_mesh
18:27:15 | INFO: Primitives created: 1
18:27:15 | INFO: Extracting primitive: Drive_bank_divider_0_mesh
18:27:15 | INFO: Primitives created: 1
18:27:15 | INFO: Extracting primitive: Control_face_inset_-1_mesh
18:27:15 | INFO: Primitives created: 1
18:27:15 | INFO: Extracting primitive: Control_face_bottom_clip_-1_mesh
18:27:15 | INFO: Primitives created: 1
18:27:15 | INFO: Extracting primitive: DELL_EMC_official_badge_mesh
18:27:15 | INFO: Primitives created: 1
18:27:15 | INFO: Extracting primitive: Power_button_lens_1_mesh
18:27:15 | INFO: Primitives created: 1
18:27:15 | INFO: Extracting primitive: Power_outer_white_print_1_mesh
18:27:15 | INFO: Primitives created: 1
18:27:15 | INFO: Extracting primitive: Power_symbol_arc_1_curve
18:27:15 | INFO: Primitives created: 1
18:27:15 | INFO: Extracting primitive: Power_symbol_stem_1_curve
18:27:15 | INFO: Primitives created: 1
18:27:15 | INFO: Extracting primitive: ID_button_lens_1_mesh
18:27:15 | INFO: Primitives created: 1
18:27:15 | INFO: Extracting primitive: ID_button_print_1_mesh
18:27:15 | INFO: Primitives created: 1
18:27:15 | INFO: Extracting primitive: ID_inner_white_disc_1_mesh
18:27:15 | INFO: Primitives created: 1
18:27:15 | INFO: Extracting primitive: ID_information_symbol_1_font
18:27:15 | INFO: Primitives created: 1
18:27:15 | INFO: Extracting primitive: Front_node_number_1_font
18:27:15 | INFO: Primitives created: 1
18:27:15 | INFO: Extracting primitive: Front_mapping_arrow_1_mesh
18:27:15 | INFO: Primitives created: 1
18:27:15 | INFO: Extracting primitive: Power_symbol_arc_2_curve
18:27:15 | INFO: Primitives created: 1
18:27:15 | INFO: Extracting primitive: Power_symbol_stem_2_curve
18:27:15 | INFO: Primitives created: 1
18:27:15 | INFO: Extracting primitive: Front_node_number_2_font
18:27:15 | INFO: Primitives created: 1
18:27:15 | INFO: Extracting primitive: Captive_screw_metal_washer_-1_mesh
18:27:15 | INFO: Primitives created: 1
18:27:15 | INFO: Extracting primitive: Captive_screw_knurled_grip_-1_mesh
18:27:15 | INFO: Primitives created: 1
18:27:15 | INFO: Extracting primitive: Captive_screw_Phillips_-1_recessed_head_mesh
18:27:15 | INFO: Primitives created: 1
18:27:15 | INFO: Extracting primitive: Captive_screw_Phillips_-1_recess_floor_mesh
18:27:15 | INFO: Primitives created: 1
18:27:15 | INFO: Extracting primitive: Captive_screw_front_bead_-1_mesh
18:27:15 | INFO: Primitives created: 1
18:27:15 | INFO: Extracting primitive: C6400_official_badge_mesh
18:27:15 | INFO: Primitives created: 1
18:27:15 | INFO: Extracting primitive: Power_symbol_arc_3_curve
18:27:15 | INFO: Primitives created: 1
18:27:15 | INFO: Extracting primitive: Power_symbol_stem_3_curve
18:27:15 | INFO: Primitives created: 1
18:27:15 | INFO: Extracting primitive: Front_node_number_3_font
18:27:15 | INFO: Primitives created: 1
18:27:15 | INFO: Extracting primitive: Front_mapping_arrow_3_mesh
18:27:15 | INFO: Primitives created: 1
18:27:15 | INFO: Extracting primitive: Power_symbol_arc_4_curve
18:27:15 | INFO: Primitives created: 1
18:27:15 | INFO: Extracting primitive: Power_symbol_stem_4_curve
18:27:15 | INFO: Primitives created: 1
18:27:15 | INFO: Extracting primitive: Front_node_number_4_font
18:27:15 | INFO: Primitives created: 1
18:27:15 | INFO: Extracting primitive: EST_front_tag_blue_edge_mesh
18:27:15 | INFO: Primitives created: 1
18:27:15 | INFO: Extracting primitive: Bay_index_00_font
18:27:15 | INFO: Primitives created: 1
18:27:15 | INFO: Extracting primitive: Bay_mapping_triangle_0_mesh
18:27:15 | INFO: Primitives created: 1
18:27:15 | INFO: Extracting primitive: Bay_index_01_font
18:27:15 | INFO: Primitives created: 1
18:27:15 | INFO: Extracting primitive: Bay_index_02_font
18:27:15 | INFO: Primitives created: 1
18:27:15 | INFO: Extracting primitive: Bay_index_03_font
18:27:15 | INFO: Primitives created: 1
18:27:15 | INFO: Extracting primitive: Bay_index_04_font
18:27:15 | INFO: Primitives created: 1
18:27:15 | INFO: Extracting primitive: Bay_index_05_font
18:27:15 | INFO: Primitives created: 1
18:27:15 | INFO: Extracting primitive: Bay_index_06_font
18:27:15 | INFO: Primitives created: 1
18:27:15 | INFO: Extracting primitive: Bay_index_07_font
18:27:15 | INFO: Primitives created: 1
18:27:15 | INFO: Extracting primitive: Bay_index_08_font
18:27:15 | INFO: Primitives created: 1
18:27:15 | INFO: Extracting primitive: Bay_index_09_font
18:27:15 | INFO: Primitives created: 1
18:27:15 | INFO: Extracting primitive: Bay_index_10_font
18:27:15 | INFO: Primitives created: 1
18:27:15 | INFO: Extracting primitive: Bay_index_11_font
18:27:15 | INFO: Primitives created: 1
18:27:15 | INFO: Extracting primitive: Bay_index_12_font
18:27:15 | INFO: Primitives created: 1
18:27:15 | INFO: Extracting primitive: Bay_index_13_font
18:27:15 | INFO: Primitives created: 1
18:27:15 | INFO: Extracting primitive: Bay_index_14_font
18:27:15 | INFO: Primitives created: 1
18:27:15 | INFO: Extracting primitive: Bay_index_15_font
18:27:15 | INFO: Primitives created: 1
18:27:15 | INFO: Extracting primitive: Bay_index_16_font
18:27:15 | INFO: Primitives created: 1
18:27:15 | INFO: Extracting primitive: Bay_index_17_font
18:27:15 | INFO: Primitives created: 1
18:27:15 | INFO: Extracting primitive: Bay_index_18_font
18:27:15 | INFO: Primitives created: 1
18:27:15 | INFO: Extracting primitive: Bay_index_19_font
18:27:15 | INFO: Primitives created: 1
18:27:15 | INFO: Extracting primitive: Bay_index_20_font
18:27:15 | INFO: Primitives created: 1
18:27:15 | INFO: Extracting primitive: Bay_index_21_font
18:27:15 | INFO: Primitives created: 1
18:27:15 | INFO: Extracting primitive: Bay_index_22_font
18:27:15 | INFO: Primitives created: 1
18:27:15 | INFO: Extracting primitive: Bay_index_23_font
18:27:15 | INFO: Primitives created: 1
18:27:15 | INFO: Extracting primitive: Real_service_label_band_mesh.001
18:27:15 | INFO: Primitives created: 1
18:27:15 | INFO: Extracting primitive: Real_yellow_warning_label_mesh.001
18:27:15 | INFO: Primitives created: 1
18:27:15 | INFO: Extracting primitive: Real_regulatory_label_mesh.001
18:27:15 | INFO: Primitives created: 1
18:27:15 | INFO: Extracting primitive: Node1_blue_hook_cross_return_mesh
18:27:15 | INFO: Primitives created: 1
18:27:15 | INFO: Extracting primitive: Node1_blue_hook_return_mesh
18:27:15 | INFO: Primitives created: 1
18:27:15 | INFO: Extracting primitive: Node1_blue_latch_mount_recessed_head_mesh
18:27:15 | INFO: Primitives created: 1
18:27:15 | INFO: Extracting primitive: Node1_blue_paddle_face_mesh
18:27:15 | INFO: Primitives created: 1
18:27:15 | INFO: Extracting primitive: Node1_DP_mark_font
18:27:15 | INFO: Primitives created: 1
18:27:15 | INFO: Extracting primitive: Node1_dual_SFP_adapter_face_mesh
18:27:15 | INFO: Primitives created: 1
18:27:15 | INFO: Extracting primitive: Node1_EST_blue_print_mesh
18:27:15 | INFO: Primitives created: 1
18:27:15 | INFO: Extracting primitive: Node1_EST_letters_font
18:27:15 | INFO: Primitives created: 1
18:27:15 | INFO: Extracting primitive: Node1_EST_tag_mesh
18:27:15 | INFO: Primitives created: 1
18:27:15 | INFO: Extracting primitive: Node1_floor_mesh.001
18:27:15 | INFO: Primitives created: 1
18:27:15 | INFO: Extracting primitive: Node1_grip_edge_fold_mesh
18:27:15 | INFO: Primitives created: 1
18:27:15 | INFO: Extracting primitive: Node1_grip_hinge_pin_mesh
18:27:15 | INFO: Primitives created: 1
18:27:15 | INFO: Extracting primitive: Node1_grip_press_lug_mesh
18:27:15 | INFO: Primitives created: 1
18:27:15 | INFO: Extracting primitive: Node1_horizontal_rear_return_mesh
18:27:15 | INFO: Primitives created: 1
18:27:15 | INFO: Extracting primitive: Node1_iDRAC_mark_font
18:27:15 | INFO: Primitives created: 1
18:27:15 | INFO: Extracting primitive: Node1_iDRAC_RJ45_dark_back_mesh
18:27:15 | INFO: Primitives created: 1
18:27:15 | INFO: Extracting primitive: Node1_iDRAC_RJ45_metal_cavity_mesh
18:27:15 | INFO: Primitives created: 1
18:27:15 | INFO: Extracting primitive: Node1_internal_air_shade_mesh
18:27:15 | INFO: Primitives created: 1
18:27:15 | INFO: Extracting primitive: Node1_latch_steel_back_mesh
18:27:15 | INFO: Primitives created: 1
18:27:15 | INFO: Extracting primitive: Node1_long_black_grip_dark_back_mesh
18:27:15 | INFO: Primitives created: 1
18:27:15 | INFO: Extracting primitive: Node1_long_black_grip_metal_cavity_mesh
18:27:15 | INFO: Primitives created: 1
18:27:15 | INFO: Extracting primitive: Node1_long_grip_folded_frame_mesh
18:27:15 | INFO: Primitives created: 1
18:27:15 | INFO: Extracting primitive: Node1_MicroUSB_dark_back_mesh
18:27:15 | INFO: Primitives created: 1
18:27:15 | INFO: Extracting primitive: Node1_MicroUSB_metal_cavity_mesh
18:27:15 | INFO: Primitives created: 1
18:27:15 | INFO: Extracting primitive: Node1_MicroUSB_service_mark_font
18:27:15 | INFO: Primitives created: 1
18:27:15 | INFO: Extracting primitive: Node1_MicroUSB_tongue_mesh
18:27:15 | INFO: Primitives created: 1
18:27:15 | INFO: Extracting primitive: Node1_MiniDisplayPort_dark_back_mesh
18:27:15 | INFO: Primitives created: 1
18:27:15 | INFO: Extracting primitive: Node1_MiniDisplayPort_metal_cavity_mesh
18:27:15 | INFO: Primitives created: 1
18:27:15 | INFO: Extracting primitive: Node1_MiniDP_inner_shield_dark_back_mesh
18:27:15 | INFO: Primitives created: 1
18:27:15 | INFO: Extracting primitive: Node1_MiniDP_inner_shield_metal_cavity_mesh
18:27:15 | INFO: Primitives created: 1
18:27:15 | INFO: Extracting primitive: Node1_MiniDP_tongue_mesh
18:27:15 | INFO: Primitives created: 1
18:27:15 | INFO: Extracting primitive: Node1_power_button_lens_mesh
18:27:15 | INFO: Primitives created: 1
18:27:15 | INFO: Extracting primitive: Node1_power_metal_rim_mesh
18:27:15 | INFO: Primitives created: 1
18:27:15 | INFO: Extracting primitive: Node1_punched_rear_skin_mesh
18:27:15 | INFO: Primitives created: 1
18:27:15 | INFO: Extracting primitive: Node1_RJ45_LED_lens_mesh
18:27:15 | INFO: Primitives created: 1
18:27:15 | INFO: Extracting primitive: Node1_RJ45_LED_lens_mesh.001
18:27:15 | INFO: Primitives created: 1
18:27:15 | INFO: Extracting primitive: Node1_RJ45_spring_contact_0_curve
18:27:15 | INFO: Primitives created: 1
18:27:15 | INFO: Extracting primitive: Node1_RJ45_spring_contact_1_curve
18:27:15 | INFO: Primitives created: 1
18:27:15 | INFO: Extracting primitive: Node1_RJ45_spring_contact_2_curve
18:27:15 | INFO: Primitives created: 1
18:27:15 | INFO: Extracting primitive: Node1_RJ45_spring_contact_3_curve
18:27:15 | INFO: Primitives created: 1
18:27:15 | INFO: Extracting primitive: Node1_RJ45_spring_contact_4_curve
18:27:15 | INFO: Primitives created: 1
18:27:15 | INFO: Extracting primitive: Node1_RJ45_spring_contact_5_curve
18:27:15 | INFO: Primitives created: 1
18:27:15 | INFO: Extracting primitive: Node1_RJ45_spring_contact_6_curve
18:27:15 | INFO: Primitives created: 1
18:27:15 | INFO: Extracting primitive: Node1_RJ45_spring_contact_7_curve
18:27:15 | INFO: Primitives created: 1
18:27:15 | INFO: Extracting primitive: Node1_SFP_0_connector_insert_mesh
18:27:15 | INFO: Primitives created: 1
18:27:15 | INFO: Extracting primitive: Node1_SFP_0_contact_0_mesh
18:27:15 | INFO: Primitives created: 1
18:27:15 | INFO: Extracting primitive: Node1_SFP_0_lower_flange_mesh
18:27:15 | INFO: Primitives created: 1
18:27:15 | INFO: Extracting primitive: Node1_SFP_0_side_spring_mesh
18:27:15 | INFO: Primitives created: 1
18:27:15 | INFO: Extracting primitive: Node1_SFP_0_top_tang_mesh
18:27:15 | INFO: Primitives created: 1
18:27:15 | INFO: Extracting primitive: Node1_SFP_cage_0_dark_back_mesh
18:27:15 | INFO: Primitives created: 1
18:27:15 | INFO: Extracting primitive: Node1_SFP_cage_0_metal_cavity_mesh
18:27:15 | INFO: Primitives created: 1
18:27:15 | INFO: Extracting primitive: Node1_SFP_index_0_font
18:27:15 | INFO: Primitives created: 1
18:27:15 | INFO: Extracting primitive: Node1_SFP_index_1_font
18:27:15 | INFO: Primitives created: 1
18:27:15 | INFO: Extracting primitive: Node1_tray_side_-1_mesh
18:27:15 | INFO: Primitives created: 1
18:27:15 | INFO: Extracting primitive: Node1_USB3A_0_blue_tongue_mesh
18:27:15 | INFO: Primitives created: 1
18:27:15 | INFO: Extracting primitive: Node1_USB3A_0_dark_back_mesh
18:27:15 | INFO: Primitives created: 1
18:27:15 | INFO: Extracting primitive: Node1_USB3A_0_front_contact_0_mesh
18:27:15 | INFO: Primitives created: 1
18:27:15 | INFO: Extracting primitive: Node1_USB3A_0_metal_cavity_mesh
18:27:15 | INFO: Primitives created: 1
18:27:15 | INFO: Extracting primitive: Node1_USB3A_0_rear_contact_0_mesh
18:27:15 | INFO: Primitives created: 1
18:27:15 | INFO: Extracting primitive: Node1_USB_black_mask_mesh
18:27:15 | INFO: Primitives created: 1
18:27:15 | INFO: Extracting primitive: Node1_USB_icon_arrow_mesh
18:27:15 | INFO: Primitives created: 1
18:27:15 | INFO: Extracting primitive: Node1_USB_icon_branchA_curve
18:27:15 | INFO: Primitives created: 1
18:27:15 | INFO: Extracting primitive: Node1_USB_icon_branchB_curve
18:27:15 | INFO: Primitives created: 1
18:27:15 | INFO: Extracting primitive: Node1_USB_icon_circle_mesh
18:27:15 | INFO: Primitives created: 1
18:27:15 | INFO: Extracting primitive: Node1_USB_icon_root_mesh
18:27:15 | INFO: Primitives created: 1
18:27:15 | INFO: Extracting primitive: Node1_USB_icon_square_mesh
18:27:15 | INFO: Primitives created: 1
18:27:15 | INFO: Extracting primitive: Node1_USB_icon_stem_curve
18:27:15 | INFO: Primitives created: 1
18:27:15 | INFO: Extracting primitive: Node1_USB_plate_fastener_recess_floor_mesh
18:27:15 | INFO: Primitives created: 1
18:27:15 | INFO: Extracting primitive: Node1_USB_plate_fastener_recessed_head_mesh
18:27:15 | INFO: Primitives created: 1
18:27:15 | INFO: Extracting primitive: Node1_USB_retention_spring_mesh
18:27:15 | INFO: Primitives created: 1
18:27:15 | INFO: Extracting primitive: Node1_vertical_rear_return_mesh
18:27:15 | INFO: Primitives created: 1
18:27:15 | INFO: Extracting primitive: Node1_visible_PCB_edge_mesh
18:27:15 | INFO: Primitives created: 1
18:27:15 | INFO: Extracting primitive: Node2_punched_rear_skin_mesh
18:27:16 | INFO: Primitives created: 1
18:27:16 | INFO: Extracting primitive: Node2_RJ45_spring_contact_0_curve
18:27:16 | INFO: Primitives created: 1
18:27:16 | INFO: Extracting primitive: Node2_RJ45_spring_contact_1_curve
18:27:16 | INFO: Primitives created: 1
18:27:16 | INFO: Extracting primitive: Node2_RJ45_spring_contact_2_curve
18:27:16 | INFO: Primitives created: 1
18:27:16 | INFO: Extracting primitive: Node2_RJ45_spring_contact_3_curve
18:27:16 | INFO: Primitives created: 1
18:27:16 | INFO: Extracting primitive: Node2_RJ45_spring_contact_4_curve
18:27:16 | INFO: Primitives created: 1
18:27:16 | INFO: Extracting primitive: Node2_RJ45_spring_contact_5_curve
18:27:16 | INFO: Primitives created: 1
18:27:16 | INFO: Extracting primitive: Node2_RJ45_spring_contact_6_curve
18:27:16 | INFO: Primitives created: 1
18:27:16 | INFO: Extracting primitive: Node2_RJ45_spring_contact_7_curve
18:27:16 | INFO: Primitives created: 1
18:27:16 | INFO: Extracting primitive: Node2_USB_icon_branchA_curve
18:27:16 | INFO: Primitives created: 1
18:27:16 | INFO: Extracting primitive: Node2_USB_icon_branchB_curve
18:27:16 | INFO: Primitives created: 1
18:27:16 | INFO: Extracting primitive: Node2_USB_icon_stem_curve
18:27:16 | INFO: Primitives created: 1
18:27:16 | INFO: Extracting primitive: Node3_punched_rear_skin_mesh
18:27:16 | INFO: Primitives created: 1
18:27:16 | INFO: Extracting primitive: Node3_RJ45_spring_contact_0_curve
18:27:16 | INFO: Primitives created: 1
18:27:16 | INFO: Extracting primitive: Node3_RJ45_spring_contact_1_curve
18:27:16 | INFO: Primitives created: 1
18:27:16 | INFO: Extracting primitive: Node3_RJ45_spring_contact_2_curve
18:27:16 | INFO: Primitives created: 1
18:27:16 | INFO: Extracting primitive: Node3_RJ45_spring_contact_3_curve
18:27:16 | INFO: Primitives created: 1
18:27:16 | INFO: Extracting primitive: Node3_RJ45_spring_contact_4_curve
18:27:16 | INFO: Primitives created: 1
18:27:16 | INFO: Extracting primitive: Node3_RJ45_spring_contact_5_curve
18:27:16 | INFO: Primitives created: 1
18:27:16 | INFO: Extracting primitive: Node3_RJ45_spring_contact_6_curve
18:27:16 | INFO: Primitives created: 1
18:27:16 | INFO: Extracting primitive: Node3_RJ45_spring_contact_7_curve
18:27:16 | INFO: Primitives created: 1
18:27:16 | INFO: Extracting primitive: Node3_USB_icon_branchA_curve
18:27:16 | INFO: Primitives created: 1
18:27:16 | INFO: Extracting primitive: Node3_USB_icon_branchB_curve
18:27:16 | INFO: Primitives created: 1
18:27:16 | INFO: Extracting primitive: Node3_USB_icon_stem_curve
18:27:16 | INFO: Primitives created: 1
18:27:16 | INFO: Extracting primitive: Node4_punched_rear_skin_mesh
18:27:16 | INFO: Primitives created: 1
18:27:16 | INFO: Extracting primitive: Node4_RJ45_spring_contact_0_curve
18:27:16 | INFO: Primitives created: 1
18:27:16 | INFO: Extracting primitive: Node4_RJ45_spring_contact_1_curve
18:27:16 | INFO: Primitives created: 1
18:27:16 | INFO: Extracting primitive: Node4_RJ45_spring_contact_2_curve
18:27:16 | INFO: Primitives created: 1
18:27:16 | INFO: Extracting primitive: Node4_RJ45_spring_contact_3_curve
18:27:16 | INFO: Primitives created: 1
18:27:16 | INFO: Extracting primitive: Node4_RJ45_spring_contact_4_curve
18:27:16 | INFO: Primitives created: 1
18:27:16 | INFO: Extracting primitive: Node4_RJ45_spring_contact_5_curve
18:27:16 | INFO: Primitives created: 1
18:27:16 | INFO: Extracting primitive: Node4_RJ45_spring_contact_6_curve
18:27:16 | INFO: Primitives created: 1
18:27:16 | INFO: Extracting primitive: Node4_RJ45_spring_contact_7_curve
18:27:16 | INFO: Primitives created: 1
18:27:16 | INFO: Extracting primitive: Node4_USB_icon_branchA_curve
18:27:16 | INFO: Primitives created: 1
18:27:16 | INFO: Extracting primitive: Node4_USB_icon_branchB_curve
18:27:16 | INFO: Primitives created: 1
18:27:16 | INFO: Extracting primitive: Node4_USB_icon_stem_curve
18:27:16 | INFO: Primitives created: 1
18:27:16 | INFO: Extracting primitive: Carrier00_activity_symbol_curve
18:27:16 | INFO: Primitives created: 1
18:27:16 | INFO: Extracting primitive: Carrier00_button_inner_face_mesh
18:27:16 | INFO: Primitives created: 1
18:27:16 | INFO: Extracting primitive: Carrier00_disk_symbol_mesh
18:27:16 | INFO: Primitives created: 1
18:27:16 | INFO: Extracting primitive: Carrier00_EMI_spring_-1_0_curve
18:27:16 | INFO: Primitives created: 1
18:27:16 | INFO: Extracting primitive: Carrier00_EMI_spring_-1_1_curve
18:27:16 | INFO: Primitives created: 1
18:27:16 | INFO: Extracting primitive: Carrier00_EMI_spring_-1_2_curve
18:27:16 | INFO: Primitives created: 1
18:27:16 | INFO: Extracting primitive: Carrier00_EMI_spring_-1_3_curve
18:27:16 | INFO: Primitives created: 1
18:27:16 | INFO: Extracting primitive: Carrier00_EMI_spring_-1_4_curve
18:27:16 | INFO: Primitives created: 1
18:27:16 | INFO: Extracting primitive: Carrier00_EMI_spring_-1_5_curve
18:27:16 | INFO: Primitives created: 1
18:27:16 | INFO: Extracting primitive: Carrier00_EMI_spring_-1_6_curve
18:27:16 | INFO: Primitives created: 1
18:27:16 | INFO: Extracting primitive: Carrier00_EMI_spring_-1_7_curve
18:27:16 | INFO: Primitives created: 1
18:27:16 | INFO: Extracting primitive: Carrier00_EMI_spring_-1_8_curve
18:27:16 | INFO: Primitives created: 1
18:27:16 | INFO: Extracting primitive: Carrier00_EMI_spring_1_0_curve
18:27:16 | INFO: Primitives created: 1
18:27:16 | INFO: Extracting primitive: Carrier00_EMI_spring_1_1_curve
18:27:16 | INFO: Primitives created: 1
18:27:16 | INFO: Extracting primitive: Carrier00_EMI_spring_1_2_curve
18:27:16 | INFO: Primitives created: 1
18:27:16 | INFO: Extracting primitive: Carrier00_EMI_spring_1_3_curve
18:27:16 | INFO: Primitives created: 1
18:27:16 | INFO: Extracting primitive: Carrier00_EMI_spring_1_4_curve
18:27:16 | INFO: Primitives created: 1
18:27:16 | INFO: Extracting primitive: Carrier00_EMI_spring_1_5_curve
18:27:16 | INFO: Primitives created: 1
18:27:16 | INFO: Extracting primitive: Carrier00_EMI_spring_1_6_curve
18:27:16 | INFO: Primitives created: 1
18:27:16 | INFO: Extracting primitive: Carrier00_EMI_spring_1_7_curve
18:27:16 | INFO: Primitives created: 1
18:27:16 | INFO: Extracting primitive: Carrier00_EMI_spring_1_8_curve
18:27:16 | INFO: Primitives created: 1
18:27:16 | INFO: Extracting primitive: Carrier00_fixed_outer_bezel_mesh
18:27:16 | INFO: Primitives created: 1
18:27:16 | INFO: Extracting primitive: Carrier00_fixed_vertical_land_mesh
18:27:16 | INFO: Primitives created: 1
18:27:16 | INFO: Extracting primitive: Carrier00_folded_runner_-1_mesh
18:27:16 | INFO: Primitives created: 1
18:27:16 | INFO: Extracting primitive: Carrier00_handle_top_thumb_land_mesh
18:27:16 | INFO: Primitives created: 1
18:27:16 | INFO: Extracting primitive: Carrier00_hinge_axle_mesh
18:27:16 | INFO: Primitives created: 1
18:27:16 | INFO: Extracting primitive: Carrier00_hinge_end_bracket_mesh
18:27:16 | INFO: Primitives created: 1
18:27:16 | INFO: Extracting primitive: Carrier00_hinge_return_spring_curve
18:27:16 | INFO: Primitives created: 1
18:27:16 | INFO: Extracting primitive: Carrier00_label_inset_pad_mesh
18:27:16 | INFO: Primitives created: 1
18:27:16 | INFO: Extracting primitive: Carrier00_silver_handle_frame_mesh
18:27:16 | INFO: Primitives created: 1
18:27:16 | INFO: Extracting primitive: Carrier00_three_window_handle_mesh
18:27:16 | INFO: Primitives created: 1
18:27:16 | INFO: Extracting primitive: Carrier00_indicator_strip_mesh
18:27:16 | INFO: Primitives created: 1
18:27:16 | INFO: Extracting primitive: Carrier00_orange_release_ring_mesh
18:27:16 | INFO: Primitives created: 1
18:27:16 | INFO: Extracting primitive: Carrier00_release_bezel_mesh
18:27:16 | INFO: Primitives created: 1
18:27:16 | INFO: Extracting primitive: Carrier00_round_release_button_mesh
18:27:16 | INFO: Primitives created: 1
18:27:16 | INFO: Extracting primitive: Carrier00_setback_dark_air_shade_mesh
18:27:16 | INFO: Primitives created: 1
18:27:16 | INFO: Extracting primitive: Carrier00_setback_honeycomb_mesh
18:27:16 | INFO: Primitives created: 1
18:27:16 | INFO: Extracting primitive: Carrier00_sheet_side_-1_mesh
18:27:16 | INFO: Primitives created: 1
18:27:16 | INFO: Extracting primitive: Carrier00_square_release_pad_mesh
18:27:16 | INFO: Primitives created: 1
18:27:16 | INFO: Extracting primitive: Carrier00_status_lens_0_mesh
18:27:16 | INFO: Primitives created: 1
18:27:16 | INFO: Extracting primitive: Drive00_metal_enclosure_mesh
18:27:16 | INFO: Primitives created: 1
18:27:16 | INFO: Extracting primitive: Carrier01_activity_symbol_curve
18:27:16 | INFO: Primitives created: 1
18:27:16 | INFO: Extracting primitive: Carrier01_EMI_spring_-1_0_curve
18:27:16 | INFO: Primitives created: 1
18:27:16 | INFO: Extracting primitive: Carrier01_EMI_spring_-1_1_curve
18:27:16 | INFO: Primitives created: 1
18:27:16 | INFO: Extracting primitive: Carrier01_EMI_spring_-1_2_curve
18:27:16 | INFO: Primitives created: 1
18:27:16 | INFO: Extracting primitive: Carrier01_EMI_spring_-1_3_curve
18:27:16 | INFO: Primitives created: 1
18:27:16 | INFO: Extracting primitive: Carrier01_EMI_spring_-1_4_curve
18:27:16 | INFO: Primitives created: 1
18:27:16 | INFO: Extracting primitive: Carrier01_EMI_spring_-1_5_curve
18:27:16 | INFO: Primitives created: 1
18:27:16 | INFO: Extracting primitive: Carrier01_EMI_spring_-1_6_curve
18:27:16 | INFO: Primitives created: 1
18:27:16 | INFO: Extracting primitive: Carrier01_EMI_spring_-1_7_curve
18:27:16 | INFO: Primitives created: 1
18:27:16 | INFO: Extracting primitive: Carrier01_EMI_spring_-1_8_curve
18:27:16 | INFO: Primitives created: 1
18:27:16 | INFO: Extracting primitive: Carrier01_EMI_spring_1_0_curve
18:27:16 | INFO: Primitives created: 1
18:27:16 | INFO: Extracting primitive: Carrier01_EMI_spring_1_1_curve
18:27:16 | INFO: Primitives created: 1
18:27:16 | INFO: Extracting primitive: Carrier01_EMI_spring_1_2_curve
18:27:16 | INFO: Primitives created: 1
18:27:16 | INFO: Extracting primitive: Carrier01_EMI_spring_1_3_curve
18:27:16 | INFO: Primitives created: 1
18:27:16 | INFO: Extracting primitive: Carrier01_EMI_spring_1_4_curve
18:27:16 | INFO: Primitives created: 1
18:27:16 | INFO: Extracting primitive: Carrier01_EMI_spring_1_5_curve
18:27:16 | INFO: Primitives created: 1
18:27:16 | INFO: Extracting primitive: Carrier01_EMI_spring_1_6_curve
18:27:16 | INFO: Primitives created: 1
18:27:16 | INFO: Extracting primitive: Carrier01_EMI_spring_1_7_curve
18:27:16 | INFO: Primitives created: 1
18:27:16 | INFO: Extracting primitive: Carrier01_EMI_spring_1_8_curve
18:27:16 | INFO: Primitives created: 1
18:27:16 | INFO: Extracting primitive: Carrier01_hinge_return_spring_curve
18:27:16 | INFO: Primitives created: 1
18:27:16 | INFO: Extracting primitive: Carrier02_activity_symbol_curve
18:27:16 | INFO: Primitives created: 1
18:27:16 | INFO: Extracting primitive: Carrier02_EMI_spring_-1_0_curve
18:27:16 | INFO: Primitives created: 1
18:27:16 | INFO: Extracting primitive: Carrier02_EMI_spring_-1_1_curve
18:27:16 | INFO: Primitives created: 1
18:27:16 | INFO: Extracting primitive: Carrier02_EMI_spring_-1_2_curve
18:27:16 | INFO: Primitives created: 1
18:27:16 | INFO: Extracting primitive: Carrier02_EMI_spring_-1_3_curve
18:27:17 | INFO: Primitives created: 1
18:27:17 | INFO: Extracting primitive: Carrier02_EMI_spring_-1_4_curve
18:27:17 | INFO: Primitives created: 1
18:27:17 | INFO: Extracting primitive: Carrier02_EMI_spring_-1_5_curve
18:27:17 | INFO: Primitives created: 1
18:27:17 | INFO: Extracting primitive: Carrier02_EMI_spring_-1_6_curve
18:27:17 | INFO: Primitives created: 1
18:27:17 | INFO: Extracting primitive: Carrier02_EMI_spring_-1_7_curve
18:27:17 | INFO: Primitives created: 1
18:27:17 | INFO: Extracting primitive: Carrier02_EMI_spring_-1_8_curve
18:27:17 | INFO: Primitives created: 1
18:27:17 | INFO: Extracting primitive: Carrier02_EMI_spring_1_0_curve
18:27:17 | INFO: Primitives created: 1
18:27:17 | INFO: Extracting primitive: Carrier02_EMI_spring_1_1_curve
18:27:17 | INFO: Primitives created: 1
18:27:17 | INFO: Extracting primitive: Carrier02_EMI_spring_1_2_curve
18:27:17 | INFO: Primitives created: 1
18:27:17 | INFO: Extracting primitive: Carrier02_EMI_spring_1_3_curve
18:27:17 | INFO: Primitives created: 1
18:27:17 | INFO: Extracting primitive: Carrier02_EMI_spring_1_4_curve
18:27:17 | INFO: Primitives created: 1
18:27:17 | INFO: Extracting primitive: Carrier02_EMI_spring_1_5_curve
18:27:17 | INFO: Primitives created: 1
18:27:17 | INFO: Extracting primitive: Carrier02_EMI_spring_1_6_curve
18:27:17 | INFO: Primitives created: 1
18:27:17 | INFO: Extracting primitive: Carrier02_EMI_spring_1_7_curve
18:27:17 | INFO: Primitives created: 1
18:27:17 | INFO: Extracting primitive: Carrier02_EMI_spring_1_8_curve
18:27:17 | INFO: Primitives created: 1
18:27:17 | INFO: Extracting primitive: Carrier02_hinge_return_spring_curve
18:27:17 | INFO: Primitives created: 1
18:27:17 | INFO: Extracting primitive: Carrier03_activity_symbol_curve
18:27:17 | INFO: Primitives created: 1
18:27:17 | INFO: Extracting primitive: Carrier03_EMI_spring_-1_0_curve
18:27:17 | INFO: Primitives created: 1
18:27:17 | INFO: Extracting primitive: Carrier03_EMI_spring_-1_1_curve
18:27:17 | INFO: Primitives created: 1
18:27:17 | INFO: Extracting primitive: Carrier03_EMI_spring_-1_2_curve
18:27:17 | INFO: Primitives created: 1
18:27:17 | INFO: Extracting primitive: Carrier03_EMI_spring_-1_3_curve
18:27:17 | INFO: Primitives created: 1
18:27:17 | INFO: Extracting primitive: Carrier03_EMI_spring_-1_4_curve
18:27:17 | INFO: Primitives created: 1
18:27:17 | INFO: Extracting primitive: Carrier03_EMI_spring_-1_5_curve
18:27:17 | INFO: Primitives created: 1
18:27:17 | INFO: Extracting primitive: Carrier03_EMI_spring_-1_6_curve
18:27:17 | INFO: Primitives created: 1
18:27:17 | INFO: Extracting primitive: Carrier03_EMI_spring_-1_7_curve
18:27:17 | INFO: Primitives created: 1
18:27:17 | INFO: Extracting primitive: Carrier03_EMI_spring_-1_8_curve
18:27:17 | INFO: Primitives created: 1
18:27:17 | INFO: Extracting primitive: Carrier03_EMI_spring_1_0_curve
18:27:17 | INFO: Primitives created: 1
18:27:17 | INFO: Extracting primitive: Carrier03_EMI_spring_1_1_curve
18:27:17 | INFO: Primitives created: 1
18:27:17 | INFO: Extracting primitive: Carrier03_EMI_spring_1_2_curve
18:27:17 | INFO: Primitives created: 1
18:27:17 | INFO: Extracting primitive: Carrier03_EMI_spring_1_3_curve
18:27:17 | INFO: Primitives created: 1
18:27:17 | INFO: Extracting primitive: Carrier03_EMI_spring_1_4_curve
18:27:17 | INFO: Primitives created: 1
18:27:17 | INFO: Extracting primitive: Carrier03_EMI_spring_1_5_curve
18:27:17 | INFO: Primitives created: 1
18:27:17 | INFO: Extracting primitive: Carrier03_EMI_spring_1_6_curve
18:27:17 | INFO: Primitives created: 1
18:27:17 | INFO: Extracting primitive: Carrier03_EMI_spring_1_7_curve
18:27:17 | INFO: Primitives created: 1
18:27:17 | INFO: Extracting primitive: Carrier03_EMI_spring_1_8_curve
18:27:17 | INFO: Primitives created: 1
18:27:17 | INFO: Extracting primitive: Carrier03_hinge_return_spring_curve
18:27:17 | INFO: Primitives created: 1
18:27:17 | INFO: Extracting primitive: Carrier04_activity_symbol_curve
18:27:17 | INFO: Primitives created: 1
18:27:17 | INFO: Extracting primitive: Carrier04_EMI_spring_-1_0_curve
18:27:17 | INFO: Primitives created: 1
18:27:17 | INFO: Extracting primitive: Carrier04_EMI_spring_-1_1_curve
18:27:17 | INFO: Primitives created: 1
18:27:17 | INFO: Extracting primitive: Carrier04_EMI_spring_-1_2_curve
18:27:17 | INFO: Primitives created: 1
18:27:17 | INFO: Extracting primitive: Carrier04_EMI_spring_-1_3_curve
18:27:17 | INFO: Primitives created: 1
18:27:17 | INFO: Extracting primitive: Carrier04_EMI_spring_-1_4_curve
18:27:17 | INFO: Primitives created: 1
18:27:17 | INFO: Extracting primitive: Carrier04_EMI_spring_-1_5_curve
18:27:17 | INFO: Primitives created: 1
18:27:17 | INFO: Extracting primitive: Carrier04_EMI_spring_-1_6_curve
18:27:17 | INFO: Primitives created: 1
18:27:17 | INFO: Extracting primitive: Carrier04_EMI_spring_-1_7_curve
18:27:17 | INFO: Primitives created: 1
18:27:17 | INFO: Extracting primitive: Carrier04_EMI_spring_-1_8_curve
18:27:17 | INFO: Primitives created: 1
18:27:17 | INFO: Extracting primitive: Carrier04_EMI_spring_1_0_curve
18:27:17 | INFO: Primitives created: 1
18:27:17 | INFO: Extracting primitive: Carrier04_EMI_spring_1_1_curve
18:27:17 | INFO: Primitives created: 1
18:27:17 | INFO: Extracting primitive: Carrier04_EMI_spring_1_2_curve
18:27:17 | INFO: Primitives created: 1
18:27:17 | INFO: Extracting primitive: Carrier04_EMI_spring_1_3_curve
18:27:17 | INFO: Primitives created: 1
18:27:17 | INFO: Extracting primitive: Carrier04_EMI_spring_1_4_curve
18:27:17 | INFO: Primitives created: 1
18:27:17 | INFO: Extracting primitive: Carrier04_EMI_spring_1_5_curve
18:27:17 | INFO: Primitives created: 1
18:27:17 | INFO: Extracting primitive: Carrier04_EMI_spring_1_6_curve
18:27:17 | INFO: Primitives created: 1
18:27:17 | INFO: Extracting primitive: Carrier04_EMI_spring_1_7_curve
18:27:17 | INFO: Primitives created: 1
18:27:17 | INFO: Extracting primitive: Carrier04_EMI_spring_1_8_curve
18:27:17 | INFO: Primitives created: 1
18:27:17 | INFO: Extracting primitive: Carrier04_hinge_return_spring_curve
18:27:17 | INFO: Primitives created: 1
18:27:17 | INFO: Extracting primitive: Carrier05_activity_symbol_curve
18:27:17 | INFO: Primitives created: 1
18:27:17 | INFO: Extracting primitive: Carrier05_EMI_spring_-1_0_curve
18:27:17 | INFO: Primitives created: 1
18:27:17 | INFO: Extracting primitive: Carrier05_EMI_spring_-1_1_curve
18:27:17 | INFO: Primitives created: 1
18:27:17 | INFO: Extracting primitive: Carrier05_EMI_spring_-1_2_curve
18:27:17 | INFO: Primitives created: 1
18:27:17 | INFO: Extracting primitive: Carrier05_EMI_spring_-1_3_curve
18:27:17 | INFO: Primitives created: 1
18:27:17 | INFO: Extracting primitive: Carrier05_EMI_spring_-1_4_curve
18:27:17 | INFO: Primitives created: 1
18:27:17 | INFO: Extracting primitive: Carrier05_EMI_spring_-1_5_curve
18:27:17 | INFO: Primitives created: 1
18:27:17 | INFO: Extracting primitive: Carrier05_EMI_spring_-1_6_curve
18:27:17 | INFO: Primitives created: 1
18:27:17 | INFO: Extracting primitive: Carrier05_EMI_spring_-1_7_curve
18:27:17 | INFO: Primitives created: 1
18:27:17 | INFO: Extracting primitive: Carrier05_EMI_spring_-1_8_curve
18:27:17 | INFO: Primitives created: 1
18:27:17 | INFO: Extracting primitive: Carrier05_EMI_spring_1_0_curve
18:27:17 | INFO: Primitives created: 1
18:27:17 | INFO: Extracting primitive: Carrier05_EMI_spring_1_1_curve
18:27:17 | INFO: Primitives created: 1
18:27:17 | INFO: Extracting primitive: Carrier05_EMI_spring_1_2_curve
18:27:17 | INFO: Primitives created: 1
18:27:17 | INFO: Extracting primitive: Carrier05_EMI_spring_1_3_curve
18:27:17 | INFO: Primitives created: 1
18:27:17 | INFO: Extracting primitive: Carrier05_EMI_spring_1_4_curve
18:27:17 | INFO: Primitives created: 1
18:27:17 | INFO: Extracting primitive: Carrier05_EMI_spring_1_5_curve
18:27:17 | INFO: Primitives created: 1
18:27:17 | INFO: Extracting primitive: Carrier05_EMI_spring_1_6_curve
18:27:17 | INFO: Primitives created: 1
18:27:17 | INFO: Extracting primitive: Carrier05_EMI_spring_1_7_curve
18:27:17 | INFO: Primitives created: 1
18:27:17 | INFO: Extracting primitive: Carrier05_EMI_spring_1_8_curve
18:27:17 | INFO: Primitives created: 1
18:27:17 | INFO: Extracting primitive: Carrier05_hinge_return_spring_curve
18:27:17 | INFO: Primitives created: 1
18:27:17 | INFO: Extracting primitive: Carrier06_activity_symbol_curve
18:27:17 | INFO: Primitives created: 1
18:27:17 | INFO: Extracting primitive: Carrier06_EMI_spring_-1_0_curve
18:27:17 | INFO: Primitives created: 1
18:27:17 | INFO: Extracting primitive: Carrier06_EMI_spring_-1_1_curve
18:27:17 | INFO: Primitives created: 1
18:27:17 | INFO: Extracting primitive: Carrier06_EMI_spring_-1_2_curve
18:27:17 | INFO: Primitives created: 1
18:27:17 | INFO: Extracting primitive: Carrier06_EMI_spring_-1_3_curve
18:27:17 | INFO: Primitives created: 1
18:27:17 | INFO: Extracting primitive: Carrier06_EMI_spring_-1_4_curve
18:27:17 | INFO: Primitives created: 1
18:27:17 | INFO: Extracting primitive: Carrier06_EMI_spring_-1_5_curve
18:27:17 | INFO: Primitives created: 1
18:27:17 | INFO: Extracting primitive: Carrier06_EMI_spring_-1_6_curve
18:27:17 | INFO: Primitives created: 1
18:27:17 | INFO: Extracting primitive: Carrier06_EMI_spring_-1_7_curve
18:27:17 | INFO: Primitives created: 1
18:27:17 | INFO: Extracting primitive: Carrier06_EMI_spring_-1_8_curve
18:27:17 | INFO: Primitives created: 1
18:27:17 | INFO: Extracting primitive: Carrier06_EMI_spring_1_0_curve
18:27:17 | INFO: Primitives created: 1
18:27:17 | INFO: Extracting primitive: Carrier06_EMI_spring_1_1_curve
18:27:17 | INFO: Primitives created: 1
18:27:17 | INFO: Extracting primitive: Carrier06_EMI_spring_1_2_curve
18:27:17 | INFO: Primitives created: 1
18:27:17 | INFO: Extracting primitive: Carrier06_EMI_spring_1_3_curve
18:27:17 | INFO: Primitives created: 1
18:27:17 | INFO: Extracting primitive: Carrier06_EMI_spring_1_4_curve
18:27:17 | INFO: Primitives created: 1
18:27:17 | INFO: Extracting primitive: Carrier06_EMI_spring_1_5_curve
18:27:17 | INFO: Primitives created: 1
18:27:17 | INFO: Extracting primitive: Carrier06_EMI_spring_1_6_curve
18:27:17 | INFO: Primitives created: 1
18:27:17 | INFO: Extracting primitive: Carrier06_EMI_spring_1_7_curve
18:27:17 | INFO: Primitives created: 1
18:27:17 | INFO: Extracting primitive: Carrier06_EMI_spring_1_8_curve
18:27:17 | INFO: Primitives created: 1
18:27:17 | INFO: Extracting primitive: Carrier06_hinge_return_spring_curve
18:27:17 | INFO: Primitives created: 1
18:27:17 | INFO: Extracting primitive: Carrier07_activity_symbol_curve
18:27:17 | INFO: Primitives created: 1
18:27:17 | INFO: Extracting primitive: Carrier07_EMI_spring_-1_0_curve
18:27:17 | INFO: Primitives created: 1
18:27:17 | INFO: Extracting primitive: Carrier07_EMI_spring_-1_1_curve
18:27:17 | INFO: Primitives created: 1
18:27:17 | INFO: Extracting primitive: Carrier07_EMI_spring_-1_2_curve
18:27:17 | INFO: Primitives created: 1
18:27:17 | INFO: Extracting primitive: Carrier07_EMI_spring_-1_3_curve
18:27:17 | INFO: Primitives created: 1
18:27:17 | INFO: Extracting primitive: Carrier07_EMI_spring_-1_4_curve
18:27:17 | INFO: Primitives created: 1
18:27:17 | INFO: Extracting primitive: Carrier07_EMI_spring_-1_5_curve
18:27:17 | INFO: Primitives created: 1
18:27:17 | INFO: Extracting primitive: Carrier07_EMI_spring_-1_6_curve
18:27:17 | INFO: Primitives created: 1
18:27:17 | INFO: Extracting primitive: Carrier07_EMI_spring_-1_7_curve
18:27:17 | INFO: Primitives created: 1
18:27:17 | INFO: Extracting primitive: Carrier07_EMI_spring_-1_8_curve
18:27:17 | INFO: Primitives created: 1
18:27:17 | INFO: Extracting primitive: Carrier07_EMI_spring_1_0_curve
18:27:17 | INFO: Primitives created: 1
18:27:17 | INFO: Extracting primitive: Carrier07_EMI_spring_1_1_curve
18:27:17 | INFO: Primitives created: 1
18:27:17 | INFO: Extracting primitive: Carrier07_EMI_spring_1_2_curve
18:27:17 | INFO: Primitives created: 1
18:27:17 | INFO: Extracting primitive: Carrier07_EMI_spring_1_3_curve
18:27:17 | INFO: Primitives created: 1
18:27:17 | INFO: Extracting primitive: Carrier07_EMI_spring_1_4_curve
18:27:17 | INFO: Primitives created: 1
18:27:17 | INFO: Extracting primitive: Carrier07_EMI_spring_1_5_curve
18:27:17 | INFO: Primitives created: 1
18:27:17 | INFO: Extracting primitive: Carrier07_EMI_spring_1_6_curve
18:27:17 | INFO: Primitives created: 1
18:27:17 | INFO: Extracting primitive: Carrier07_EMI_spring_1_7_curve
18:27:17 | INFO: Primitives created: 1
18:27:17 | INFO: Extracting primitive: Carrier07_EMI_spring_1_8_curve
18:27:17 | INFO: Primitives created: 1
18:27:17 | INFO: Extracting primitive: Carrier07_hinge_return_spring_curve
18:27:17 | INFO: Primitives created: 1
18:27:17 | INFO: Extracting primitive: Carrier08_activity_symbol_curve
18:27:17 | INFO: Primitives created: 1
18:27:17 | INFO: Extracting primitive: Carrier08_EMI_spring_-1_0_curve
18:27:17 | INFO: Primitives created: 1
18:27:17 | INFO: Extracting primitive: Carrier08_EMI_spring_-1_1_curve
18:27:17 | INFO: Primitives created: 1
18:27:17 | INFO: Extracting primitive: Carrier08_EMI_spring_-1_2_curve
18:27:17 | INFO: Primitives created: 1
18:27:17 | INFO: Extracting primitive: Carrier08_EMI_spring_-1_3_curve
18:27:17 | INFO: Primitives created: 1
18:27:17 | INFO: Extracting primitive: Carrier08_EMI_spring_-1_4_curve
18:27:17 | INFO: Primitives created: 1
18:27:17 | INFO: Extracting primitive: Carrier08_EMI_spring_-1_5_curve
18:27:17 | INFO: Primitives created: 1
18:27:17 | INFO: Extracting primitive: Carrier08_EMI_spring_-1_6_curve
18:27:17 | INFO: Primitives created: 1
18:27:17 | INFO: Extracting primitive: Carrier08_EMI_spring_-1_7_curve
18:27:17 | INFO: Primitives created: 1
18:27:17 | INFO: Extracting primitive: Carrier08_EMI_spring_-1_8_curve
18:27:17 | INFO: Primitives created: 1
18:27:17 | INFO: Extracting primitive: Carrier08_EMI_spring_1_0_curve
18:27:17 | INFO: Primitives created: 1
18:27:17 | INFO: Extracting primitive: Carrier08_EMI_spring_1_1_curve
18:27:17 | INFO: Primitives created: 1
18:27:17 | INFO: Extracting primitive: Carrier08_EMI_spring_1_2_curve
18:27:17 | INFO: Primitives created: 1
18:27:17 | INFO: Extracting primitive: Carrier08_EMI_spring_1_3_curve
18:27:17 | INFO: Primitives created: 1
18:27:17 | INFO: Extracting primitive: Carrier08_EMI_spring_1_4_curve
18:27:17 | INFO: Primitives created: 1
18:27:17 | INFO: Extracting primitive: Carrier08_EMI_spring_1_5_curve
18:27:17 | INFO: Primitives created: 1
18:27:17 | INFO: Extracting primitive: Carrier08_EMI_spring_1_6_curve
18:27:17 | INFO: Primitives created: 1
18:27:17 | INFO: Extracting primitive: Carrier08_EMI_spring_1_7_curve
18:27:17 | INFO: Primitives created: 1
18:27:17 | INFO: Extracting primitive: Carrier08_EMI_spring_1_8_curve
18:27:17 | INFO: Primitives created: 1
18:27:17 | INFO: Extracting primitive: Carrier08_hinge_return_spring_curve
18:27:17 | INFO: Primitives created: 1
18:27:17 | INFO: Extracting primitive: Carrier09_activity_symbol_curve
18:27:17 | INFO: Primitives created: 1
18:27:17 | INFO: Extracting primitive: Carrier09_EMI_spring_-1_0_curve
18:27:17 | INFO: Primitives created: 1
18:27:17 | INFO: Extracting primitive: Carrier09_EMI_spring_-1_1_curve
18:27:17 | INFO: Primitives created: 1
18:27:17 | INFO: Extracting primitive: Carrier09_EMI_spring_-1_2_curve
18:27:17 | INFO: Primitives created: 1
18:27:17 | INFO: Extracting primitive: Carrier09_EMI_spring_-1_3_curve
18:27:17 | INFO: Primitives created: 1
18:27:17 | INFO: Extracting primitive: Carrier09_EMI_spring_-1_4_curve
18:27:17 | INFO: Primitives created: 1
18:27:17 | INFO: Extracting primitive: Carrier09_EMI_spring_-1_5_curve
18:27:17 | INFO: Primitives created: 1
18:27:17 | INFO: Extracting primitive: Carrier09_EMI_spring_-1_6_curve
18:27:17 | INFO: Primitives created: 1
18:27:17 | INFO: Extracting primitive: Carrier09_EMI_spring_-1_7_curve
18:27:17 | INFO: Primitives created: 1
18:27:17 | INFO: Extracting primitive: Carrier09_EMI_spring_-1_8_curve
18:27:17 | INFO: Primitives created: 1
18:27:17 | INFO: Extracting primitive: Carrier09_EMI_spring_1_0_curve
18:27:17 | INFO: Primitives created: 1
18:27:17 | INFO: Extracting primitive: Carrier09_EMI_spring_1_1_curve
18:27:17 | INFO: Primitives created: 1
18:27:17 | INFO: Extracting primitive: Carrier09_EMI_spring_1_2_curve
18:27:17 | INFO: Primitives created: 1
18:27:17 | INFO: Extracting primitive: Carrier09_EMI_spring_1_3_curve
18:27:17 | INFO: Primitives created: 1
18:27:17 | INFO: Extracting primitive: Carrier09_EMI_spring_1_4_curve
18:27:17 | INFO: Primitives created: 1
18:27:17 | INFO: Extracting primitive: Carrier09_EMI_spring_1_5_curve
18:27:17 | INFO: Primitives created: 1
18:27:17 | INFO: Extracting primitive: Carrier09_EMI_spring_1_6_curve
18:27:17 | INFO: Primitives created: 1
18:27:17 | INFO: Extracting primitive: Carrier09_EMI_spring_1_7_curve
18:27:17 | INFO: Primitives created: 1
18:27:17 | INFO: Extracting primitive: Carrier09_EMI_spring_1_8_curve
18:27:17 | INFO: Primitives created: 1
18:27:17 | INFO: Extracting primitive: Carrier09_hinge_return_spring_curve
18:27:17 | INFO: Primitives created: 1
18:27:17 | INFO: Extracting primitive: Carrier10_activity_symbol_curve
18:27:17 | INFO: Primitives created: 1
18:27:17 | INFO: Extracting primitive: Carrier10_EMI_spring_-1_0_curve
18:27:17 | INFO: Primitives created: 1
18:27:17 | INFO: Extracting primitive: Carrier10_EMI_spring_-1_1_curve
18:27:17 | INFO: Primitives created: 1
18:27:17 | INFO: Extracting primitive: Carrier10_EMI_spring_-1_2_curve
18:27:17 | INFO: Primitives created: 1
18:27:17 | INFO: Extracting primitive: Carrier10_EMI_spring_-1_3_curve
18:27:17 | INFO: Primitives created: 1
18:27:17 | INFO: Extracting primitive: Carrier10_EMI_spring_-1_4_curve
18:27:17 | INFO: Primitives created: 1
18:27:17 | INFO: Extracting primitive: Carrier10_EMI_spring_-1_5_curve
18:27:17 | INFO: Primitives created: 1
18:27:17 | INFO: Extracting primitive: Carrier10_EMI_spring_-1_6_curve
18:27:17 | INFO: Primitives created: 1
18:27:17 | INFO: Extracting primitive: Carrier10_EMI_spring_-1_7_curve
18:27:17 | INFO: Primitives created: 1
18:27:17 | INFO: Extracting primitive: Carrier10_EMI_spring_-1_8_curve
18:27:17 | INFO: Primitives created: 1
18:27:17 | INFO: Extracting primitive: Carrier10_EMI_spring_1_0_curve
18:27:17 | INFO: Primitives created: 1
18:27:17 | INFO: Extracting primitive: Carrier10_EMI_spring_1_1_curve
18:27:17 | INFO: Primitives created: 1
18:27:17 | INFO: Extracting primitive: Carrier10_EMI_spring_1_2_curve
18:27:17 | INFO: Primitives created: 1
18:27:17 | INFO: Extracting primitive: Carrier10_EMI_spring_1_3_curve
18:27:17 | INFO: Primitives created: 1
18:27:17 | INFO: Extracting primitive: Carrier10_EMI_spring_1_4_curve
18:27:17 | INFO: Primitives created: 1
18:27:17 | INFO: Extracting primitive: Carrier10_EMI_spring_1_5_curve
18:27:17 | INFO: Primitives created: 1
18:27:17 | INFO: Extracting primitive: Carrier10_EMI_spring_1_6_curve
18:27:17 | INFO: Primitives created: 1
18:27:17 | INFO: Extracting primitive: Carrier10_EMI_spring_1_7_curve
18:27:17 | INFO: Primitives created: 1
18:27:17 | INFO: Extracting primitive: Carrier10_EMI_spring_1_8_curve
18:27:17 | INFO: Primitives created: 1
18:27:17 | INFO: Extracting primitive: Carrier10_hinge_return_spring_curve
18:27:17 | INFO: Primitives created: 1
18:27:17 | INFO: Extracting primitive: Carrier11_activity_symbol_curve
18:27:17 | INFO: Primitives created: 1
18:27:17 | INFO: Extracting primitive: Carrier11_EMI_spring_-1_0_curve
18:27:17 | INFO: Primitives created: 1
18:27:17 | INFO: Extracting primitive: Carrier11_EMI_spring_-1_1_curve
18:27:17 | INFO: Primitives created: 1
18:27:17 | INFO: Extracting primitive: Carrier11_EMI_spring_-1_2_curve
18:27:17 | INFO: Primitives created: 1
18:27:17 | INFO: Extracting primitive: Carrier11_EMI_spring_-1_3_curve
18:27:17 | INFO: Primitives created: 1
18:27:17 | INFO: Extracting primitive: Carrier11_EMI_spring_-1_4_curve
18:27:17 | INFO: Primitives created: 1
18:27:17 | INFO: Extracting primitive: Carrier11_EMI_spring_-1_5_curve
18:27:17 | INFO: Primitives created: 1
18:27:17 | INFO: Extracting primitive: Carrier11_EMI_spring_-1_6_curve
18:27:17 | INFO: Primitives created: 1
18:27:17 | INFO: Extracting primitive: Carrier11_EMI_spring_-1_7_curve
18:27:17 | INFO: Primitives created: 1
18:27:17 | INFO: Extracting primitive: Carrier11_EMI_spring_-1_8_curve
18:27:17 | INFO: Primitives created: 1
18:27:17 | INFO: Extracting primitive: Carrier11_EMI_spring_1_0_curve
18:27:17 | INFO: Primitives created: 1
18:27:17 | INFO: Extracting primitive: Carrier11_EMI_spring_1_1_curve
18:27:17 | INFO: Primitives created: 1
18:27:17 | INFO: Extracting primitive: Carrier11_EMI_spring_1_2_curve
18:27:17 | INFO: Primitives created: 1
18:27:17 | INFO: Extracting primitive: Carrier11_EMI_spring_1_3_curve
18:27:17 | INFO: Primitives created: 1
18:27:17 | INFO: Extracting primitive: Carrier11_EMI_spring_1_4_curve
18:27:17 | INFO: Primitives created: 1
18:27:17 | INFO: Extracting primitive: Carrier11_EMI_spring_1_5_curve
18:27:17 | INFO: Primitives created: 1
18:27:17 | INFO: Extracting primitive: Carrier11_EMI_spring_1_6_curve
18:27:17 | INFO: Primitives created: 1
18:27:17 | INFO: Extracting primitive: Carrier11_EMI_spring_1_7_curve
18:27:17 | INFO: Primitives created: 1
18:27:17 | INFO: Extracting primitive: Carrier11_EMI_spring_1_8_curve
18:27:17 | INFO: Primitives created: 1
18:27:17 | INFO: Extracting primitive: Carrier11_hinge_return_spring_curve
18:27:17 | INFO: Primitives created: 1
18:27:17 | INFO: Extracting primitive: Carrier12_activity_symbol_curve
18:27:17 | INFO: Primitives created: 1
18:27:17 | INFO: Extracting primitive: Carrier12_EMI_spring_-1_0_curve
18:27:17 | INFO: Primitives created: 1
18:27:17 | INFO: Extracting primitive: Carrier12_EMI_spring_-1_1_curve
18:27:17 | INFO: Primitives created: 1
18:27:17 | INFO: Extracting primitive: Carrier12_EMI_spring_-1_2_curve
18:27:17 | INFO: Primitives created: 1
18:27:17 | INFO: Extracting primitive: Carrier12_EMI_spring_-1_3_curve
18:27:17 | INFO: Primitives created: 1
18:27:17 | INFO: Extracting primitive: Carrier12_EMI_spring_-1_4_curve
18:27:17 | INFO: Primitives created: 1
18:27:17 | INFO: Extracting primitive: Carrier12_EMI_spring_-1_5_curve
18:27:17 | INFO: Primitives created: 1
18:27:17 | INFO: Extracting primitive: Carrier12_EMI_spring_-1_6_curve
18:27:17 | INFO: Primitives created: 1
18:27:17 | INFO: Extracting primitive: Carrier12_EMI_spring_-1_7_curve
18:27:17 | INFO: Primitives created: 1
18:27:17 | INFO: Extracting primitive: Carrier12_EMI_spring_-1_8_curve
18:27:17 | INFO: Primitives created: 1
18:27:17 | INFO: Extracting primitive: Carrier12_EMI_spring_1_0_curve
18:27:17 | INFO: Primitives created: 1
18:27:17 | INFO: Extracting primitive: Carrier12_EMI_spring_1_1_curve
18:27:17 | INFO: Primitives created: 1
18:27:17 | INFO: Extracting primitive: Carrier12_EMI_spring_1_2_curve
18:27:17 | INFO: Primitives created: 1
18:27:17 | INFO: Extracting primitive: Carrier12_EMI_spring_1_3_curve
18:27:17 | INFO: Primitives created: 1
18:27:17 | INFO: Extracting primitive: Carrier12_EMI_spring_1_4_curve
18:27:17 | INFO: Primitives created: 1
18:27:17 | INFO: Extracting primitive: Carrier12_EMI_spring_1_5_curve
18:27:17 | INFO: Primitives created: 1
18:27:17 | INFO: Extracting primitive: Carrier12_EMI_spring_1_6_curve
18:27:17 | INFO: Primitives created: 1
18:27:17 | INFO: Extracting primitive: Carrier12_EMI_spring_1_7_curve
18:27:17 | INFO: Primitives created: 1
18:27:17 | INFO: Extracting primitive: Carrier12_EMI_spring_1_8_curve
18:27:17 | INFO: Primitives created: 1
18:27:17 | INFO: Extracting primitive: Carrier12_hinge_return_spring_curve
18:27:17 | INFO: Primitives created: 1
18:27:17 | INFO: Extracting primitive: Carrier13_activity_symbol_curve
18:27:17 | INFO: Primitives created: 1
18:27:17 | INFO: Extracting primitive: Carrier13_EMI_spring_-1_0_curve
18:27:17 | INFO: Primitives created: 1
18:27:17 | INFO: Extracting primitive: Carrier13_EMI_spring_-1_1_curve
18:27:17 | INFO: Primitives created: 1
18:27:17 | INFO: Extracting primitive: Carrier13_EMI_spring_-1_2_curve
18:27:17 | INFO: Primitives created: 1
18:27:17 | INFO: Extracting primitive: Carrier13_EMI_spring_-1_3_curve
18:27:17 | INFO: Primitives created: 1
18:27:17 | INFO: Extracting primitive: Carrier13_EMI_spring_-1_4_curve
18:27:17 | INFO: Primitives created: 1
18:27:17 | INFO: Extracting primitive: Carrier13_EMI_spring_-1_5_curve
18:27:17 | INFO: Primitives created: 1
18:27:17 | INFO: Extracting primitive: Carrier13_EMI_spring_-1_6_curve
18:27:17 | INFO: Primitives created: 1
18:27:17 | INFO: Extracting primitive: Carrier13_EMI_spring_-1_7_curve
18:27:17 | INFO: Primitives created: 1
18:27:17 | INFO: Extracting primitive: Carrier13_EMI_spring_-1_8_curve
18:27:17 | INFO: Primitives created: 1
18:27:17 | INFO: Extracting primitive: Carrier13_EMI_spring_1_0_curve
18:27:17 | INFO: Primitives created: 1
18:27:17 | INFO: Extracting primitive: Carrier13_EMI_spring_1_1_curve
18:27:17 | INFO: Primitives created: 1
18:27:17 | INFO: Extracting primitive: Carrier13_EMI_spring_1_2_curve
18:27:17 | INFO: Primitives created: 1
18:27:17 | INFO: Extracting primitive: Carrier13_EMI_spring_1_3_curve
18:27:17 | INFO: Primitives created: 1
18:27:17 | INFO: Extracting primitive: Carrier13_EMI_spring_1_4_curve
18:27:17 | INFO: Primitives created: 1
18:27:17 | INFO: Extracting primitive: Carrier13_EMI_spring_1_5_curve
18:27:17 | INFO: Primitives created: 1
18:27:17 | INFO: Extracting primitive: Carrier13_EMI_spring_1_6_curve
18:27:17 | INFO: Primitives created: 1
18:27:17 | INFO: Extracting primitive: Carrier13_EMI_spring_1_7_curve
18:27:17 | INFO: Primitives created: 1
18:27:17 | INFO: Extracting primitive: Carrier13_EMI_spring_1_8_curve
18:27:17 | INFO: Primitives created: 1
18:27:17 | INFO: Extracting primitive: Carrier13_hinge_return_spring_curve
18:27:17 | INFO: Primitives created: 1
18:27:17 | INFO: Extracting primitive: Carrier14_activity_symbol_curve
18:27:17 | INFO: Primitives created: 1
18:27:17 | INFO: Extracting primitive: Carrier14_EMI_spring_-1_0_curve
18:27:17 | INFO: Primitives created: 1
18:27:17 | INFO: Extracting primitive: Carrier14_EMI_spring_-1_1_curve
18:27:17 | INFO: Primitives created: 1
18:27:17 | INFO: Extracting primitive: Carrier14_EMI_spring_-1_2_curve
18:27:17 | INFO: Primitives created: 1
18:27:17 | INFO: Extracting primitive: Carrier14_EMI_spring_-1_3_curve
18:27:17 | INFO: Primitives created: 1
18:27:17 | INFO: Extracting primitive: Carrier14_EMI_spring_-1_4_curve
18:27:17 | INFO: Primitives created: 1
18:27:17 | INFO: Extracting primitive: Carrier14_EMI_spring_-1_5_curve
18:27:17 | INFO: Primitives created: 1
18:27:17 | INFO: Extracting primitive: Carrier14_EMI_spring_-1_6_curve
18:27:17 | INFO: Primitives created: 1
18:27:17 | INFO: Extracting primitive: Carrier14_EMI_spring_-1_7_curve
18:27:17 | INFO: Primitives created: 1
18:27:17 | INFO: Extracting primitive: Carrier14_EMI_spring_-1_8_curve
18:27:17 | INFO: Primitives created: 1
18:27:17 | INFO: Extracting primitive: Carrier14_EMI_spring_1_0_curve
18:27:17 | INFO: Primitives created: 1
18:27:17 | INFO: Extracting primitive: Carrier14_EMI_spring_1_1_curve
18:27:17 | INFO: Primitives created: 1
18:27:17 | INFO: Extracting primitive: Carrier14_EMI_spring_1_2_curve
18:27:17 | INFO: Primitives created: 1
18:27:17 | INFO: Extracting primitive: Carrier14_EMI_spring_1_3_curve
18:27:17 | INFO: Primitives created: 1
18:27:17 | INFO: Extracting primitive: Carrier14_EMI_spring_1_4_curve
18:27:17 | INFO: Primitives created: 1
18:27:17 | INFO: Extracting primitive: Carrier14_EMI_spring_1_5_curve
18:27:17 | INFO: Primitives created: 1
18:27:17 | INFO: Extracting primitive: Carrier14_EMI_spring_1_6_curve
18:27:17 | INFO: Primitives created: 1
18:27:17 | INFO: Extracting primitive: Carrier14_EMI_spring_1_7_curve
18:27:17 | INFO: Primitives created: 1
18:27:17 | INFO: Extracting primitive: Carrier14_EMI_spring_1_8_curve
18:27:17 | INFO: Primitives created: 1
18:27:17 | INFO: Extracting primitive: Carrier14_hinge_return_spring_curve
18:27:17 | INFO: Primitives created: 1
18:27:17 | INFO: Extracting primitive: Carrier15_activity_symbol_curve
18:27:17 | INFO: Primitives created: 1
18:27:17 | INFO: Extracting primitive: Carrier15_EMI_spring_-1_0_curve
18:27:17 | INFO: Primitives created: 1
18:27:17 | INFO: Extracting primitive: Carrier15_EMI_spring_-1_1_curve
18:27:17 | INFO: Primitives created: 1
18:27:17 | INFO: Extracting primitive: Carrier15_EMI_spring_-1_2_curve
18:27:17 | INFO: Primitives created: 1
18:27:17 | INFO: Extracting primitive: Carrier15_EMI_spring_-1_3_curve
18:27:17 | INFO: Primitives created: 1
18:27:17 | INFO: Extracting primitive: Carrier15_EMI_spring_-1_4_curve
18:27:17 | INFO: Primitives created: 1
18:27:17 | INFO: Extracting primitive: Carrier15_EMI_spring_-1_5_curve
18:27:17 | INFO: Primitives created: 1
18:27:17 | INFO: Extracting primitive: Carrier15_EMI_spring_-1_6_curve
18:27:17 | INFO: Primitives created: 1
18:27:17 | INFO: Extracting primitive: Carrier15_EMI_spring_-1_7_curve
18:27:17 | INFO: Primitives created: 1
18:27:17 | INFO: Extracting primitive: Carrier15_EMI_spring_-1_8_curve
18:27:17 | INFO: Primitives created: 1
18:27:17 | INFO: Extracting primitive: Carrier15_EMI_spring_1_0_curve
18:27:17 | INFO: Primitives created: 1
18:27:17 | INFO: Extracting primitive: Carrier15_EMI_spring_1_1_curve
18:27:17 | INFO: Primitives created: 1
18:27:17 | INFO: Extracting primitive: Carrier15_EMI_spring_1_2_curve
18:27:17 | INFO: Primitives created: 1
18:27:17 | INFO: Extracting primitive: Carrier15_EMI_spring_1_3_curve
18:27:17 | INFO: Primitives created: 1
18:27:17 | INFO: Extracting primitive: Carrier15_EMI_spring_1_4_curve
18:27:17 | INFO: Primitives created: 1
18:27:17 | INFO: Extracting primitive: Carrier15_EMI_spring_1_5_curve
18:27:17 | INFO: Primitives created: 1
18:27:17 | INFO: Extracting primitive: Carrier15_EMI_spring_1_6_curve
18:27:17 | INFO: Primitives created: 1
18:27:17 | INFO: Extracting primitive: Carrier15_EMI_spring_1_7_curve
18:27:17 | INFO: Primitives created: 1
18:27:17 | INFO: Extracting primitive: Carrier15_EMI_spring_1_8_curve
18:27:17 | INFO: Primitives created: 1
18:27:17 | INFO: Extracting primitive: Carrier15_hinge_return_spring_curve
18:27:17 | INFO: Primitives created: 1
18:27:17 | INFO: Extracting primitive: Carrier16_activity_symbol_curve
18:27:17 | INFO: Primitives created: 1
18:27:17 | INFO: Extracting primitive: Carrier16_EMI_spring_-1_0_curve
18:27:17 | INFO: Primitives created: 1
18:27:17 | INFO: Extracting primitive: Carrier16_EMI_spring_-1_1_curve
18:27:17 | INFO: Primitives created: 1
18:27:17 | INFO: Extracting primitive: Carrier16_EMI_spring_-1_2_curve
18:27:17 | INFO: Primitives created: 1
18:27:17 | INFO: Extracting primitive: Carrier16_EMI_spring_-1_3_curve
18:27:17 | INFO: Primitives created: 1
18:27:17 | INFO: Extracting primitive: Carrier16_EMI_spring_-1_4_curve
18:27:17 | INFO: Primitives created: 1
18:27:17 | INFO: Extracting primitive: Carrier16_EMI_spring_-1_5_curve
18:27:17 | INFO: Primitives created: 1
18:27:17 | INFO: Extracting primitive: Carrier16_EMI_spring_-1_6_curve
18:27:17 | INFO: Primitives created: 1
18:27:17 | INFO: Extracting primitive: Carrier16_EMI_spring_-1_7_curve
18:27:17 | INFO: Primitives created: 1
18:27:17 | INFO: Extracting primitive: Carrier16_EMI_spring_-1_8_curve
18:27:17 | INFO: Primitives created: 1
18:27:17 | INFO: Extracting primitive: Carrier16_EMI_spring_1_0_curve
18:27:17 | INFO: Primitives created: 1
18:27:17 | INFO: Extracting primitive: Carrier16_EMI_spring_1_1_curve
18:27:17 | INFO: Primitives created: 1
18:27:17 | INFO: Extracting primitive: Carrier16_EMI_spring_1_2_curve
18:27:17 | INFO: Primitives created: 1
18:27:17 | INFO: Extracting primitive: Carrier16_EMI_spring_1_3_curve
18:27:17 | INFO: Primitives created: 1
18:27:17 | INFO: Extracting primitive: Carrier16_EMI_spring_1_4_curve
18:27:17 | INFO: Primitives created: 1
18:27:17 | INFO: Extracting primitive: Carrier16_EMI_spring_1_5_curve
18:27:17 | INFO: Primitives created: 1
18:27:17 | INFO: Extracting primitive: Carrier16_EMI_spring_1_6_curve
18:27:17 | INFO: Primitives created: 1
18:27:17 | INFO: Extracting primitive: Carrier16_EMI_spring_1_7_curve
18:27:17 | INFO: Primitives created: 1
18:27:17 | INFO: Extracting primitive: Carrier16_EMI_spring_1_8_curve
18:27:17 | INFO: Primitives created: 1
18:27:17 | INFO: Extracting primitive: Carrier16_hinge_return_spring_curve
18:27:17 | INFO: Primitives created: 1
18:27:17 | INFO: Extracting primitive: Carrier17_activity_symbol_curve
18:27:17 | INFO: Primitives created: 1
18:27:17 | INFO: Extracting primitive: Carrier17_EMI_spring_-1_0_curve
18:27:17 | INFO: Primitives created: 1
18:27:17 | INFO: Extracting primitive: Carrier17_EMI_spring_-1_1_curve
18:27:17 | INFO: Primitives created: 1
18:27:17 | INFO: Extracting primitive: Carrier17_EMI_spring_-1_2_curve
18:27:17 | INFO: Primitives created: 1
18:27:17 | INFO: Extracting primitive: Carrier17_EMI_spring_-1_3_curve
18:27:17 | INFO: Primitives created: 1
18:27:17 | INFO: Extracting primitive: Carrier17_EMI_spring_-1_4_curve
18:27:17 | INFO: Primitives created: 1
18:27:17 | INFO: Extracting primitive: Carrier17_EMI_spring_-1_5_curve
18:27:17 | INFO: Primitives created: 1
18:27:17 | INFO: Extracting primitive: Carrier17_EMI_spring_-1_6_curve
18:27:17 | INFO: Primitives created: 1
18:27:17 | INFO: Extracting primitive: Carrier17_EMI_spring_-1_7_curve
18:27:17 | INFO: Primitives created: 1
18:27:17 | INFO: Extracting primitive: Carrier17_EMI_spring_-1_8_curve
18:27:17 | INFO: Primitives created: 1
18:27:17 | INFO: Extracting primitive: Carrier17_EMI_spring_1_0_curve
18:27:17 | INFO: Primitives created: 1
18:27:17 | INFO: Extracting primitive: Carrier17_EMI_spring_1_1_curve
18:27:17 | INFO: Primitives created: 1
18:27:17 | INFO: Extracting primitive: Carrier17_EMI_spring_1_2_curve
18:27:17 | INFO: Primitives created: 1
18:27:17 | INFO: Extracting primitive: Carrier17_EMI_spring_1_3_curve
18:27:17 | INFO: Primitives created: 1
18:27:17 | INFO: Extracting primitive: Carrier17_EMI_spring_1_4_curve
18:27:17 | INFO: Primitives created: 1
18:27:17 | INFO: Extracting primitive: Carrier17_EMI_spring_1_5_curve
18:27:17 | INFO: Primitives created: 1
18:27:17 | INFO: Extracting primitive: Carrier17_EMI_spring_1_6_curve
18:27:17 | INFO: Primitives created: 1
18:27:17 | INFO: Extracting primitive: Carrier17_EMI_spring_1_7_curve
18:27:17 | INFO: Primitives created: 1
18:27:17 | INFO: Extracting primitive: Carrier17_EMI_spring_1_8_curve
18:27:17 | INFO: Primitives created: 1
18:27:17 | INFO: Extracting primitive: Carrier17_hinge_return_spring_curve
18:27:17 | INFO: Primitives created: 1
18:27:17 | INFO: Extracting primitive: Carrier18_activity_symbol_curve
18:27:17 | INFO: Primitives created: 1
18:27:17 | INFO: Extracting primitive: Carrier18_EMI_spring_-1_0_curve
18:27:17 | INFO: Primitives created: 1
18:27:17 | INFO: Extracting primitive: Carrier18_EMI_spring_-1_1_curve
18:27:17 | INFO: Primitives created: 1
18:27:17 | INFO: Extracting primitive: Carrier18_EMI_spring_-1_2_curve
18:27:17 | INFO: Primitives created: 1
18:27:17 | INFO: Extracting primitive: Carrier18_EMI_spring_-1_3_curve
18:27:17 | INFO: Primitives created: 1
18:27:17 | INFO: Extracting primitive: Carrier18_EMI_spring_-1_4_curve
18:27:17 | INFO: Primitives created: 1
18:27:17 | INFO: Extracting primitive: Carrier18_EMI_spring_-1_5_curve
18:27:17 | INFO: Primitives created: 1
18:27:17 | INFO: Extracting primitive: Carrier18_EMI_spring_-1_6_curve
18:27:17 | INFO: Primitives created: 1
18:27:17 | INFO: Extracting primitive: Carrier18_EMI_spring_-1_7_curve
18:27:17 | INFO: Primitives created: 1
18:27:17 | INFO: Extracting primitive: Carrier18_EMI_spring_-1_8_curve
18:27:17 | INFO: Primitives created: 1
18:27:17 | INFO: Extracting primitive: Carrier18_EMI_spring_1_0_curve
18:27:17 | INFO: Primitives created: 1
18:27:17 | INFO: Extracting primitive: Carrier18_EMI_spring_1_1_curve
18:27:17 | INFO: Primitives created: 1
18:27:17 | INFO: Extracting primitive: Carrier18_EMI_spring_1_2_curve
18:27:17 | INFO: Primitives created: 1
18:27:17 | INFO: Extracting primitive: Carrier18_EMI_spring_1_3_curve
18:27:17 | INFO: Primitives created: 1
18:27:17 | INFO: Extracting primitive: Carrier18_EMI_spring_1_4_curve
18:27:17 | INFO: Primitives created: 1
18:27:17 | INFO: Extracting primitive: Carrier18_EMI_spring_1_5_curve
18:27:17 | INFO: Primitives created: 1
18:27:17 | INFO: Extracting primitive: Carrier18_EMI_spring_1_6_curve
18:27:17 | INFO: Primitives created: 1
18:27:17 | INFO: Extracting primitive: Carrier18_EMI_spring_1_7_curve
18:27:17 | INFO: Primitives created: 1
18:27:17 | INFO: Extracting primitive: Carrier18_EMI_spring_1_8_curve
18:27:17 | INFO: Primitives created: 1
18:27:17 | INFO: Extracting primitive: Carrier18_hinge_return_spring_curve
18:27:17 | INFO: Primitives created: 1
18:27:17 | INFO: Extracting primitive: Carrier19_activity_symbol_curve
18:27:17 | INFO: Primitives created: 1
18:27:17 | INFO: Extracting primitive: Carrier19_EMI_spring_-1_0_curve
18:27:17 | INFO: Primitives created: 1
18:27:17 | INFO: Extracting primitive: Carrier19_EMI_spring_-1_1_curve
18:27:17 | INFO: Primitives created: 1
18:27:17 | INFO: Extracting primitive: Carrier19_EMI_spring_-1_2_curve
18:27:17 | INFO: Primitives created: 1
18:27:17 | INFO: Extracting primitive: Carrier19_EMI_spring_-1_3_curve
18:27:17 | INFO: Primitives created: 1
18:27:17 | INFO: Extracting primitive: Carrier19_EMI_spring_-1_4_curve
18:27:17 | INFO: Primitives created: 1
18:27:17 | INFO: Extracting primitive: Carrier19_EMI_spring_-1_5_curve
18:27:17 | INFO: Primitives created: 1
18:27:17 | INFO: Extracting primitive: Carrier19_EMI_spring_-1_6_curve
18:27:17 | INFO: Primitives created: 1
18:27:17 | INFO: Extracting primitive: Carrier19_EMI_spring_-1_7_curve
18:27:17 | INFO: Primitives created: 1
18:27:17 | INFO: Extracting primitive: Carrier19_EMI_spring_-1_8_curve
18:27:17 | INFO: Primitives created: 1
18:27:17 | INFO: Extracting primitive: Carrier19_EMI_spring_1_0_curve
18:27:17 | INFO: Primitives created: 1
18:27:17 | INFO: Extracting primitive: Carrier19_EMI_spring_1_1_curve
18:27:17 | INFO: Primitives created: 1
18:27:17 | INFO: Extracting primitive: Carrier19_EMI_spring_1_2_curve
18:27:17 | INFO: Primitives created: 1
18:27:17 | INFO: Extracting primitive: Carrier19_EMI_spring_1_3_curve
18:27:17 | INFO: Primitives created: 1
18:27:17 | INFO: Extracting primitive: Carrier19_EMI_spring_1_4_curve
18:27:17 | INFO: Primitives created: 1
18:27:17 | INFO: Extracting primitive: Carrier19_EMI_spring_1_5_curve
18:27:17 | INFO: Primitives created: 1
18:27:17 | INFO: Extracting primitive: Carrier19_EMI_spring_1_6_curve
18:27:17 | INFO: Primitives created: 1
18:27:17 | INFO: Extracting primitive: Carrier19_EMI_spring_1_7_curve
18:27:17 | INFO: Primitives created: 1
18:27:17 | INFO: Extracting primitive: Carrier19_EMI_spring_1_8_curve
18:27:17 | INFO: Primitives created: 1
18:27:17 | INFO: Extracting primitive: Carrier19_hinge_return_spring_curve
18:27:17 | INFO: Primitives created: 1
18:27:17 | INFO: Extracting primitive: Carrier20_activity_symbol_curve
18:27:17 | INFO: Primitives created: 1
18:27:17 | INFO: Extracting primitive: Carrier20_EMI_spring_-1_0_curve
18:27:17 | INFO: Primitives created: 1
18:27:17 | INFO: Extracting primitive: Carrier20_EMI_spring_-1_1_curve
18:27:17 | INFO: Primitives created: 1
18:27:17 | INFO: Extracting primitive: Carrier20_EMI_spring_-1_2_curve
18:27:17 | INFO: Primitives created: 1
18:27:17 | INFO: Extracting primitive: Carrier20_EMI_spring_-1_3_curve
18:27:17 | INFO: Primitives created: 1
18:27:17 | INFO: Extracting primitive: Carrier20_EMI_spring_-1_4_curve
18:27:17 | INFO: Primitives created: 1
18:27:17 | INFO: Extracting primitive: Carrier20_EMI_spring_-1_5_curve
18:27:17 | INFO: Primitives created: 1
18:27:17 | INFO: Extracting primitive: Carrier20_EMI_spring_-1_6_curve
18:27:17 | INFO: Primitives created: 1
18:27:17 | INFO: Extracting primitive: Carrier20_EMI_spring_-1_7_curve
18:27:17 | INFO: Primitives created: 1
18:27:17 | INFO: Extracting primitive: Carrier20_EMI_spring_-1_8_curve
18:27:17 | INFO: Primitives created: 1
18:27:17 | INFO: Extracting primitive: Carrier20_EMI_spring_1_0_curve
18:27:17 | INFO: Primitives created: 1
18:27:17 | INFO: Extracting primitive: Carrier20_EMI_spring_1_1_curve
18:27:17 | INFO: Primitives created: 1
18:27:17 | INFO: Extracting primitive: Carrier20_EMI_spring_1_2_curve
18:27:17 | INFO: Primitives created: 1
18:27:17 | INFO: Extracting primitive: Carrier20_EMI_spring_1_3_curve
18:27:17 | INFO: Primitives created: 1
18:27:17 | INFO: Extracting primitive: Carrier20_EMI_spring_1_4_curve
18:27:17 | INFO: Primitives created: 1
18:27:17 | INFO: Extracting primitive: Carrier20_EMI_spring_1_5_curve
18:27:17 | INFO: Primitives created: 1
18:27:17 | INFO: Extracting primitive: Carrier20_EMI_spring_1_6_curve
18:27:17 | INFO: Primitives created: 1
18:27:17 | INFO: Extracting primitive: Carrier20_EMI_spring_1_7_curve
18:27:17 | INFO: Primitives created: 1
18:27:17 | INFO: Extracting primitive: Carrier20_EMI_spring_1_8_curve
18:27:17 | INFO: Primitives created: 1
18:27:17 | INFO: Extracting primitive: Carrier20_hinge_return_spring_curve
18:27:17 | INFO: Primitives created: 1
18:27:17 | INFO: Extracting primitive: Carrier21_activity_symbol_curve
18:27:17 | INFO: Primitives created: 1
18:27:17 | INFO: Extracting primitive: Carrier21_EMI_spring_-1_0_curve
18:27:17 | INFO: Primitives created: 1
18:27:17 | INFO: Extracting primitive: Carrier21_EMI_spring_-1_1_curve
18:27:17 | INFO: Primitives created: 1
18:27:17 | INFO: Extracting primitive: Carrier21_EMI_spring_-1_2_curve
18:27:17 | INFO: Primitives created: 1
18:27:17 | INFO: Extracting primitive: Carrier21_EMI_spring_-1_3_curve
18:27:17 | INFO: Primitives created: 1
18:27:17 | INFO: Extracting primitive: Carrier21_EMI_spring_-1_4_curve
18:27:17 | INFO: Primitives created: 1
18:27:17 | INFO: Extracting primitive: Carrier21_EMI_spring_-1_5_curve
18:27:17 | INFO: Primitives created: 1
18:27:17 | INFO: Extracting primitive: Carrier21_EMI_spring_-1_6_curve
18:27:17 | INFO: Primitives created: 1
18:27:17 | INFO: Extracting primitive: Carrier21_EMI_spring_-1_7_curve
18:27:17 | INFO: Primitives created: 1
18:27:17 | INFO: Extracting primitive: Carrier21_EMI_spring_-1_8_curve
18:27:17 | INFO: Primitives created: 1
18:27:17 | INFO: Extracting primitive: Carrier21_EMI_spring_1_0_curve
18:27:17 | INFO: Primitives created: 1
18:27:17 | INFO: Extracting primitive: Carrier21_EMI_spring_1_1_curve
18:27:17 | INFO: Primitives created: 1
18:27:17 | INFO: Extracting primitive: Carrier21_EMI_spring_1_2_curve
18:27:17 | INFO: Primitives created: 1
18:27:17 | INFO: Extracting primitive: Carrier21_EMI_spring_1_3_curve
18:27:17 | INFO: Primitives created: 1
18:27:17 | INFO: Extracting primitive: Carrier21_EMI_spring_1_4_curve
18:27:17 | INFO: Primitives created: 1
18:27:17 | INFO: Extracting primitive: Carrier21_EMI_spring_1_5_curve
18:27:17 | INFO: Primitives created: 1
18:27:17 | INFO: Extracting primitive: Carrier21_EMI_spring_1_6_curve
18:27:17 | INFO: Primitives created: 1
18:27:17 | INFO: Extracting primitive: Carrier21_EMI_spring_1_7_curve
18:27:17 | INFO: Primitives created: 1
18:27:17 | INFO: Extracting primitive: Carrier21_EMI_spring_1_8_curve
18:27:17 | INFO: Primitives created: 1
18:27:17 | INFO: Extracting primitive: Carrier21_hinge_return_spring_curve
18:27:17 | INFO: Primitives created: 1
18:27:17 | INFO: Extracting primitive: Carrier22_activity_symbol_curve
18:27:17 | INFO: Primitives created: 1
18:27:17 | INFO: Extracting primitive: Carrier22_EMI_spring_-1_0_curve
18:27:17 | INFO: Primitives created: 1
18:27:17 | INFO: Extracting primitive: Carrier22_EMI_spring_-1_1_curve
18:27:17 | INFO: Primitives created: 1
18:27:17 | INFO: Extracting primitive: Carrier22_EMI_spring_-1_2_curve
18:27:17 | INFO: Primitives created: 1
18:27:17 | INFO: Extracting primitive: Carrier22_EMI_spring_-1_3_curve
18:27:17 | INFO: Primitives created: 1
18:27:17 | INFO: Extracting primitive: Carrier22_EMI_spring_-1_4_curve
18:27:17 | INFO: Primitives created: 1
18:27:17 | INFO: Extracting primitive: Carrier22_EMI_spring_-1_5_curve
18:27:17 | INFO: Primitives created: 1
18:27:17 | INFO: Extracting primitive: Carrier22_EMI_spring_-1_6_curve
18:27:17 | INFO: Primitives created: 1
18:27:17 | INFO: Extracting primitive: Carrier22_EMI_spring_-1_7_curve
18:27:17 | INFO: Primitives created: 1
18:27:17 | INFO: Extracting primitive: Carrier22_EMI_spring_-1_8_curve
18:27:17 | INFO: Primitives created: 1
18:27:17 | INFO: Extracting primitive: Carrier22_EMI_spring_1_0_curve
18:27:17 | INFO: Primitives created: 1
18:27:17 | INFO: Extracting primitive: Carrier22_EMI_spring_1_1_curve
18:27:17 | INFO: Primitives created: 1
18:27:17 | INFO: Extracting primitive: Carrier22_EMI_spring_1_2_curve
18:27:17 | INFO: Primitives created: 1
18:27:17 | INFO: Extracting primitive: Carrier22_EMI_spring_1_3_curve
18:27:17 | INFO: Primitives created: 1
18:27:17 | INFO: Extracting primitive: Carrier22_EMI_spring_1_4_curve
18:27:17 | INFO: Primitives created: 1
18:27:17 | INFO: Extracting primitive: Carrier22_EMI_spring_1_5_curve
18:27:17 | INFO: Primitives created: 1
18:27:17 | INFO: Extracting primitive: Carrier22_EMI_spring_1_6_curve
18:27:17 | INFO: Primitives created: 1
18:27:17 | INFO: Extracting primitive: Carrier22_EMI_spring_1_7_curve
18:27:17 | INFO: Primitives created: 1
18:27:17 | INFO: Extracting primitive: Carrier22_EMI_spring_1_8_curve
18:27:17 | INFO: Primitives created: 1
18:27:17 | INFO: Extracting primitive: Carrier22_hinge_return_spring_curve
18:27:17 | INFO: Primitives created: 1
18:27:17 | INFO: Extracting primitive: Carrier23_activity_symbol_curve
18:27:17 | INFO: Primitives created: 1
18:27:17 | INFO: Extracting primitive: Carrier23_EMI_spring_-1_0_curve
18:27:17 | INFO: Primitives created: 1
18:27:17 | INFO: Extracting primitive: Carrier23_EMI_spring_-1_1_curve
18:27:17 | INFO: Primitives created: 1
18:27:17 | INFO: Extracting primitive: Carrier23_EMI_spring_-1_2_curve
18:27:17 | INFO: Primitives created: 1
18:27:17 | INFO: Extracting primitive: Carrier23_EMI_spring_-1_3_curve
18:27:17 | INFO: Primitives created: 1
18:27:17 | INFO: Extracting primitive: Carrier23_EMI_spring_-1_4_curve
18:27:17 | INFO: Primitives created: 1
18:27:17 | INFO: Extracting primitive: Carrier23_EMI_spring_-1_5_curve
18:27:17 | INFO: Primitives created: 1
18:27:17 | INFO: Extracting primitive: Carrier23_EMI_spring_-1_6_curve
18:27:17 | INFO: Primitives created: 1
18:27:17 | INFO: Extracting primitive: Carrier23_EMI_spring_-1_7_curve
18:27:17 | INFO: Primitives created: 1
18:27:17 | INFO: Extracting primitive: Carrier23_EMI_spring_-1_8_curve
18:27:17 | INFO: Primitives created: 1
18:27:17 | INFO: Extracting primitive: Carrier23_EMI_spring_1_0_curve
18:27:17 | INFO: Primitives created: 1
18:27:17 | INFO: Extracting primitive: Carrier23_EMI_spring_1_1_curve
18:27:17 | INFO: Primitives created: 1
18:27:17 | INFO: Extracting primitive: Carrier23_EMI_spring_1_2_curve
18:27:17 | INFO: Primitives created: 1
18:27:17 | INFO: Extracting primitive: Carrier23_EMI_spring_1_3_curve
18:27:17 | INFO: Primitives created: 1
18:27:17 | INFO: Extracting primitive: Carrier23_EMI_spring_1_4_curve
18:27:17 | INFO: Primitives created: 1
18:27:17 | INFO: Extracting primitive: Carrier23_EMI_spring_1_5_curve
18:27:17 | INFO: Primitives created: 1
18:27:17 | INFO: Extracting primitive: Carrier23_EMI_spring_1_6_curve
18:27:17 | INFO: Primitives created: 1
18:27:17 | INFO: Extracting primitive: Carrier23_EMI_spring_1_7_curve
18:27:17 | INFO: Primitives created: 1
18:27:17 | INFO: Extracting primitive: Carrier23_EMI_spring_1_8_curve
18:27:17 | INFO: Primitives created: 1
18:27:17 | INFO: Extracting primitive: Carrier23_hinge_return_spring_curve
18:27:17 | INFO: Primitives created: 1
18:27:17 | INFO: Extracting primitive: PSU1_2400W_exact_letters_font
18:27:17 | INFO: Primitives created: 1
18:27:17 | INFO: Extracting primitive: PSU1_AC_black_rim_mesh
18:27:17 | INFO: Primitives created: 1
18:27:17 | INFO: Extracting primitive: PSU1_AC_blade_0_mesh
18:27:17 | INFO: Primitives created: 1
18:27:17 | INFO: Extracting primitive: PSU1_AC_C20_recess_dark_back_mesh
18:27:17 | INFO: Primitives created: 1
18:27:17 | INFO: Extracting primitive: PSU1_AC_C20_recess_metal_cavity_mesh
18:27:17 | INFO: Primitives created: 1
18:27:17 | INFO: Extracting primitive: PSU1_corner_washer_mesh
18:27:17 | INFO: Primitives created: 1
18:27:17 | INFO: Extracting primitive: PSU1_curved_fan_vane_0_mesh
18:27:17 | INFO: Primitives created: 1
18:27:17 | INFO: Extracting primitive: PSU1_curved_fan_vane_1_mesh
18:27:17 | INFO: Primitives created: 1
18:27:17 | INFO: Extracting primitive: PSU1_curved_fan_vane_2_mesh
18:27:17 | INFO: Primitives created: 1
18:27:17 | INFO: Extracting primitive: PSU1_curved_fan_vane_3_mesh
18:27:17 | INFO: Primitives created: 1
18:27:17 | INFO: Extracting primitive: PSU1_curved_fan_vane_4_mesh
18:27:17 | INFO: Primitives created: 1
18:27:17 | INFO: Extracting primitive: PSU1_curved_fan_vane_5_mesh
18:27:17 | INFO: Primitives created: 1
18:27:17 | INFO: Extracting primitive: PSU1_curved_fan_vane_6_mesh
18:27:17 | INFO: Primitives created: 1
18:27:17 | INFO: Extracting primitive: PSU1_efficiency_exact_letters_font
18:27:17 | INFO: Primitives created: 1
18:27:17 | INFO: Extracting primitive: PSU1_EPP_exact_letters_font
18:27:17 | INFO: Primitives created: 1
18:27:17 | INFO: Extracting primitive: PSU1_EPP_green_upper_field_mesh
18:27:17 | INFO: Primitives created: 1
18:27:17 | INFO: Extracting primitive: PSU1_EPP_real_print_paper_mesh
18:27:17 | INFO: Primitives created: 1
18:27:17 | INFO: Extracting primitive: PSU1_fan_motor_hub_mesh
18:27:17 | INFO: Primitives created: 1
18:27:17 | INFO: Extracting primitive: PSU1_fan_screw_recess_floor_mesh
18:27:17 | INFO: Primitives created: 1
18:27:17 | INFO: Extracting primitive: PSU1_fan_screw_recessed_head_mesh
18:27:17 | INFO: Primitives created: 1
18:27:17 | INFO: Extracting primitive: PSU1_fan_screw_recessed_head_mesh.001
18:27:17 | INFO: Primitives created: 1
18:27:17 | INFO: Extracting primitive: PSU1_fan_shroud_dark_back_mesh
18:27:17 | INFO: Primitives created: 1
18:27:17 | INFO: Extracting primitive: PSU1_fan_shroud_metal_cavity_mesh
18:27:17 | INFO: Primitives created: 1
18:27:17 | INFO: Extracting primitive: PSU1_flat_guard_crossbar_-1_mesh
18:27:17 | INFO: Primitives created: 1
18:27:17 | INFO: Extracting primitive: PSU1_flat_guard_crossbar_1_mesh
18:27:17 | INFO: Primitives created: 1
18:27:17 | INFO: Extracting primitive: PSU1_front_sheet_mesh
18:27:17 | INFO: Primitives created: 1
18:27:17 | INFO: Extracting primitive: PSU1_horizontal_shell_mesh
18:27:17 | INFO: Primitives created: 1
18:27:17 | INFO: Extracting primitive: PSU1_internal_end_mesh
18:27:17 | INFO: Primitives created: 1
18:27:17 | INFO: Extracting primitive: PSU1_latch_track_mesh
18:27:17 | INFO: Primitives created: 1
18:27:17 | INFO: Extracting primitive: PSU1_octagonal_fan_guard_mesh
18:27:17 | INFO: Primitives created: 1
18:27:17 | INFO: Extracting primitive: PSU1_orange_release_paddle_mesh
18:27:17 | INFO: Primitives created: 1
18:27:17 | INFO: Extracting primitive: PSU1_round_EPP_label_substrate_mesh
18:27:17 | INFO: Primitives created: 1
18:27:17 | INFO: Extracting primitive: PSU1_side_shell_mesh
18:27:17 | INFO: Primitives created: 1
18:27:17 | INFO: Extracting primitive: PSU1_vertical_pull_anchor_mesh
18:27:17 | INFO: Primitives created: 1
18:27:17 | INFO: Extracting primitive: PSU1_textile_edge_fibres_curve
18:27:18 | INFO: Primitives created: 1
18:27:18 | INFO: Extracting primitive: PSU1_woven_extraction_loop_mesh
18:27:18 | INFO: Primitives created: 1
18:27:18 | INFO: Extracting primitive: PSU2_curved_fan_vane_0_mesh
18:27:18 | INFO: Primitives created: 1
18:27:18 | INFO: Extracting primitive: PSU2_curved_fan_vane_1_mesh
18:27:18 | INFO: Primitives created: 1
18:27:18 | INFO: Extracting primitive: PSU2_curved_fan_vane_2_mesh
18:27:18 | INFO: Primitives created: 1
18:27:18 | INFO: Extracting primitive: PSU2_curved_fan_vane_3_mesh
18:27:18 | INFO: Primitives created: 1
18:27:18 | INFO: Extracting primitive: PSU2_curved_fan_vane_4_mesh
18:27:18 | INFO: Primitives created: 1
18:27:18 | INFO: Extracting primitive: PSU2_curved_fan_vane_5_mesh
18:27:18 | INFO: Primitives created: 1
18:27:18 | INFO: Extracting primitive: PSU2_curved_fan_vane_6_mesh
18:27:18 | INFO: Primitives created: 1
18:27:18 | INFO: Extracting primitive: PSU2_textile_edge_fibres_curve
18:27:18 | INFO: Primitives created: 1
18:27:18 | INFO: Extracting primitive: PSU2_woven_extraction_loop_mesh
18:27:18 | INFO: Primitives created: 1
18:27:20 | INFO: Finished glTF 2.0 export in 8.070920705795288 s

