Code executed successfully: {
  "filepath": "/root/Blender/DELL-C6420/v002/model/DELL-PowerEdge-C6420-4N-24SFF.blend",
  "scene": "DELL_C6420_4N_24SFF_V002_MASTER",
  "scene_count": 1,
  "mesh_objects": 2020,
  "component_counts": {
    "2.5-inch hot-swap carrier": 24,
    "C6420 node": 4,
    "2400W PSU": 2
  },
  "used_texture_count": 18,
  "all_used_textures_packed": true,
  "denoise": false,
  "preview_denoise": false,
  "frame": 1,
  "text_blocks": 48,
  "delivery_notes": "Final v002,24 normal hot-swap carriers; planar punched-cheek normal repair applied; inferred bottom and photographic tiny-print limits documented",
  "viewport_modes": [
    "MATERIAL"
  ]
}

