{
  "name": "DELL_C6420_4N_24SFF_V002_MASTER",
  "object_count": 2080,
  "objects": [
    {
      "name": "INFERRED_bottom_formed_sheet",
      "type": "MESH",
      "location": [
        -0.0,
        0.0,
        0.0
      ]
    },
    {
      "name": "Right_side_wall",
      "type": "MESH",
      "location": [
        0.22,
        0.0,
        0.04
      ]
    },
    {
      "name": "Side_upper_inward_return_1",
      "type": "MESH",
      "location": [
        0.22,
        0.0,
        0.09
      ]
    },
    {
      "name": "Side_lower_inward_hem_1",
      "type": "MESH",
      "location": [
        0.22,
        0.0,
        0.0
      ]
    },
    {
      "name": "Top_cover_side_skirt_1",
      "type": "MESH",
      "location": [
        0.22,
        -0.01,
        0.08
      ]
    },
    {
      "name": "Cover_skirt_screw_1_recessed_head",
      "type": "MESH",
      "location": [
        0.22,
        -0.18,
        0.08
      ]
    },
    {
      "name": "Cover_skirt_screw_1_recess_floor",
      "type": "MESH",
      "location": [
        0.22,
        -0.18,
        0.08
      ]
    },
    {
      "name": "Cover_skirt_screw_1_recessed_head.001",
      "type": "MESH",
      "location": [
        0.22,
        -0.09,
        0.08
      ]
    },
    {
      "name": "Cover_skirt_screw_1_recess_floor.001",
      "type": "MESH",
      "location": [
        0.22,
        -0.09,
        0.08
      ]
    },
    {
      "name": "Cover_skirt_screw_1_recessed_head.002",
      "type": "MESH",
      "location": [
        0.22,
        0.05,
        0.08
      ]
    }
  ],
  "materials_count": 27
}
