{
  "views_dir": "HPE-DL360G10-2.5inch/views",
  "dimensions_mm": {
    "body_width": 434.6,
    "front_width": 482.6,
    "rear_width": 434.6,
    "height": 42.9,
    "body_depth": 707.0
  },
  "faces": {
    "front": {
      "path": "HPE-DL360G10-2.5inch/views/front.png",
      "errors": [],
      "warnings": [
        "transparent/semi-transparent pixels exist inside content bounds; verify they are only true holes or anti-aliased silhouette edges"
      ],
      "mode": "RGBA",
      "canvas_px": [
        3072,
        273
      ],
      "content_bbox_px": [
        0,
        0,
        3072,
        273
      ],
      "content_px": [
        3072,
        273
      ],
      "actual_ratio": 11.252747,
      "expected_ratio": 11.249417,
      "ratio_error_percent": 0.0296,
      "core_alpha_below_250_percent": 0.00152,
      "core_transparent_percent": 0.00152,
      "content_alpha_below_250_percent": 3.44873
    },
    "rear": {
      "path": "HPE-DL360G10-2.5inch/views/rear.png",
      "errors": [],
      "warnings": [
        "transparent/semi-transparent pixels exist inside content bounds; verify they are only true holes or anti-aliased silhouette edges"
      ],
      "mode": "RGBA",
      "canvas_px": [
        3072,
        303
      ],
      "content_bbox_px": [
        0,
        0,
        3072,
        303
      ],
      "content_px": [
        3072,
        303
      ],
      "actual_ratio": 10.138614,
      "expected_ratio": 10.130536,
      "ratio_error_percent": 0.0797,
      "core_alpha_below_250_percent": 0.02994,
      "core_transparent_percent": 0.00122,
      "content_alpha_below_250_percent": 3.52046
    },
    "left": {
      "path": "HPE-DL360G10-2.5inch/views/left.png",
      "errors": [],
      "warnings": [
        "transparent/semi-transparent pixels exist inside content bounds; verify they are only true holes or anti-aliased silhouette edges"
      ],
      "mode": "RGBA",
      "canvas_px": [
        3072,
        186
      ],
      "content_bbox_px": [
        0,
        0,
        3072,
        186
      ],
      "content_px": [
        3072,
        186
      ],
      "actual_ratio": 16.516129,
      "expected_ratio": 16.480186,
      "ratio_error_percent": 0.2181,
      "core_alpha_below_250_percent": 0.0,
      "core_transparent_percent": 0.0,
      "content_alpha_below_250_percent": 7.0092
    },
    "right": {
      "path": "HPE-DL360G10-2.5inch/views/right.png",
      "errors": [],
      "warnings": [
        "transparent/semi-transparent pixels exist inside content bounds; verify they are only true holes or anti-aliased silhouette edges"
      ],
      "mode": "RGBA",
      "canvas_px": [
        3072,
        186
      ],
      "content_bbox_px": [
        0,
        0,
        3072,
        186
      ],
      "content_px": [
        3072,
        186
      ],
      "actual_ratio": 16.516129,
      "expected_ratio": 16.480186,
      "ratio_error_percent": 0.2181,
      "core_alpha_below_250_percent": 0.0,
      "core_transparent_percent": 0.0,
      "content_alpha_below_250_percent": 7.98856
    },
    "top": {
      "path": "HPE-DL360G10-2.5inch/views/top.png",
      "errors": [],
      "warnings": [
        "transparent/semi-transparent pixels exist inside content bounds; verify they are only true holes or anti-aliased silhouette edges"
      ],
      "mode": "RGBA",
      "canvas_px": [
        1888,
        3072
      ],
      "content_bbox_px": [
        0,
        0,
        1888,
        3072
      ],
      "content_px": [
        1888,
        3072
      ],
      "actual_ratio": 0.614583,
      "expected_ratio": 0.61471,
      "ratio_error_percent": 0.0206,
      "core_alpha_below_250_percent": 0.0,
      "core_transparent_percent": 0.0,
      "content_alpha_below_250_percent": 15.97675
    },
    "bottom": {
      "path": "HPE-DL360G10-2.5inch/views/bottom.png",
      "errors": [],
      "warnings": [
        "transparent/semi-transparent pixels exist inside content bounds; verify they are only true holes or anti-aliased silhouette edges"
      ],
      "mode": "RGBA",
      "canvas_px": [
        1888,
        3072
      ],
      "content_bbox_px": [
        0,
        0,
        1888,
        3072
      ],
      "content_px": [
        1888,
        3072
      ],
      "actual_ratio": 0.614583,
      "expected_ratio": 0.61471,
      "ratio_error_percent": 0.0206,
      "core_alpha_below_250_percent": 0.0,
      "core_transparent_percent": 0.0,
      "content_alpha_below_250_percent": 0.00019
    }
  },
  "error_count": 0,
  "warning_count": 6,
  "status": "PASS"
}
