Blender 4.0.2
Read prefs: "/root/.config/blender/4.0/config/userpref.blend"
Read blend: "/root/Project/rack-device-3d/Cisco-N9KC9336C-FX2/v001/qa/glb-ear-fixture.blend"
Fra:1 Mem:130.34M (Peak 130.34M) | Time:00:00.00 | Mem:0.00M, Peak:0.00M | EAR_ISOLATION_QA, ViewLayer | Synchronizing object | QA_CHECKER_BACKGROUND
Fra:1 Mem:130.34M (Peak 130.34M) | Time:00:00.00 | Mem:0.00M, Peak:0.00M | EAR_ISOLATION_QA, ViewLayer | Synchronizing object | QA_RIGHT_EAR_bent_opaque_solid_with_true_bores.001
Fra:1 Mem:131.55M (Peak 131.55M) | Time:00:00.01 | Mem:0.00M, Peak:0.00M | EAR_ISOLATION_QA, ViewLayer | Synchronizing object | QA_LEFT_EAR_bent_opaque_solid_with_true_bores.001
Fra:1 Mem:135.22M (Peak 137.56M) | Time:00:00.03 | Mem:0.00M, Peak:0.00M | EAR_ISOLATION_QA, ViewLayer | Initializing
Fra:1 Mem:135.20M (Peak 137.56M) | Time:00:00.03 | Mem:0.00M, Peak:0.00M | EAR_ISOLATION_QA, ViewLayer | Updating Images | Loading metal-micro-normal.001
Fra:1 Mem:136.21M (Peak 137.56M) | Time:00:00.04 | Mem:0.00M, Peak:0.00M | EAR_ISOLATION_QA, ViewLayer | Updating Images | Loading zinc-plated-brackets-roughness.001
Fra:1 Mem:136.54M (Peak 140.22M) | Time:00:00.05 | Mem:2.00M, Peak:2.00M | EAR_ISOLATION_QA, ViewLayer | Waiting for render to start
Fra:1 Mem:136.54M (Peak 140.22M) | Time:00:00.05 | Mem:2.00M, Peak:2.00M | EAR_ISOLATION_QA, ViewLayer | Loading render kernels (may take a few minutes the first time)
Fra:1 Mem:136.54M (Peak 140.22M) | Time:00:00.05 | Mem:2.00M, Peak:2.00M | EAR_ISOLATION_QA, ViewLayer | Updating Scene
Fra:1 Mem:136.54M (Peak 140.22M) | Time:00:00.05 | Mem:2.00M, Peak:2.00M | EAR_ISOLATION_QA, ViewLayer | Updating Shaders
Fra:1 Mem:136.63M (Peak 140.22M) | Time:00:00.05 | Mem:2.00M, Peak:2.00M | EAR_ISOLATION_QA, ViewLayer | Updating Procedurals
Fra:1 Mem:136.63M (Peak 140.22M) | Time:00:00.05 | Mem:2.00M, Peak:2.00M | EAR_ISOLATION_QA, ViewLayer | Updating Background
Fra:1 Mem:136.63M (Peak 140.22M) | Time:00:00.05 | Mem:2.00M, Peak:2.00M | EAR_ISOLATION_QA, ViewLayer | Updating Camera
Fra:1 Mem:136.63M (Peak 140.22M) | Time:00:00.05 | Mem:2.00M, Peak:2.00M | EAR_ISOLATION_QA, ViewLayer | Updating Meshes Flags
Fra:1 Mem:136.63M (Peak 140.22M) | Time:00:00.05 | Mem:2.00M, Peak:2.00M | EAR_ISOLATION_QA, ViewLayer | Updating Objects
Fra:1 Mem:136.63M (Peak 140.22M) | Time:00:00.05 | Mem:2.00M, Peak:2.00M | EAR_ISOLATION_QA, ViewLayer | Updating Objects | Copying Transformations to device
Fra:1 Mem:136.63M (Peak 140.22M) | Time:00:00.05 | Mem:2.00M, Peak:2.00M | EAR_ISOLATION_QA, ViewLayer | Updating Objects | Applying Static Transformations
Fra:1 Mem:136.63M (Peak 140.22M) | Time:00:00.05 | Mem:2.00M, Peak:2.00M | EAR_ISOLATION_QA, ViewLayer | Updating Particle Systems
Fra:1 Mem:136.63M (Peak 140.22M) | Time:00:00.05 | Mem:2.00M, Peak:2.00M | EAR_ISOLATION_QA, ViewLayer | Updating Particle Systems | Copying Particles to device
Fra:1 Mem:136.63M (Peak 140.22M) | Time:00:00.05 | Mem:2.00M, Peak:2.00M | EAR_ISOLATION_QA, ViewLayer | Updating Meshes
Fra:1 Mem:136.80M (Peak 140.22M) | Time:00:00.05 | Mem:2.00M, Peak:2.00M | EAR_ISOLATION_QA, ViewLayer | Updating Mesh | Computing attributes
Fra:1 Mem:137.94M (Peak 140.22M) | Time:00:00.06 | Mem:2.00M, Peak:2.00M | EAR_ISOLATION_QA, ViewLayer | Updating Mesh | Copying Attributes to device
Fra:1 Mem:137.94M (Peak 140.22M) | Time:00:00.06 | Mem:3.15M, Peak:3.15M | EAR_ISOLATION_QA, ViewLayer | Updating Scene BVH | Building
Fra:1 Mem:137.94M (Peak 140.22M) | Time:00:00.06 | Mem:3.15M, Peak:3.15M | EAR_ISOLATION_QA, ViewLayer | Updating Scene BVH | Building BVH
Fra:1 Mem:137.94M (Peak 140.22M) | Time:00:00.06 | Mem:3.49M, Peak:3.49M | EAR_ISOLATION_QA, ViewLayer | Updating Scene BVH | Building BVH 0%
Fra:1 Mem:137.94M (Peak 140.22M) | Time:00:00.08 | Mem:3.90M, Peak:4.24M | EAR_ISOLATION_QA, ViewLayer | Updating Scene BVH | Copying BVH to device
Fra:1 Mem:137.94M (Peak 140.22M) | Time:00:00.08 | Mem:3.90M, Peak:4.24M | EAR_ISOLATION_QA, ViewLayer | Updating Mesh | Computing normals
Fra:1 Mem:139.17M (Peak 140.22M) | Time:00:00.08 | Mem:3.90M, Peak:4.24M | EAR_ISOLATION_QA, ViewLayer | Updating Mesh | Copying Mesh to device
Fra:1 Mem:139.17M (Peak 140.22M) | Time:00:00.08 | Mem:5.13M, Peak:5.13M | EAR_ISOLATION_QA, ViewLayer | Updating Objects Flags
Fra:1 Mem:139.17M (Peak 140.22M) | Time:00:00.08 | Mem:5.13M, Peak:5.13M | EAR_ISOLATION_QA, ViewLayer | Updating Primitive Offsets
Fra:1 Mem:139.17M (Peak 140.22M) | Time:00:00.08 | Mem:5.13M, Peak:5.13M | EAR_ISOLATION_QA, ViewLayer | Updating Images
Fra:1 Mem:139.17M (Peak 140.22M) | Time:00:00.08 | Mem:5.13M, Peak:5.13M | EAR_ISOLATION_QA, ViewLayer | Updating Camera Volume
Fra:1 Mem:139.17M (Peak 140.22M) | Time:00:00.08 | Mem:5.13M, Peak:5.13M | EAR_ISOLATION_QA, ViewLayer | Updating Lookup Tables
Fra:1 Mem:139.17M (Peak 140.22M) | Time:00:00.08 | Mem:5.21M, Peak:5.21M | EAR_ISOLATION_QA, ViewLayer | Updating Lights
Fra:1 Mem:139.17M (Peak 140.22M) | Time:00:00.08 | Mem:5.21M, Peak:5.21M | EAR_ISOLATION_QA, ViewLayer | Updating Lights | Computing distribution
Fra:1 Mem:139.17M (Peak 140.22M) | Time:00:00.08 | Mem:5.21M, Peak:5.21M | EAR_ISOLATION_QA, ViewLayer | Updating Lights | Computing tree
Fra:1 Mem:139.17M (Peak 140.22M) | Time:00:00.08 | Mem:5.21M, Peak:5.21M | EAR_ISOLATION_QA, ViewLayer | Updating Integrator
Fra:1 Mem:140.17M (Peak 140.22M) | Time:00:00.09 | Mem:6.21M, Peak:6.21M | EAR_ISOLATION_QA, ViewLayer | Updating Film
Fra:1 Mem:140.18M (Peak 140.22M) | Time:00:00.09 | Mem:6.13M, Peak:6.21M | EAR_ISOLATION_QA, ViewLayer | Updating Lookup Tables
Fra:1 Mem:140.18M (Peak 140.22M) | Time:00:00.09 | Mem:6.21M, Peak:6.21M | EAR_ISOLATION_QA, ViewLayer | Updating Baking
Fra:1 Mem:140.18M (Peak 140.22M) | Time:00:00.09 | Mem:6.21M, Peak:6.21M | EAR_ISOLATION_QA, ViewLayer | Updating Device | Writing constant memory
Fra:1 Mem:140.18M (Peak 140.22M) | Time:00:00.09 | Mem:6.21M, Peak:6.21M | EAR_ISOLATION_QA, ViewLayer | Sample 0/40
Fra:1 Mem:168.89M (Peak 168.89M) | Time:00:02.09 | Remaining:01:18.15 | Mem:34.93M, Peak:34.93M | EAR_ISOLATION_QA, ViewLayer | Sample 1/40
Fra:1 Mem:168.89M (Peak 168.89M) | Time:00:22.02 | Remaining:00:29.66 | Mem:34.93M, Peak:34.93M | EAR_ISOLATION_QA, ViewLayer | Sample 17/40
Fra:1 Mem:168.89M (Peak 168.89M) | Time:00:43.42 | Remaining:00:09.19 | Mem:34.93M, Peak:34.93M | EAR_ISOLATION_QA, ViewLayer | Sample 33/40
Fra:1 Mem:181.64M (Peak 207.16M) | Time:00:51.47 | Mem:34.93M, Peak:34.93M | EAR_ISOLATION_QA, ViewLayer | Sample 40/40
Fra:1 Mem:181.64M (Peak 207.16M) | Time:00:51.47 | Mem:34.93M, Peak:34.93M | EAR_ISOLATION_QA, ViewLayer | Finished
Saved: '/root/Project/rack-device-3d/Cisco-N9KC9336C-FX2/v001/qa/glb-ear-front-checker.png'
Time: 00:51.81 (Saving: 00:00.32)

BlenderMCP: cannot start server in background mode (blender -b) - commands would never execute
BlenderMCP: run Blender with a GUI, or use a virtual display: xvfb-run -a blender
BlenderMCP addon registered
EAR_QA_RENDER glb front checker
Fra:1 Mem:132.55M (Peak 132.55M) | Time:00:00.00 | Mem:0.00M, Peak:0.00M | EAR_ISOLATION_QA, ViewLayer | Synchronizing object | QA_RIGHT_EAR_bent_opaque_solid_with_true_bores.001
Fra:1 Mem:132.88M (Peak 133.69M) | Time:00:00.00 | Mem:0.00M, Peak:0.00M | EAR_ISOLATION_QA, ViewLayer | Synchronizing object | QA_LEFT_EAR_bent_opaque_solid_with_true_bores.001
Fra:1 Mem:135.15M (Peak 137.32M) | Time:00:00.02 | Mem:0.00M, Peak:0.00M | EAR_ISOLATION_QA, ViewLayer | Initializing
Fra:1 Mem:135.13M (Peak 137.32M) | Time:00:00.02 | Mem:0.00M, Peak:0.00M | EAR_ISOLATION_QA, ViewLayer | Updating Images | Loading metal-micro-normal.001
Fra:1 Mem:136.13M (Peak 137.32M) | Time:00:00.03 | Mem:0.00M, Peak:0.00M | EAR_ISOLATION_QA, ViewLayer | Updating Images | Loading zinc-plated-brackets-roughness.001
Fra:1 Mem:136.54M (Peak 138.16M) | Time:00:00.04 | Mem:2.00M, Peak:2.00M | EAR_ISOLATION_QA, ViewLayer | Waiting for render to start
Fra:1 Mem:136.54M (Peak 138.16M) | Time:00:00.04 | Mem:2.00M, Peak:2.00M | EAR_ISOLATION_QA, ViewLayer | Loading render kernels (may take a few minutes the first time)
Fra:1 Mem:136.54M (Peak 138.16M) | Time:00:00.04 | Mem:2.00M, Peak:2.00M | EAR_ISOLATION_QA, ViewLayer | Updating Scene
Fra:1 Mem:136.54M (Peak 138.16M) | Time:00:00.04 | Mem:2.00M, Peak:2.00M | EAR_ISOLATION_QA, ViewLayer | Updating Shaders
Fra:1 Mem:136.62M (Peak 138.16M) | Time:00:00.04 | Mem:2.00M, Peak:2.00M | EAR_ISOLATION_QA, ViewLayer | Updating Procedurals
Fra:1 Mem:136.62M (Peak 138.16M) | Time:00:00.04 | Mem:2.00M, Peak:2.00M | EAR_ISOLATION_QA, ViewLayer | Updating Background
Fra:1 Mem:136.62M (Peak 138.16M) | Time:00:00.04 | Mem:2.00M, Peak:2.00M | EAR_ISOLATION_QA, ViewLayer | Updating Camera
Fra:1 Mem:136.62M (Peak 138.16M) | Time:00:00.04 | Mem:2.00M, Peak:2.00M | EAR_ISOLATION_QA, ViewLayer | Updating Meshes Flags
Fra:1 Mem:136.62M (Peak 138.16M) | Time:00:00.04 | Mem:2.00M, Peak:2.00M | EAR_ISOLATION_QA, ViewLayer | Updating Objects
Fra:1 Mem:136.62M (Peak 138.16M) | Time:00:00.04 | Mem:2.00M, Peak:2.00M | EAR_ISOLATION_QA, ViewLayer | Updating Objects | Copying Transformations to device
Fra:1 Mem:136.62M (Peak 138.16M) | Time:00:00.04 | Mem:2.00M, Peak:2.00M | EAR_ISOLATION_QA, ViewLayer | Updating Objects | Applying Static Transformations
Fra:1 Mem:136.62M (Peak 138.16M) | Time:00:00.04 | Mem:2.00M, Peak:2.00M | EAR_ISOLATION_QA, ViewLayer | Updating Particle Systems
Fra:1 Mem:136.62M (Peak 138.16M) | Time:00:00.04 | Mem:2.00M, Peak:2.00M | EAR_ISOLATION_QA, ViewLayer | Updating Particle Systems | Copying Particles to device
Fra:1 Mem:136.62M (Peak 138.16M) | Time:00:00.04 | Mem:2.00M, Peak:2.00M | EAR_ISOLATION_QA, ViewLayer | Updating Meshes
Fra:1 Mem:136.79M (Peak 138.16M) | Time:00:00.04 | Mem:2.00M, Peak:2.00M | EAR_ISOLATION_QA, ViewLayer | Updating Mesh | Computing attributes
Fra:1 Mem:137.94M (Peak 138.16M) | Time:00:00.04 | Mem:2.00M, Peak:2.00M | EAR_ISOLATION_QA, ViewLayer | Updating Mesh | Copying Attributes to device
Fra:1 Mem:137.94M (Peak 138.16M) | Time:00:00.04 | Mem:3.15M, Peak:3.15M | EAR_ISOLATION_QA, ViewLayer | Updating Scene BVH | Building
Fra:1 Mem:137.94M (Peak 138.16M) | Time:00:00.04 | Mem:3.15M, Peak:3.15M | EAR_ISOLATION_QA, ViewLayer | Updating Scene BVH | Building BVH
Fra:1 Mem:137.94M (Peak 138.16M) | Time:00:00.04 | Mem:3.49M, Peak:3.49M | EAR_ISOLATION_QA, ViewLayer | Updating Scene BVH | Building BVH 0%
Fra:1 Mem:137.94M (Peak 138.16M) | Time:00:00.05 | Mem:3.90M, Peak:4.24M | EAR_ISOLATION_QA, ViewLayer | Updating Scene BVH | Copying BVH to device
Fra:1 Mem:137.94M (Peak 138.16M) | Time:00:00.05 | Mem:3.90M, Peak:4.24M | EAR_ISOLATION_QA, ViewLayer | Updating Mesh | Computing normals
Fra:1 Mem:139.17M (Peak 139.17M) | Time:00:00.05 | Mem:3.90M, Peak:4.24M | EAR_ISOLATION_QA, ViewLayer | Updating Mesh | Copying Mesh to device
Fra:1 Mem:139.17M (Peak 139.17M) | Time:00:00.05 | Mem:5.13M, Peak:5.13M | EAR_ISOLATION_QA, ViewLayer | Updating Objects Flags
Fra:1 Mem:139.17M (Peak 139.17M) | Time:00:00.05 | Mem:5.13M, Peak:5.13M | EAR_ISOLATION_QA, ViewLayer | Updating Primitive Offsets
Fra:1 Mem:139.17M (Peak 139.17M) | Time:00:00.05 | Mem:5.13M, Peak:5.13M | EAR_ISOLATION_QA, ViewLayer | Updating Images
Fra:1 Mem:139.17M (Peak 139.17M) | Time:00:00.05 | Mem:5.13M, Peak:5.13M | EAR_ISOLATION_QA, ViewLayer | Updating Camera Volume
Fra:1 Mem:139.17M (Peak 139.17M) | Time:00:00.05 | Mem:5.13M, Peak:5.13M | EAR_ISOLATION_QA, ViewLayer | Updating Lookup Tables
Fra:1 Mem:139.17M (Peak 139.17M) | Time:00:00.05 | Mem:5.21M, Peak:5.21M | EAR_ISOLATION_QA, ViewLayer | Updating Lights
Fra:1 Mem:139.17M (Peak 139.17M) | Time:00:00.05 | Mem:5.21M, Peak:5.21M | EAR_ISOLATION_QA, ViewLayer | Updating Lights | Computing distribution
Fra:1 Mem:139.17M (Peak 139.17M) | Time:00:00.05 | Mem:5.21M, Peak:5.21M | EAR_ISOLATION_QA, ViewLayer | Updating Lights | Computing tree
Fra:1 Mem:139.17M (Peak 139.17M) | Time:00:00.05 | Mem:5.21M, Peak:5.21M | EAR_ISOLATION_QA, ViewLayer | Updating Integrator
Fra:1 Mem:140.17M (Peak 140.17M) | Time:00:00.05 | Mem:6.21M, Peak:6.21M | EAR_ISOLATION_QA, ViewLayer | Updating Film
Fra:1 Mem:140.17M (Peak 140.17M) | Time:00:00.05 | Mem:6.13M, Peak:6.21M | EAR_ISOLATION_QA, ViewLayer | Updating Lookup Tables
Fra:1 Mem:140.17M (Peak 140.17M) | Time:00:00.05 | Mem:6.21M, Peak:6.21M | EAR_ISOLATION_QA, ViewLayer | Updating Baking
Fra:1 Mem:140.17M (Peak 140.17M) | Time:00:00.05 | Mem:6.21M, Peak:6.21M | EAR_ISOLATION_QA, ViewLayer | Updating Device | Writing constant memory
Fra:1 Mem:140.17M (Peak 140.17M) | Time:00:00.05 | Mem:6.21M, Peak:6.21M | EAR_ISOLATION_QA, ViewLayer | Sample 0/40
Fra:1 Mem:168.88M (Peak 168.88M) | Time:00:00.36 | Remaining:00:12.25 | Mem:34.93M, Peak:34.93M | EAR_ISOLATION_QA, ViewLayer | Sample 1/40
Fra:1 Mem:181.64M (Peak 207.16M) | Time:00:04.76 | Mem:34.93M, Peak:34.93M | EAR_ISOLATION_QA, ViewLayer | Sample 40/40
Fra:1 Mem:181.64M (Peak 207.16M) | Time:00:04.76 | Mem:34.93M, Peak:34.93M | EAR_ISOLATION_QA, ViewLayer | Finished
Saved: '/root/Project/rack-device-3d/Cisco-N9KC9336C-FX2/v001/qa/glb-ear-front-alpha.png'
Time: 00:05.01 (Saving: 00:00.24)

EAR_QA_RENDER glb front alpha
Fra:1 Mem:132.62M (Peak 132.62M) | Time:00:00.00 | Mem:0.00M, Peak:0.00M | EAR_ISOLATION_QA, ViewLayer | Synchronizing object | QA_CHECKER_BACKGROUND
Fra:1 Mem:132.62M (Peak 132.62M) | Time:00:00.00 | Mem:0.00M, Peak:0.00M | EAR_ISOLATION_QA, ViewLayer | Synchronizing object | QA_RIGHT_EAR_bent_opaque_solid_with_true_bores.001
Fra:1 Mem:133.83M (Peak 133.83M) | Time:00:00.00 | Mem:0.00M, Peak:0.00M | EAR_ISOLATION_QA, ViewLayer | Synchronizing object | QA_LEFT_EAR_bent_opaque_solid_with_true_bores.001
Fra:1 Mem:135.22M (Peak 137.62M) | Time:00:00.02 | Mem:0.00M, Peak:0.00M | EAR_ISOLATION_QA, ViewLayer | Initializing
Fra:1 Mem:135.21M (Peak 137.62M) | Time:00:00.02 | Mem:0.00M, Peak:0.00M | EAR_ISOLATION_QA, ViewLayer | Updating Images | Loading metal-micro-normal.001
Fra:1 Mem:136.21M (Peak 137.62M) | Time:00:00.02 | Mem:0.00M, Peak:0.00M | EAR_ISOLATION_QA, ViewLayer | Updating Images | Loading zinc-plated-brackets-roughness.001
Fra:1 Mem:136.54M (Peak 140.22M) | Time:00:00.04 | Mem:2.00M, Peak:2.00M | EAR_ISOLATION_QA, ViewLayer | Waiting for render to start
Fra:1 Mem:136.54M (Peak 140.22M) | Time:00:00.04 | Mem:2.00M, Peak:2.00M | EAR_ISOLATION_QA, ViewLayer | Loading render kernels (may take a few minutes the first time)
Fra:1 Mem:136.54M (Peak 140.22M) | Time:00:00.04 | Mem:2.00M, Peak:2.00M | EAR_ISOLATION_QA, ViewLayer | Updating Scene
Fra:1 Mem:136.54M (Peak 140.22M) | Time:00:00.04 | Mem:2.00M, Peak:2.00M | EAR_ISOLATION_QA, ViewLayer | Updating Shaders
Fra:1 Mem:136.63M (Peak 140.22M) | Time:00:00.04 | Mem:2.00M, Peak:2.00M | EAR_ISOLATION_QA, ViewLayer | Updating Procedurals
Fra:1 Mem:136.63M (Peak 140.22M) | Time:00:00.04 | Mem:2.00M, Peak:2.00M | EAR_ISOLATION_QA, ViewLayer | Updating Background
Fra:1 Mem:136.63M (Peak 140.22M) | Time:00:00.04 | Mem:2.00M, Peak:2.00M | EAR_ISOLATION_QA, ViewLayer | Updating Camera
Fra:1 Mem:136.63M (Peak 140.22M) | Time:00:00.04 | Mem:2.00M, Peak:2.00M | EAR_ISOLATION_QA, ViewLayer | Updating Meshes Flags
Fra:1 Mem:136.63M (Peak 140.22M) | Time:00:00.04 | Mem:2.00M, Peak:2.00M | EAR_ISOLATION_QA, ViewLayer | Updating Objects
Fra:1 Mem:136.63M (Peak 140.22M) | Time:00:00.04 | Mem:2.00M, Peak:2.00M | EAR_ISOLATION_QA, ViewLayer | Updating Objects | Copying Transformations to device
Fra:1 Mem:136.63M (Peak 140.22M) | Time:00:00.04 | Mem:2.00M, Peak:2.00M | EAR_ISOLATION_QA, ViewLayer | Updating Objects | Applying Static Transformations
Fra:1 Mem:136.63M (Peak 140.22M) | Time:00:00.04 | Mem:2.00M, Peak:2.00M | EAR_ISOLATION_QA, ViewLayer | Updating Particle Systems
Fra:1 Mem:136.63M (Peak 140.22M) | Time:00:00.04 | Mem:2.00M, Peak:2.00M | EAR_ISOLATION_QA, ViewLayer | Updating Particle Systems | Copying Particles to device
Fra:1 Mem:136.63M (Peak 140.22M) | Time:00:00.04 | Mem:2.00M, Peak:2.00M | EAR_ISOLATION_QA, ViewLayer | Updating Meshes
Fra:1 Mem:136.80M (Peak 140.22M) | Time:00:00.04 | Mem:2.00M, Peak:2.00M | EAR_ISOLATION_QA, ViewLayer | Updating Mesh | Computing attributes
Fra:1 Mem:137.94M (Peak 140.22M) | Time:00:00.04 | Mem:2.00M, Peak:2.00M | EAR_ISOLATION_QA, ViewLayer | Updating Mesh | Copying Attributes to device
Fra:1 Mem:137.94M (Peak 140.22M) | Time:00:00.04 | Mem:3.15M, Peak:3.15M | EAR_ISOLATION_QA, ViewLayer | Updating Scene BVH | Building
Fra:1 Mem:137.94M (Peak 140.22M) | Time:00:00.04 | Mem:3.15M, Peak:3.15M | EAR_ISOLATION_QA, ViewLayer | Updating Scene BVH | Building BVH
Fra:1 Mem:137.94M (Peak 140.22M) | Time:00:00.04 | Mem:3.49M, Peak:3.49M | EAR_ISOLATION_QA, ViewLayer | Updating Scene BVH | Building BVH 0%
Fra:1 Mem:137.94M (Peak 140.22M) | Time:00:00.05 | Mem:3.90M, Peak:4.24M | EAR_ISOLATION_QA, ViewLayer | Updating Scene BVH | Copying BVH to device
Fra:1 Mem:137.94M (Peak 140.22M) | Time:00:00.05 | Mem:3.90M, Peak:4.24M | EAR_ISOLATION_QA, ViewLayer | Updating Mesh | Computing normals
Fra:1 Mem:139.17M (Peak 140.22M) | Time:00:00.05 | Mem:3.90M, Peak:4.24M | EAR_ISOLATION_QA, ViewLayer | Updating Mesh | Copying Mesh to device
Fra:1 Mem:139.17M (Peak 140.22M) | Time:00:00.05 | Mem:5.13M, Peak:5.13M | EAR_ISOLATION_QA, ViewLayer | Updating Objects Flags
Fra:1 Mem:139.17M (Peak 140.22M) | Time:00:00.05 | Mem:5.13M, Peak:5.13M | EAR_ISOLATION_QA, ViewLayer | Updating Primitive Offsets
Fra:1 Mem:139.17M (Peak 140.22M) | Time:00:00.05 | Mem:5.13M, Peak:5.13M | EAR_ISOLATION_QA, ViewLayer | Updating Images
Fra:1 Mem:139.17M (Peak 140.22M) | Time:00:00.05 | Mem:5.13M, Peak:5.13M | EAR_ISOLATION_QA, ViewLayer | Updating Camera Volume
Fra:1 Mem:139.17M (Peak 140.22M) | Time:00:00.05 | Mem:5.13M, Peak:5.13M | EAR_ISOLATION_QA, ViewLayer | Updating Lookup Tables
Fra:1 Mem:139.17M (Peak 140.22M) | Time:00:00.05 | Mem:5.21M, Peak:5.21M | EAR_ISOLATION_QA, ViewLayer | Updating Lights
Fra:1 Mem:139.17M (Peak 140.22M) | Time:00:00.05 | Mem:5.21M, Peak:5.21M | EAR_ISOLATION_QA, ViewLayer | Updating Lights | Computing distribution
Fra:1 Mem:139.17M (Peak 140.22M) | Time:00:00.05 | Mem:5.21M, Peak:5.21M | EAR_ISOLATION_QA, ViewLayer | Updating Lights | Computing tree
Fra:1 Mem:139.17M (Peak 140.22M) | Time:00:00.05 | Mem:5.21M, Peak:5.21M | EAR_ISOLATION_QA, ViewLayer | Updating Integrator
Fra:1 Mem:140.17M (Peak 140.22M) | Time:00:00.05 | Mem:6.21M, Peak:6.21M | EAR_ISOLATION_QA, ViewLayer | Updating Film
Fra:1 Mem:140.18M (Peak 140.22M) | Time:00:00.05 | Mem:6.13M, Peak:6.21M | EAR_ISOLATION_QA, ViewLayer | Updating Lookup Tables
Fra:1 Mem:140.18M (Peak 140.22M) | Time:00:00.05 | Mem:6.21M, Peak:6.21M | EAR_ISOLATION_QA, ViewLayer | Updating Baking
Fra:1 Mem:140.18M (Peak 140.22M) | Time:00:00.05 | Mem:6.21M, Peak:6.21M | EAR_ISOLATION_QA, ViewLayer | Updating Device | Writing constant memory
Fra:1 Mem:140.18M (Peak 140.22M) | Time:00:00.05 | Mem:6.21M, Peak:6.21M | EAR_ISOLATION_QA, ViewLayer | Sample 0/40
Fra:1 Mem:168.89M (Peak 168.89M) | Time:00:02.00 | Remaining:01:16.13 | Mem:34.93M, Peak:34.93M | EAR_ISOLATION_QA, ViewLayer | Sample 1/40
Fra:1 Mem:168.89M (Peak 168.89M) | Time:00:24.06 | Remaining:00:32.48 | Mem:34.93M, Peak:34.93M | EAR_ISOLATION_QA, ViewLayer | Sample 17/40
Fra:1 Mem:168.89M (Peak 168.89M) | Time:00:44.72 | Remaining:00:09.47 | Mem:34.93M, Peak:34.93M | EAR_ISOLATION_QA, ViewLayer | Sample 33/40
Fra:1 Mem:181.64M (Peak 207.16M) | Time:00:53.66 | Mem:34.93M, Peak:34.93M | EAR_ISOLATION_QA, ViewLayer | Sample 40/40
Fra:1 Mem:181.64M (Peak 207.16M) | Time:00:53.66 | Mem:34.93M, Peak:34.93M | EAR_ISOLATION_QA, ViewLayer | Finished
Saved: '/root/Project/rack-device-3d/Cisco-N9KC9336C-FX2/v001/qa/glb-ear-back-checker.png'
Time: 00:53.94 (Saving: 00:00.27)

EAR_QA_RENDER glb back checker
Fra:1 Mem:132.55M (Peak 132.55M) | Time:00:00.01 | Mem:0.00M, Peak:0.00M | EAR_ISOLATION_QA, ViewLayer | Synchronizing object | QA_RIGHT_EAR_bent_opaque_solid_with_true_bores.001
Fra:1 Mem:132.86M (Peak 132.86M) | Time:00:00.01 | Mem:0.00M, Peak:0.00M | EAR_ISOLATION_QA, ViewLayer | Synchronizing object | QA_LEFT_EAR_bent_opaque_solid_with_true_bores.001
Fra:1 Mem:135.15M (Peak 137.94M) | Time:00:00.03 | Mem:0.00M, Peak:0.00M | EAR_ISOLATION_QA, ViewLayer | Initializing
Fra:1 Mem:135.13M (Peak 137.94M) | Time:00:00.03 | Mem:0.00M, Peak:0.00M | EAR_ISOLATION_QA, ViewLayer | Updating Images | Loading metal-micro-normal.001
Fra:1 Mem:135.13M (Peak 137.94M) | Time:00:00.03 | Mem:0.00M, Peak:0.00M | EAR_ISOLATION_QA, ViewLayer | Updating Images | Loading zinc-plated-brackets-roughness.001
Fra:1 Mem:136.54M (Peak 140.15M) | Time:00:00.05 | Mem:2.00M, Peak:2.00M | EAR_ISOLATION_QA, ViewLayer | Waiting for render to start
Fra:1 Mem:136.54M (Peak 140.15M) | Time:00:00.05 | Mem:2.00M, Peak:2.00M | EAR_ISOLATION_QA, ViewLayer | Loading render kernels (may take a few minutes the first time)
Fra:1 Mem:136.54M (Peak 140.15M) | Time:00:00.05 | Mem:2.00M, Peak:2.00M | EAR_ISOLATION_QA, ViewLayer | Updating Scene
Fra:1 Mem:136.54M (Peak 140.15M) | Time:00:00.05 | Mem:2.00M, Peak:2.00M | EAR_ISOLATION_QA, ViewLayer | Updating Shaders
Fra:1 Mem:136.62M (Peak 140.15M) | Time:00:00.05 | Mem:2.00M, Peak:2.00M | EAR_ISOLATION_QA, ViewLayer | Updating Procedurals
Fra:1 Mem:136.62M (Peak 140.15M) | Time:00:00.05 | Mem:2.00M, Peak:2.00M | EAR_ISOLATION_QA, ViewLayer | Updating Background
Fra:1 Mem:136.62M (Peak 140.15M) | Time:00:00.05 | Mem:2.00M, Peak:2.00M | EAR_ISOLATION_QA, ViewLayer | Updating Camera
Fra:1 Mem:136.62M (Peak 140.15M) | Time:00:00.05 | Mem:2.00M, Peak:2.00M | EAR_ISOLATION_QA, ViewLayer | Updating Meshes Flags
Fra:1 Mem:136.62M (Peak 140.15M) | Time:00:00.05 | Mem:2.00M, Peak:2.00M | EAR_ISOLATION_QA, ViewLayer | Updating Objects
Fra:1 Mem:136.62M (Peak 140.15M) | Time:00:00.05 | Mem:2.00M, Peak:2.00M | EAR_ISOLATION_QA, ViewLayer | Updating Objects | Copying Transformations to device
Fra:1 Mem:136.62M (Peak 140.15M) | Time:00:00.05 | Mem:2.00M, Peak:2.00M | EAR_ISOLATION_QA, ViewLayer | Updating Objects | Applying Static Transformations
Fra:1 Mem:136.62M (Peak 140.15M) | Time:00:00.05 | Mem:2.00M, Peak:2.00M | EAR_ISOLATION_QA, ViewLayer | Updating Particle Systems
Fra:1 Mem:136.62M (Peak 140.15M) | Time:00:00.05 | Mem:2.00M, Peak:2.00M | EAR_ISOLATION_QA, ViewLayer | Updating Particle Systems | Copying Particles to device
Fra:1 Mem:136.62M (Peak 140.15M) | Time:00:00.05 | Mem:2.00M, Peak:2.00M | EAR_ISOLATION_QA, ViewLayer | Updating Meshes
Fra:1 Mem:136.79M (Peak 140.15M) | Time:00:00.05 | Mem:2.00M, Peak:2.00M | EAR_ISOLATION_QA, ViewLayer | Updating Mesh | Computing attributes
Fra:1 Mem:137.94M (Peak 140.15M) | Time:00:00.05 | Mem:2.00M, Peak:2.00M | EAR_ISOLATION_QA, ViewLayer | Updating Mesh | Copying Attributes to device
Fra:1 Mem:137.94M (Peak 140.15M) | Time:00:00.05 | Mem:3.15M, Peak:3.15M | EAR_ISOLATION_QA, ViewLayer | Updating Scene BVH | Building
Fra:1 Mem:137.94M (Peak 140.15M) | Time:00:00.05 | Mem:3.15M, Peak:3.15M | EAR_ISOLATION_QA, ViewLayer | Updating Scene BVH | Building BVH
Fra:1 Mem:137.94M (Peak 140.15M) | Time:00:00.05 | Mem:3.49M, Peak:3.49M | EAR_ISOLATION_QA, ViewLayer | Updating Scene BVH | Building BVH 0%
Fra:1 Mem:137.94M (Peak 140.15M) | Time:00:00.06 | Mem:3.90M, Peak:4.24M | EAR_ISOLATION_QA, ViewLayer | Updating Scene BVH | Copying BVH to device
Fra:1 Mem:137.94M (Peak 140.15M) | Time:00:00.06 | Mem:3.90M, Peak:4.24M | EAR_ISOLATION_QA, ViewLayer | Updating Mesh | Computing normals
Fra:1 Mem:139.17M (Peak 140.15M) | Time:00:00.06 | Mem:3.90M, Peak:4.24M | EAR_ISOLATION_QA, ViewLayer | Updating Mesh | Copying Mesh to device
Fra:1 Mem:139.17M (Peak 140.15M) | Time:00:00.06 | Mem:5.13M, Peak:5.13M | EAR_ISOLATION_QA, ViewLayer | Updating Objects Flags
Fra:1 Mem:139.17M (Peak 140.15M) | Time:00:00.06 | Mem:5.13M, Peak:5.13M | EAR_ISOLATION_QA, ViewLayer | Updating Primitive Offsets
Fra:1 Mem:139.17M (Peak 140.15M) | Time:00:00.06 | Mem:5.13M, Peak:5.13M | EAR_ISOLATION_QA, ViewLayer | Updating Images
Fra:1 Mem:139.17M (Peak 140.15M) | Time:00:00.06 | Mem:5.13M, Peak:5.13M | EAR_ISOLATION_QA, ViewLayer | Updating Camera Volume
Fra:1 Mem:139.17M (Peak 140.15M) | Time:00:00.06 | Mem:5.13M, Peak:5.13M | EAR_ISOLATION_QA, ViewLayer | Updating Lookup Tables
Fra:1 Mem:139.17M (Peak 140.15M) | Time:00:00.06 | Mem:5.21M, Peak:5.21M | EAR_ISOLATION_QA, ViewLayer | Updating Lights
Fra:1 Mem:139.17M (Peak 140.15M) | Time:00:00.06 | Mem:5.21M, Peak:5.21M | EAR_ISOLATION_QA, ViewLayer | Updating Lights | Computing distribution
Fra:1 Mem:139.17M (Peak 140.15M) | Time:00:00.06 | Mem:5.21M, Peak:5.21M | EAR_ISOLATION_QA, ViewLayer | Updating Lights | Computing tree
Fra:1 Mem:139.17M (Peak 140.15M) | Time:00:00.06 | Mem:5.21M, Peak:5.21M | EAR_ISOLATION_QA, ViewLayer | Updating Integrator
Fra:1 Mem:140.17M (Peak 140.17M) | Time:00:00.07 | Mem:6.21M, Peak:6.21M | EAR_ISOLATION_QA, ViewLayer | Updating Film
Fra:1 Mem:140.17M (Peak 140.17M) | Time:00:00.07 | Mem:6.13M, Peak:6.21M | EAR_ISOLATION_QA, ViewLayer | Updating Lookup Tables
Fra:1 Mem:140.17M (Peak 140.17M) | Time:00:00.07 | Mem:6.21M, Peak:6.21M | EAR_ISOLATION_QA, ViewLayer | Updating Baking
Fra:1 Mem:140.17M (Peak 140.17M) | Time:00:00.07 | Mem:6.21M, Peak:6.21M | EAR_ISOLATION_QA, ViewLayer | Updating Device | Writing constant memory
Fra:1 Mem:140.17M (Peak 140.17M) | Time:00:00.07 | Mem:6.21M, Peak:6.21M | EAR_ISOLATION_QA, ViewLayer | Sample 0/40
Fra:1 Mem:168.88M (Peak 168.88M) | Time:00:00.55 | Remaining:00:18.78 | Mem:34.93M, Peak:34.93M | EAR_ISOLATION_QA, ViewLayer | Sample 1/40
Fra:1 Mem:181.64M (Peak 207.16M) | Time:00:06.42 | Mem:34.93M, Peak:34.93M | EAR_ISOLATION_QA, ViewLayer | Sample 40/40
Fra:1 Mem:181.64M (Peak 207.16M) | Time:00:06.42 | Mem:34.93M, Peak:34.93M | EAR_ISOLATION_QA, ViewLayer | Finished
Saved: '/root/Project/rack-device-3d/Cisco-N9KC9336C-FX2/v001/qa/glb-ear-back-alpha.png'
Time: 00:06.58 (Saving: 00:00.15)

EAR_QA_RENDER glb back alpha
Fra:1 Mem:132.40M (Peak 132.40M) | Time:00:00.00 | Mem:0.00M, Peak:0.00M | EAR_ISOLATION_QA, ViewLayer | Synchronizing object | QA_RIGHT_EAR_bent_opaque_solid_with_true_bores.001
Fra:1 Mem:132.41M (Peak 132.41M) | Time:00:00.00 | Mem:0.00M, Peak:0.00M | EAR_ISOLATION_QA, ViewLayer | Synchronizing object | QA_CHECKER_BACKGROUND
Fra:1 Mem:133.70M (Peak 134.89M) | Time:00:00.04 | Mem:0.00M, Peak:0.00M | EAR_ISOLATION_QA, ViewLayer | Initializing
Fra:1 Mem:133.69M (Peak 134.89M) | Time:00:00.04 | Mem:0.00M, Peak:0.00M | EAR_ISOLATION_QA, ViewLayer | Updating Images | Loading metal-micro-normal.001
Fra:1 Mem:133.69M (Peak 134.89M) | Time:00:00.04 | Mem:0.00M, Peak:0.00M | EAR_ISOLATION_QA, ViewLayer | Updating Images | Loading zinc-plated-brackets-roughness.001
Fra:1 Mem:135.24M (Peak 136.71M) | Time:00:00.07 | Mem:2.00M, Peak:2.00M | EAR_ISOLATION_QA, ViewLayer | Waiting for render to start
Fra:1 Mem:135.24M (Peak 136.71M) | Time:00:00.07 | Mem:2.00M, Peak:2.00M | EAR_ISOLATION_QA, ViewLayer | Loading render kernels (may take a few minutes the first time)
Fra:1 Mem:135.24M (Peak 136.71M) | Time:00:00.07 | Mem:2.00M, Peak:2.00M | EAR_ISOLATION_QA, ViewLayer | Updating Scene
Fra:1 Mem:135.24M (Peak 136.71M) | Time:00:00.07 | Mem:2.00M, Peak:2.00M | EAR_ISOLATION_QA, ViewLayer | Updating Shaders
Fra:1 Mem:135.33M (Peak 136.71M) | Time:00:00.07 | Mem:2.00M, Peak:2.00M | EAR_ISOLATION_QA, ViewLayer | Updating Procedurals
Fra:1 Mem:135.33M (Peak 136.71M) | Time:00:00.07 | Mem:2.00M, Peak:2.00M | EAR_ISOLATION_QA, ViewLayer | Updating Background
Fra:1 Mem:135.33M (Peak 136.71M) | Time:00:00.07 | Mem:2.00M, Peak:2.00M | EAR_ISOLATION_QA, ViewLayer | Updating Camera
Fra:1 Mem:135.33M (Peak 136.71M) | Time:00:00.07 | Mem:2.00M, Peak:2.00M | EAR_ISOLATION_QA, ViewLayer | Updating Meshes Flags
Fra:1 Mem:135.33M (Peak 136.71M) | Time:00:00.07 | Mem:2.00M, Peak:2.00M | EAR_ISOLATION_QA, ViewLayer | Updating Objects
Fra:1 Mem:135.33M (Peak 136.71M) | Time:00:00.07 | Mem:2.00M, Peak:2.00M | EAR_ISOLATION_QA, ViewLayer | Updating Objects | Copying Transformations to device
Fra:1 Mem:135.33M (Peak 136.71M) | Time:00:00.07 | Mem:2.00M, Peak:2.00M | EAR_ISOLATION_QA, ViewLayer | Updating Objects | Applying Static Transformations
Fra:1 Mem:135.33M (Peak 136.71M) | Time:00:00.07 | Mem:2.00M, Peak:2.00M | EAR_ISOLATION_QA, ViewLayer | Updating Particle Systems
Fra:1 Mem:135.33M (Peak 136.71M) | Time:00:00.07 | Mem:2.00M, Peak:2.00M | EAR_ISOLATION_QA, ViewLayer | Updating Particle Systems | Copying Particles to device
Fra:1 Mem:135.33M (Peak 136.71M) | Time:00:00.07 | Mem:2.00M, Peak:2.00M | EAR_ISOLATION_QA, ViewLayer | Updating Meshes
Fra:1 Mem:135.41M (Peak 136.71M) | Time:00:00.07 | Mem:2.00M, Peak:2.00M | EAR_ISOLATION_QA, ViewLayer | Updating Mesh | Computing attributes
Fra:1 Mem:135.99M (Peak 136.71M) | Time:00:00.07 | Mem:2.00M, Peak:2.00M | EAR_ISOLATION_QA, ViewLayer | Updating Mesh | Copying Attributes to device
Fra:1 Mem:135.99M (Peak 136.71M) | Time:00:00.07 | Mem:2.58M, Peak:2.58M | EAR_ISOLATION_QA, ViewLayer | Updating Scene BVH | Building
Fra:1 Mem:135.99M (Peak 136.71M) | Time:00:00.07 | Mem:2.58M, Peak:2.58M | EAR_ISOLATION_QA, ViewLayer | Updating Scene BVH | Building BVH
Fra:1 Mem:135.99M (Peak 136.71M) | Time:00:00.07 | Mem:2.75M, Peak:2.75M | EAR_ISOLATION_QA, ViewLayer | Updating Scene BVH | Building BVH 0%
Fra:1 Mem:135.99M (Peak 136.71M) | Time:00:00.09 | Mem:2.95M, Peak:3.12M | EAR_ISOLATION_QA, ViewLayer | Updating Scene BVH | Copying BVH to device
Fra:1 Mem:135.99M (Peak 136.71M) | Time:00:00.09 | Mem:2.95M, Peak:3.12M | EAR_ISOLATION_QA, ViewLayer | Updating Mesh | Computing normals
Fra:1 Mem:136.60M (Peak 136.71M) | Time:00:00.09 | Mem:2.95M, Peak:3.12M | EAR_ISOLATION_QA, ViewLayer | Updating Mesh | Copying Mesh to device
Fra:1 Mem:136.60M (Peak 136.71M) | Time:00:00.09 | Mem:3.57M, Peak:3.57M | EAR_ISOLATION_QA, ViewLayer | Updating Objects Flags
Fra:1 Mem:136.60M (Peak 136.71M) | Time:00:00.09 | Mem:3.57M, Peak:3.57M | EAR_ISOLATION_QA, ViewLayer | Updating Primitive Offsets
Fra:1 Mem:136.60M (Peak 136.71M) | Time:00:00.09 | Mem:3.57M, Peak:3.57M | EAR_ISOLATION_QA, ViewLayer | Updating Images
Fra:1 Mem:136.60M (Peak 136.71M) | Time:00:00.09 | Mem:3.57M, Peak:3.57M | EAR_ISOLATION_QA, ViewLayer | Updating Camera Volume
Fra:1 Mem:136.60M (Peak 136.71M) | Time:00:00.09 | Mem:3.57M, Peak:3.57M | EAR_ISOLATION_QA, ViewLayer | Updating Lookup Tables
Fra:1 Mem:136.60M (Peak 136.71M) | Time:00:00.09 | Mem:3.65M, Peak:3.65M | EAR_ISOLATION_QA, ViewLayer | Updating Lights
Fra:1 Mem:136.60M (Peak 136.71M) | Time:00:00.09 | Mem:3.65M, Peak:3.65M | EAR_ISOLATION_QA, ViewLayer | Updating Lights | Computing distribution
Fra:1 Mem:136.60M (Peak 136.71M) | Time:00:00.09 | Mem:3.65M, Peak:3.65M | EAR_ISOLATION_QA, ViewLayer | Updating Lights | Computing tree
Fra:1 Mem:136.60M (Peak 136.71M) | Time:00:00.09 | Mem:3.65M, Peak:3.65M | EAR_ISOLATION_QA, ViewLayer | Updating Integrator
Fra:1 Mem:137.60M (Peak 137.60M) | Time:00:00.09 | Mem:4.65M, Peak:4.65M | EAR_ISOLATION_QA, ViewLayer | Updating Film
Fra:1 Mem:137.61M (Peak 137.61M) | Time:00:00.09 | Mem:4.57M, Peak:4.65M | EAR_ISOLATION_QA, ViewLayer | Updating Lookup Tables
Fra:1 Mem:137.61M (Peak 137.61M) | Time:00:00.09 | Mem:4.65M, Peak:4.65M | EAR_ISOLATION_QA, ViewLayer | Updating Baking
Fra:1 Mem:137.61M (Peak 137.61M) | Time:00:00.09 | Mem:4.65M, Peak:4.65M | EAR_ISOLATION_QA, ViewLayer | Updating Device | Writing constant memory
Fra:1 Mem:137.61M (Peak 137.61M) | Time:00:00.09 | Mem:4.65M, Peak:4.65M | EAR_ISOLATION_QA, ViewLayer | Sample 0/40
Fra:1 Mem:178.81M (Peak 178.81M) | Time:00:02.40 | Remaining:01:30.02 | Mem:45.86M, Peak:45.86M | EAR_ISOLATION_QA, ViewLayer | Sample 1/40
Fra:1 Mem:178.81M (Peak 178.81M) | Time:00:35.29 | Remaining:00:47.62 | Mem:45.86M, Peak:45.86M | EAR_ISOLATION_QA, ViewLayer | Sample 17/40
Fra:1 Mem:178.81M (Peak 178.81M) | Time:01:09.32 | Remaining:00:14.68 | Mem:45.86M, Peak:45.86M | EAR_ISOLATION_QA, ViewLayer | Sample 33/40
Fra:1 Mem:197.12M (Peak 233.75M) | Time:01:23.91 | Mem:45.86M, Peak:45.86M | EAR_ISOLATION_QA, ViewLayer | Sample 40/40
Fra:1 Mem:197.12M (Peak 233.75M) | Time:01:23.91 | Mem:45.86M, Peak:45.86M | EAR_ISOLATION_QA, ViewLayer | Finished
Saved: '/root/Project/rack-device-3d/Cisco-N9KC9336C-FX2/v001/qa/glb-ear-right-side-checker.png'
Time: 01:24.23 (Saving: 00:00.28)

EAR_QA_RENDER glb right-side checker
Fra:1 Mem:132.33M (Peak 132.33M) | Time:00:00.00 | Mem:0.00M, Peak:0.00M | EAR_ISOLATION_QA, ViewLayer | Synchronizing object | QA_RIGHT_EAR_bent_opaque_solid_with_true_bores.001
Fra:1 Mem:133.63M (Peak 134.81M) | Time:00:00.01 | Mem:0.00M, Peak:0.00M | EAR_ISOLATION_QA, ViewLayer | Initializing
Fra:1 Mem:133.62M (Peak 134.81M) | Time:00:00.01 | Mem:0.00M, Peak:0.00M | EAR_ISOLATION_QA, ViewLayer | Updating Images | Loading metal-micro-normal.001
Fra:1 Mem:134.62M (Peak 134.81M) | Time:00:00.01 | Mem:0.00M, Peak:0.00M | EAR_ISOLATION_QA, ViewLayer | Updating Images | Loading zinc-plated-brackets-roughness.001
Fra:1 Mem:135.24M (Peak 136.64M) | Time:00:00.03 | Mem:2.00M, Peak:2.00M | EAR_ISOLATION_QA, ViewLayer | Waiting for render to start
Fra:1 Mem:135.24M (Peak 136.64M) | Time:00:00.03 | Mem:2.00M, Peak:2.00M | EAR_ISOLATION_QA, ViewLayer | Loading render kernels (may take a few minutes the first time)
Fra:1 Mem:135.24M (Peak 136.64M) | Time:00:00.03 | Mem:2.00M, Peak:2.00M | EAR_ISOLATION_QA, ViewLayer | Updating Scene
Fra:1 Mem:135.24M (Peak 136.64M) | Time:00:00.03 | Mem:2.00M, Peak:2.00M | EAR_ISOLATION_QA, ViewLayer | Updating Shaders
Fra:1 Mem:135.33M (Peak 136.64M) | Time:00:00.03 | Mem:2.00M, Peak:2.00M | EAR_ISOLATION_QA, ViewLayer | Updating Procedurals
Fra:1 Mem:135.33M (Peak 136.64M) | Time:00:00.03 | Mem:2.00M, Peak:2.00M | EAR_ISOLATION_QA, ViewLayer | Updating Background
Fra:1 Mem:135.33M (Peak 136.64M) | Time:00:00.03 | Mem:2.00M, Peak:2.00M | EAR_ISOLATION_QA, ViewLayer | Updating Camera
Fra:1 Mem:135.33M (Peak 136.64M) | Time:00:00.03 | Mem:2.00M, Peak:2.00M | EAR_ISOLATION_QA, ViewLayer | Updating Meshes Flags
Fra:1 Mem:135.33M (Peak 136.64M) | Time:00:00.03 | Mem:2.00M, Peak:2.00M | EAR_ISOLATION_QA, ViewLayer | Updating Objects
Fra:1 Mem:135.33M (Peak 136.64M) | Time:00:00.03 | Mem:2.00M, Peak:2.00M | EAR_ISOLATION_QA, ViewLayer | Updating Objects | Copying Transformations to device
Fra:1 Mem:135.33M (Peak 136.64M) | Time:00:00.03 | Mem:2.00M, Peak:2.00M | EAR_ISOLATION_QA, ViewLayer | Updating Objects | Applying Static Transformations
Fra:1 Mem:135.33M (Peak 136.64M) | Time:00:00.03 | Mem:2.00M, Peak:2.00M | EAR_ISOLATION_QA, ViewLayer | Updating Particle Systems
Fra:1 Mem:135.33M (Peak 136.64M) | Time:00:00.03 | Mem:2.00M, Peak:2.00M | EAR_ISOLATION_QA, ViewLayer | Updating Particle Systems | Copying Particles to device
Fra:1 Mem:135.33M (Peak 136.64M) | Time:00:00.03 | Mem:2.00M, Peak:2.00M | EAR_ISOLATION_QA, ViewLayer | Updating Meshes
Fra:1 Mem:135.41M (Peak 136.64M) | Time:00:00.03 | Mem:2.00M, Peak:2.00M | EAR_ISOLATION_QA, ViewLayer | Updating Mesh | Computing attributes
Fra:1 Mem:135.98M (Peak 136.64M) | Time:00:00.03 | Mem:2.00M, Peak:2.00M | EAR_ISOLATION_QA, ViewLayer | Updating Mesh | Copying Attributes to device
Fra:1 Mem:135.98M (Peak 136.64M) | Time:00:00.03 | Mem:2.57M, Peak:2.57M | EAR_ISOLATION_QA, ViewLayer | Updating Scene BVH | Building
Fra:1 Mem:135.98M (Peak 136.64M) | Time:00:00.03 | Mem:2.57M, Peak:2.57M | EAR_ISOLATION_QA, ViewLayer | Updating Scene BVH | Building BVH
Fra:1 Mem:135.98M (Peak 136.64M) | Time:00:00.03 | Mem:2.74M, Peak:2.74M | EAR_ISOLATION_QA, ViewLayer | Updating Scene BVH | Building BVH 0%
Fra:1 Mem:135.98M (Peak 136.64M) | Time:00:00.03 | Mem:2.95M, Peak:3.12M | EAR_ISOLATION_QA, ViewLayer | Updating Scene BVH | Copying BVH to device
Fra:1 Mem:135.98M (Peak 136.64M) | Time:00:00.03 | Mem:2.95M, Peak:3.12M | EAR_ISOLATION_QA, ViewLayer | Updating Mesh | Computing normals
Fra:1 Mem:136.60M (Peak 136.64M) | Time:00:00.03 | Mem:2.95M, Peak:3.12M | EAR_ISOLATION_QA, ViewLayer | Updating Mesh | Copying Mesh to device
Fra:1 Mem:136.60M (Peak 136.64M) | Time:00:00.03 | Mem:3.57M, Peak:3.57M | EAR_ISOLATION_QA, ViewLayer | Updating Objects Flags
Fra:1 Mem:136.60M (Peak 136.64M) | Time:00:00.03 | Mem:3.57M, Peak:3.57M | EAR_ISOLATION_QA, ViewLayer | Updating Primitive Offsets
Fra:1 Mem:136.60M (Peak 136.64M) | Time:00:00.03 | Mem:3.57M, Peak:3.57M | EAR_ISOLATION_QA, ViewLayer | Updating Images
Fra:1 Mem:136.60M (Peak 136.64M) | Time:00:00.03 | Mem:3.57M, Peak:3.57M | EAR_ISOLATION_QA, ViewLayer | Updating Camera Volume
Fra:1 Mem:136.60M (Peak 136.64M) | Time:00:00.03 | Mem:3.57M, Peak:3.57M | EAR_ISOLATION_QA, ViewLayer | Updating Lookup Tables
Fra:1 Mem:136.60M (Peak 136.64M) | Time:00:00.03 | Mem:3.65M, Peak:3.65M | EAR_ISOLATION_QA, ViewLayer | Updating Lights
Fra:1 Mem:136.60M (Peak 136.64M) | Time:00:00.03 | Mem:3.65M, Peak:3.65M | EAR_ISOLATION_QA, ViewLayer | Updating Lights | Computing distribution
Fra:1 Mem:136.60M (Peak 136.64M) | Time:00:00.03 | Mem:3.65M, Peak:3.65M | EAR_ISOLATION_QA, ViewLayer | Updating Lights | Computing tree
Fra:1 Mem:136.60M (Peak 136.64M) | Time:00:00.03 | Mem:3.65M, Peak:3.65M | EAR_ISOLATION_QA, ViewLayer | Updating Integrator
Fra:1 Mem:137.60M (Peak 137.60M) | Time:00:00.03 | Mem:4.65M, Peak:4.65M | EAR_ISOLATION_QA, ViewLayer | Updating Film
Fra:1 Mem:137.60M (Peak 137.60M) | Time:00:00.03 | Mem:4.57M, Peak:4.65M | EAR_ISOLATION_QA, ViewLayer | Updating Lookup Tables
Fra:1 Mem:137.60M (Peak 137.60M) | Time:00:00.03 | Mem:4.65M, Peak:4.65M | EAR_ISOLATION_QA, ViewLayer | Updating Baking
Fra:1 Mem:137.60M (Peak 137.60M) | Time:00:00.03 | Mem:4.65M, Peak:4.65M | EAR_ISOLATION_QA, ViewLayer | Updating Device | Writing constant memory
Fra:1 Mem:137.60M (Peak 137.60M) | Time:00:00.03 | Mem:4.65M, Peak:4.65M | EAR_ISOLATION_QA, ViewLayer | Sample 0/40
Fra:1 Mem:178.81M (Peak 178.81M) | Time:00:01.35 | Remaining:00:51.31 | Mem:45.86M, Peak:45.86M | EAR_ISOLATION_QA, ViewLayer | Sample 1/40
Fra:1 Mem:178.81M (Peak 178.81M) | Time:00:20.26 | Remaining:00:27.36 | Mem:45.86M, Peak:45.86M | EAR_ISOLATION_QA, ViewLayer | Sample 17/40
Fra:1 Mem:197.12M (Peak 233.74M) | Time:00:49.40 | Mem:45.86M, Peak:45.86M | EAR_ISOLATION_QA, ViewLayer | Sample 40/40
Fra:1 Mem:197.12M (Peak 233.74M) | Time:00:49.40 | Mem:45.86M, Peak:45.86M | EAR_ISOLATION_QA, ViewLayer | Finished
Saved: '/root/Project/rack-device-3d/Cisco-N9KC9336C-FX2/v001/qa/glb-ear-right-side-alpha.png'
Time: 00:49.79 (Saving: 00:00.36)

EAR_QA_RENDER glb right-side alpha
Fra:1 Mem:132.40M (Peak 132.40M) | Time:00:00.00 | Mem:0.00M, Peak:0.00M | EAR_ISOLATION_QA, ViewLayer | Synchronizing object | QA_CHECKER_BACKGROUND
Fra:1 Mem:132.40M (Peak 132.40M) | Time:00:00.00 | Mem:0.00M, Peak:0.00M | EAR_ISOLATION_QA, ViewLayer | Synchronizing object | QA_LEFT_EAR_bent_opaque_solid_with_true_bores.001
Fra:1 Mem:133.70M (Peak 134.89M) | Time:00:00.01 | Mem:0.00M, Peak:0.00M | EAR_ISOLATION_QA, ViewLayer | Initializing
Fra:1 Mem:133.69M (Peak 134.89M) | Time:00:00.01 | Mem:0.00M, Peak:0.00M | EAR_ISOLATION_QA, ViewLayer | Updating Images | Loading metal-micro-normal.001
Fra:1 Mem:133.69M (Peak 134.89M) | Time:00:00.01 | Mem:0.00M, Peak:0.00M | EAR_ISOLATION_QA, ViewLayer | Updating Images | Loading zinc-plated-brackets-roughness.001
Fra:1 Mem:135.24M (Peak 136.71M) | Time:00:00.04 | Mem:2.00M, Peak:2.00M | EAR_ISOLATION_QA, ViewLayer | Waiting for render to start
Fra:1 Mem:135.24M (Peak 136.71M) | Time:00:00.04 | Mem:2.00M, Peak:2.00M | EAR_ISOLATION_QA, ViewLayer | Loading render kernels (may take a few minutes the first time)
Fra:1 Mem:135.24M (Peak 136.71M) | Time:00:00.04 | Mem:2.00M, Peak:2.00M | EAR_ISOLATION_QA, ViewLayer | Updating Scene
Fra:1 Mem:135.24M (Peak 136.71M) | Time:00:00.04 | Mem:2.00M, Peak:2.00M | EAR_ISOLATION_QA, ViewLayer | Updating Shaders
Fra:1 Mem:135.33M (Peak 136.71M) | Time:00:00.04 | Mem:2.00M, Peak:2.00M | EAR_ISOLATION_QA, ViewLayer | Updating Procedurals
Fra:1 Mem:135.33M (Peak 136.71M) | Time:00:00.04 | Mem:2.00M, Peak:2.00M | EAR_ISOLATION_QA, ViewLayer | Updating Background
Fra:1 Mem:135.33M (Peak 136.71M) | Time:00:00.04 | Mem:2.00M, Peak:2.00M | EAR_ISOLATION_QA, ViewLayer | Updating Camera
Fra:1 Mem:135.33M (Peak 136.71M) | Time:00:00.04 | Mem:2.00M, Peak:2.00M | EAR_ISOLATION_QA, ViewLayer | Updating Meshes Flags
Fra:1 Mem:135.33M (Peak 136.71M) | Time:00:00.04 | Mem:2.00M, Peak:2.00M | EAR_ISOLATION_QA, ViewLayer | Updating Objects
Fra:1 Mem:135.33M (Peak 136.71M) | Time:00:00.04 | Mem:2.00M, Peak:2.00M | EAR_ISOLATION_QA, ViewLayer | Updating Objects | Copying Transformations to device
Fra:1 Mem:135.33M (Peak 136.71M) | Time:00:00.04 | Mem:2.00M, Peak:2.00M | EAR_ISOLATION_QA, ViewLayer | Updating Objects | Applying Static Transformations
Fra:1 Mem:135.33M (Peak 136.71M) | Time:00:00.04 | Mem:2.00M, Peak:2.00M | EAR_ISOLATION_QA, ViewLayer | Updating Particle Systems
Fra:1 Mem:135.33M (Peak 136.71M) | Time:00:00.04 | Mem:2.00M, Peak:2.00M | EAR_ISOLATION_QA, ViewLayer | Updating Particle Systems | Copying Particles to device
Fra:1 Mem:135.33M (Peak 136.71M) | Time:00:00.04 | Mem:2.00M, Peak:2.00M | EAR_ISOLATION_QA, ViewLayer | Updating Meshes
Fra:1 Mem:135.41M (Peak 136.71M) | Time:00:00.04 | Mem:2.00M, Peak:2.00M | EAR_ISOLATION_QA, ViewLayer | Updating Mesh | Computing attributes
Fra:1 Mem:135.99M (Peak 136.71M) | Time:00:00.04 | Mem:2.00M, Peak:2.00M | EAR_ISOLATION_QA, ViewLayer | Updating Mesh | Copying Attributes to device
Fra:1 Mem:135.98M (Peak 136.71M) | Time:00:00.04 | Mem:2.58M, Peak:2.58M | EAR_ISOLATION_QA, ViewLayer | Updating Scene BVH | Building
Fra:1 Mem:135.98M (Peak 136.71M) | Time:00:00.04 | Mem:2.58M, Peak:2.58M | EAR_ISOLATION_QA, ViewLayer | Updating Scene BVH | Building BVH
Fra:1 Mem:135.98M (Peak 136.71M) | Time:00:00.04 | Mem:2.75M, Peak:2.75M | EAR_ISOLATION_QA, ViewLayer | Updating Scene BVH | Building BVH 0%
Fra:1 Mem:135.98M (Peak 136.71M) | Time:00:00.05 | Mem:2.95M, Peak:3.12M | EAR_ISOLATION_QA, ViewLayer | Updating Scene BVH | Copying BVH to device
Fra:1 Mem:135.98M (Peak 136.71M) | Time:00:00.05 | Mem:2.95M, Peak:3.12M | EAR_ISOLATION_QA, ViewLayer | Updating Mesh | Computing normals
Fra:1 Mem:136.60M (Peak 136.71M) | Time:00:00.05 | Mem:2.95M, Peak:3.12M | EAR_ISOLATION_QA, ViewLayer | Updating Mesh | Copying Mesh to device
Fra:1 Mem:136.60M (Peak 136.71M) | Time:00:00.05 | Mem:3.57M, Peak:3.57M | EAR_ISOLATION_QA, ViewLayer | Updating Objects Flags
Fra:1 Mem:136.60M (Peak 136.71M) | Time:00:00.05 | Mem:3.57M, Peak:3.57M | EAR_ISOLATION_QA, ViewLayer | Updating Primitive Offsets
Fra:1 Mem:136.60M (Peak 136.71M) | Time:00:00.05 | Mem:3.57M, Peak:3.57M | EAR_ISOLATION_QA, ViewLayer | Updating Images
Fra:1 Mem:136.60M (Peak 136.71M) | Time:00:00.05 | Mem:3.57M, Peak:3.57M | EAR_ISOLATION_QA, ViewLayer | Updating Camera Volume
Fra:1 Mem:136.60M (Peak 136.71M) | Time:00:00.05 | Mem:3.57M, Peak:3.57M | EAR_ISOLATION_QA, ViewLayer | Updating Lookup Tables
Fra:1 Mem:136.60M (Peak 136.71M) | Time:00:00.05 | Mem:3.65M, Peak:3.65M | EAR_ISOLATION_QA, ViewLayer | Updating Lights
Fra:1 Mem:136.60M (Peak 136.71M) | Time:00:00.05 | Mem:3.65M, Peak:3.65M | EAR_ISOLATION_QA, ViewLayer | Updating Lights | Computing distribution
Fra:1 Mem:136.60M (Peak 136.71M) | Time:00:00.05 | Mem:3.65M, Peak:3.65M | EAR_ISOLATION_QA, ViewLayer | Updating Lights | Computing tree
Fra:1 Mem:136.60M (Peak 136.71M) | Time:00:00.05 | Mem:3.65M, Peak:3.65M | EAR_ISOLATION_QA, ViewLayer | Updating Integrator
Fra:1 Mem:137.60M (Peak 137.60M) | Time:00:00.05 | Mem:4.65M, Peak:4.65M | EAR_ISOLATION_QA, ViewLayer | Updating Film
Fra:1 Mem:137.60M (Peak 137.60M) | Time:00:00.05 | Mem:4.57M, Peak:4.65M | EAR_ISOLATION_QA, ViewLayer | Updating Lookup Tables
Fra:1 Mem:137.60M (Peak 137.60M) | Time:00:00.05 | Mem:4.65M, Peak:4.65M | EAR_ISOLATION_QA, ViewLayer | Updating Baking
Fra:1 Mem:137.60M (Peak 137.60M) | Time:00:00.05 | Mem:4.65M, Peak:4.65M | EAR_ISOLATION_QA, ViewLayer | Updating Device | Writing constant memory
Fra:1 Mem:137.61M (Peak 137.61M) | Time:00:00.05 | Mem:4.65M, Peak:4.65M | EAR_ISOLATION_QA, ViewLayer | Sample 0/40
Fra:1 Mem:178.81M (Peak 178.81M) | Time:00:02.70 | Remaining:01:43.49 | Mem:45.86M, Peak:45.86M | EAR_ISOLATION_QA, ViewLayer | Sample 1/40
Fra:1 Mem:178.81M (Peak 178.81M) | Time:00:20.76 | Remaining:01:11.33 | Mem:45.86M, Peak:45.86M | EAR_ISOLATION_QA, ViewLayer | Sample 9/40
Fra:1 Mem:178.81M (Peak 178.81M) | Time:00:50.04 | Remaining:00:29.99 | Mem:45.86M, Peak:45.86M | EAR_ISOLATION_QA, ViewLayer | Sample 25/40
Fra:1 Mem:197.12M (Peak 233.75M) | Time:01:14.38 | Mem:45.86M, Peak:45.86M | EAR_ISOLATION_QA, ViewLayer | Sample 40/40
Fra:1 Mem:197.12M (Peak 233.75M) | Time:01:14.38 | Mem:45.86M, Peak:45.86M | EAR_ISOLATION_QA, ViewLayer | Finished
Saved: '/root/Project/rack-device-3d/Cisco-N9KC9336C-FX2/v001/qa/glb-ear-left-side-checker.png'
Time: 01:14.62 (Saving: 00:00.22)

EAR_QA_RENDER glb left-side checker
Fra:1 Mem:132.33M (Peak 132.33M) | Time:00:00.00 | Mem:0.00M, Peak:0.00M | EAR_ISOLATION_QA, ViewLayer | Synchronizing object | QA_LEFT_EAR_bent_opaque_solid_with_true_bores.001
Fra:1 Mem:133.63M (Peak 134.82M) | Time:00:00.01 | Mem:0.00M, Peak:0.00M | EAR_ISOLATION_QA, ViewLayer | Initializing
Fra:1 Mem:133.62M (Peak 134.82M) | Time:00:00.01 | Mem:0.00M, Peak:0.00M | EAR_ISOLATION_QA, ViewLayer | Updating Images | Loading metal-micro-normal.001
Fra:1 Mem:133.62M (Peak 134.82M) | Time:00:00.01 | Mem:0.00M, Peak:0.00M | EAR_ISOLATION_QA, ViewLayer | Updating Images | Loading zinc-plated-brackets-roughness.001
Fra:1 Mem:135.24M (Peak 136.63M) | Time:00:00.02 | Mem:2.00M, Peak:2.00M | EAR_ISOLATION_QA, ViewLayer | Waiting for render to start
Fra:1 Mem:135.24M (Peak 136.63M) | Time:00:00.02 | Mem:2.00M, Peak:2.00M | EAR_ISOLATION_QA, ViewLayer | Loading render kernels (may take a few minutes the first time)
Fra:1 Mem:135.24M (Peak 136.63M) | Time:00:00.02 | Mem:2.00M, Peak:2.00M | EAR_ISOLATION_QA, ViewLayer | Updating Scene
Fra:1 Mem:135.24M (Peak 136.63M) | Time:00:00.02 | Mem:2.00M, Peak:2.00M | EAR_ISOLATION_QA, ViewLayer | Updating Shaders
Fra:1 Mem:135.33M (Peak 136.63M) | Time:00:00.02 | Mem:2.00M, Peak:2.00M | EAR_ISOLATION_QA, ViewLayer | Updating Procedurals
Fra:1 Mem:135.33M (Peak 136.63M) | Time:00:00.02 | Mem:2.00M, Peak:2.00M | EAR_ISOLATION_QA, ViewLayer | Updating Background
Fra:1 Mem:135.33M (Peak 136.63M) | Time:00:00.02 | Mem:2.00M, Peak:2.00M | EAR_ISOLATION_QA, ViewLayer | Updating Camera
Fra:1 Mem:135.33M (Peak 136.63M) | Time:00:00.02 | Mem:2.00M, Peak:2.00M | EAR_ISOLATION_QA, ViewLayer | Updating Meshes Flags
Fra:1 Mem:135.33M (Peak 136.63M) | Time:00:00.02 | Mem:2.00M, Peak:2.00M | EAR_ISOLATION_QA, ViewLayer | Updating Objects
Fra:1 Mem:135.33M (Peak 136.63M) | Time:00:00.02 | Mem:2.00M, Peak:2.00M | EAR_ISOLATION_QA, ViewLayer | Updating Objects | Copying Transformations to device
Fra:1 Mem:135.33M (Peak 136.63M) | Time:00:00.02 | Mem:2.00M, Peak:2.00M | EAR_ISOLATION_QA, ViewLayer | Updating Objects | Applying Static Transformations
Fra:1 Mem:135.33M (Peak 136.63M) | Time:00:00.02 | Mem:2.00M, Peak:2.00M | EAR_ISOLATION_QA, ViewLayer | Updating Particle Systems
Fra:1 Mem:135.33M (Peak 136.63M) | Time:00:00.02 | Mem:2.00M, Peak:2.00M | EAR_ISOLATION_QA, ViewLayer | Updating Particle Systems | Copying Particles to device
Fra:1 Mem:135.33M (Peak 136.63M) | Time:00:00.02 | Mem:2.00M, Peak:2.00M | EAR_ISOLATION_QA, ViewLayer | Updating Meshes
Fra:1 Mem:135.41M (Peak 136.63M) | Time:00:00.02 | Mem:2.00M, Peak:2.00M | EAR_ISOLATION_QA, ViewLayer | Updating Mesh | Computing attributes
Fra:1 Mem:135.98M (Peak 136.63M) | Time:00:00.02 | Mem:2.00M, Peak:2.00M | EAR_ISOLATION_QA, ViewLayer | Updating Mesh | Copying Attributes to device
Fra:1 Mem:135.98M (Peak 136.63M) | Time:00:00.02 | Mem:2.57M, Peak:2.57M | EAR_ISOLATION_QA, ViewLayer | Updating Scene BVH | Building
Fra:1 Mem:135.98M (Peak 136.63M) | Time:00:00.02 | Mem:2.57M, Peak:2.57M | EAR_ISOLATION_QA, ViewLayer | Updating Scene BVH | Building BVH
Fra:1 Mem:135.98M (Peak 136.63M) | Time:00:00.02 | Mem:2.74M, Peak:2.74M | EAR_ISOLATION_QA, ViewLayer | Updating Scene BVH | Building BVH 0%
Fra:1 Mem:135.98M (Peak 136.63M) | Time:00:00.02 | Mem:2.95M, Peak:3.12M | EAR_ISOLATION_QA, ViewLayer | Updating Scene BVH | Copying BVH to device
Fra:1 Mem:135.98M (Peak 136.63M) | Time:00:00.02 | Mem:2.95M, Peak:3.12M | EAR_ISOLATION_QA, ViewLayer | Updating Mesh | Computing normals
Fra:1 Mem:136.60M (Peak 136.63M) | Time:00:00.02 | Mem:2.95M, Peak:3.12M | EAR_ISOLATION_QA, ViewLayer | Updating Mesh | Copying Mesh to device
Fra:1 Mem:136.60M (Peak 136.63M) | Time:00:00.02 | Mem:3.57M, Peak:3.57M | EAR_ISOLATION_QA, ViewLayer | Updating Objects Flags
Fra:1 Mem:136.60M (Peak 136.63M) | Time:00:00.02 | Mem:3.57M, Peak:3.57M | EAR_ISOLATION_QA, ViewLayer | Updating Primitive Offsets
Fra:1 Mem:136.60M (Peak 136.63M) | Time:00:00.02 | Mem:3.57M, Peak:3.57M | EAR_ISOLATION_QA, ViewLayer | Updating Images
Fra:1 Mem:136.60M (Peak 136.63M) | Time:00:00.02 | Mem:3.57M, Peak:3.57M | EAR_ISOLATION_QA, ViewLayer | Updating Camera Volume
Fra:1 Mem:136.60M (Peak 136.63M) | Time:00:00.02 | Mem:3.57M, Peak:3.57M | EAR_ISOLATION_QA, ViewLayer | Updating Lookup Tables
Fra:1 Mem:136.60M (Peak 136.63M) | Time:00:00.02 | Mem:3.65M, Peak:3.65M | EAR_ISOLATION_QA, ViewLayer | Updating Lights
Fra:1 Mem:136.60M (Peak 136.63M) | Time:00:00.02 | Mem:3.65M, Peak:3.65M | EAR_ISOLATION_QA, ViewLayer | Updating Lights | Computing distribution
Fra:1 Mem:136.60M (Peak 136.63M) | Time:00:00.02 | Mem:3.65M, Peak:3.65M | EAR_ISOLATION_QA, ViewLayer | Updating Lights | Computing tree
Fra:1 Mem:136.60M (Peak 136.63M) | Time:00:00.02 | Mem:3.65M, Peak:3.65M | EAR_ISOLATION_QA, ViewLayer | Updating Integrator
Fra:1 Mem:137.60M (Peak 137.60M) | Time:00:00.03 | Mem:4.65M, Peak:4.65M | EAR_ISOLATION_QA, ViewLayer | Updating Film
Fra:1 Mem:137.60M (Peak 137.60M) | Time:00:00.03 | Mem:4.57M, Peak:4.65M | EAR_ISOLATION_QA, ViewLayer | Updating Lookup Tables
Fra:1 Mem:137.60M (Peak 137.60M) | Time:00:00.03 | Mem:4.65M, Peak:4.65M | EAR_ISOLATION_QA, ViewLayer | Updating Baking
Fra:1 Mem:137.60M (Peak 137.60M) | Time:00:00.03 | Mem:4.65M, Peak:4.65M | EAR_ISOLATION_QA, ViewLayer | Updating Device | Writing constant memory
Fra:1 Mem:137.60M (Peak 137.60M) | Time:00:00.03 | Mem:4.65M, Peak:4.65M | EAR_ISOLATION_QA, ViewLayer | Sample 0/40
Fra:1 Mem:178.81M (Peak 178.81M) | Time:00:01.18 | Remaining:00:45.12 | Mem:45.86M, Peak:45.86M | EAR_ISOLATION_QA, ViewLayer | Sample 1/40
Fra:1 Mem:178.81M (Peak 178.81M) | Time:00:29.71 | Remaining:00:06.29 | Mem:45.86M, Peak:45.86M | EAR_ISOLATION_QA, ViewLayer | Sample 33/40
Fra:1 Mem:197.12M (Peak 233.74M) | Time:00:36.53 | Mem:45.86M, Peak:45.86M | EAR_ISOLATION_QA, ViewLayer | Sample 40/40
Fra:1 Mem:197.12M (Peak 233.74M) | Time:00:36.53 | Mem:45.86M, Peak:45.86M | EAR_ISOLATION_QA, ViewLayer | Finished
Saved: '/root/Project/rack-device-3d/Cisco-N9KC9336C-FX2/v001/qa/glb-ear-left-side-alpha.png'
Time: 00:36.72 (Saving: 00:00.18)

EAR_QA_RENDER glb left-side alpha
Fra:1 Mem:132.62M (Peak 132.62M) | Time:00:00.00 | Mem:0.00M, Peak:0.00M | EAR_ISOLATION_QA, ViewLayer | Synchronizing object | QA_CHECKER_BACKGROUND
Fra:1 Mem:132.63M (Peak 132.63M) | Time:00:00.00 | Mem:0.00M, Peak:0.00M | EAR_ISOLATION_QA, ViewLayer | Synchronizing object | QA_RIGHT_EAR_bent_opaque_solid_with_true_bores.001
Fra:1 Mem:133.83M (Peak 133.83M) | Time:00:00.00 | Mem:0.00M, Peak:0.00M | EAR_ISOLATION_QA, ViewLayer | Synchronizing object | QA_LEFT_EAR_bent_opaque_solid_with_true_bores.001
Fra:1 Mem:135.22M (Peak 137.40M) | Time:00:00.02 | Mem:0.00M, Peak:0.00M | EAR_ISOLATION_QA, ViewLayer | Initializing
Fra:1 Mem:135.21M (Peak 137.40M) | Time:00:00.02 | Mem:0.00M, Peak:0.00M | EAR_ISOLATION_QA, ViewLayer | Updating Images | Loading metal-micro-normal.001
Fra:1 Mem:135.21M (Peak 137.40M) | Time:00:00.02 | Mem:0.00M, Peak:0.00M | EAR_ISOLATION_QA, ViewLayer | Updating Images | Loading zinc-plated-brackets-roughness.001
Fra:1 Mem:136.54M (Peak 141.22M) | Time:00:00.03 | Mem:2.00M, Peak:2.00M | EAR_ISOLATION_QA, ViewLayer | Waiting for render to start
Fra:1 Mem:136.54M (Peak 141.22M) | Time:00:00.03 | Mem:2.00M, Peak:2.00M | EAR_ISOLATION_QA, ViewLayer | Loading render kernels (may take a few minutes the first time)
Fra:1 Mem:136.54M (Peak 141.22M) | Time:00:00.03 | Mem:2.00M, Peak:2.00M | EAR_ISOLATION_QA, ViewLayer | Updating Scene
Fra:1 Mem:136.54M (Peak 141.22M) | Time:00:00.03 | Mem:2.00M, Peak:2.00M | EAR_ISOLATION_QA, ViewLayer | Updating Shaders
Fra:1 Mem:136.63M (Peak 141.22M) | Time:00:00.03 | Mem:2.00M, Peak:2.00M | EAR_ISOLATION_QA, ViewLayer | Updating Procedurals
Fra:1 Mem:136.63M (Peak 141.22M) | Time:00:00.03 | Mem:2.00M, Peak:2.00M | EAR_ISOLATION_QA, ViewLayer | Updating Background
Fra:1 Mem:136.63M (Peak 141.22M) | Time:00:00.03 | Mem:2.00M, Peak:2.00M | EAR_ISOLATION_QA, ViewLayer | Updating Camera
Fra:1 Mem:136.63M (Peak 141.22M) | Time:00:00.03 | Mem:2.00M, Peak:2.00M | EAR_ISOLATION_QA, ViewLayer | Updating Meshes Flags
Fra:1 Mem:136.63M (Peak 141.22M) | Time:00:00.03 | Mem:2.00M, Peak:2.00M | EAR_ISOLATION_QA, ViewLayer | Updating Objects
Fra:1 Mem:136.63M (Peak 141.22M) | Time:00:00.03 | Mem:2.00M, Peak:2.00M | EAR_ISOLATION_QA, ViewLayer | Updating Objects | Copying Transformations to device
Fra:1 Mem:136.63M (Peak 141.22M) | Time:00:00.03 | Mem:2.00M, Peak:2.00M | EAR_ISOLATION_QA, ViewLayer | Updating Objects | Applying Static Transformations
Fra:1 Mem:136.63M (Peak 141.22M) | Time:00:00.03 | Mem:2.00M, Peak:2.00M | EAR_ISOLATION_QA, ViewLayer | Updating Particle Systems
Fra:1 Mem:136.63M (Peak 141.22M) | Time:00:00.03 | Mem:2.00M, Peak:2.00M | EAR_ISOLATION_QA, ViewLayer | Updating Particle Systems | Copying Particles to device
Fra:1 Mem:136.63M (Peak 141.22M) | Time:00:00.03 | Mem:2.00M, Peak:2.00M | EAR_ISOLATION_QA, ViewLayer | Updating Meshes
Fra:1 Mem:136.80M (Peak 141.22M) | Time:00:00.03 | Mem:2.00M, Peak:2.00M | EAR_ISOLATION_QA, ViewLayer | Updating Mesh | Computing attributes
Fra:1 Mem:137.94M (Peak 141.22M) | Time:00:00.04 | Mem:2.00M, Peak:2.00M | EAR_ISOLATION_QA, ViewLayer | Updating Mesh | Copying Attributes to device
Fra:1 Mem:137.94M (Peak 141.22M) | Time:00:00.04 | Mem:3.15M, Peak:3.15M | EAR_ISOLATION_QA, ViewLayer | Updating Scene BVH | Building
Fra:1 Mem:137.94M (Peak 141.22M) | Time:00:00.04 | Mem:3.15M, Peak:3.15M | EAR_ISOLATION_QA, ViewLayer | Updating Scene BVH | Building BVH
Fra:1 Mem:137.94M (Peak 141.22M) | Time:00:00.04 | Mem:3.49M, Peak:3.49M | EAR_ISOLATION_QA, ViewLayer | Updating Scene BVH | Building BVH 0%
Fra:1 Mem:137.94M (Peak 141.22M) | Time:00:00.04 | Mem:3.90M, Peak:4.24M | EAR_ISOLATION_QA, ViewLayer | Updating Scene BVH | Copying BVH to device
Fra:1 Mem:137.94M (Peak 141.22M) | Time:00:00.04 | Mem:3.90M, Peak:4.24M | EAR_ISOLATION_QA, ViewLayer | Updating Mesh | Computing normals
Fra:1 Mem:139.17M (Peak 141.22M) | Time:00:00.04 | Mem:3.90M, Peak:4.24M | EAR_ISOLATION_QA, ViewLayer | Updating Mesh | Copying Mesh to device
Fra:1 Mem:139.17M (Peak 141.22M) | Time:00:00.04 | Mem:5.13M, Peak:5.13M | EAR_ISOLATION_QA, ViewLayer | Updating Objects Flags
Fra:1 Mem:139.17M (Peak 141.22M) | Time:00:00.04 | Mem:5.13M, Peak:5.13M | EAR_ISOLATION_QA, ViewLayer | Updating Primitive Offsets
Fra:1 Mem:139.17M (Peak 141.22M) | Time:00:00.04 | Mem:5.13M, Peak:5.13M | EAR_ISOLATION_QA, ViewLayer | Updating Images
Fra:1 Mem:139.17M (Peak 141.22M) | Time:00:00.04 | Mem:5.13M, Peak:5.13M | EAR_ISOLATION_QA, ViewLayer | Updating Camera Volume
Fra:1 Mem:139.17M (Peak 141.22M) | Time:00:00.04 | Mem:5.13M, Peak:5.13M | EAR_ISOLATION_QA, ViewLayer | Updating Lookup Tables
Fra:1 Mem:139.17M (Peak 141.22M) | Time:00:00.04 | Mem:5.21M, Peak:5.21M | EAR_ISOLATION_QA, ViewLayer | Updating Lights
Fra:1 Mem:139.17M (Peak 141.22M) | Time:00:00.04 | Mem:5.21M, Peak:5.21M | EAR_ISOLATION_QA, ViewLayer | Updating Lights | Computing distribution
Fra:1 Mem:139.17M (Peak 141.22M) | Time:00:00.04 | Mem:5.21M, Peak:5.21M | EAR_ISOLATION_QA, ViewLayer | Updating Lights | Computing tree
Fra:1 Mem:139.17M (Peak 141.22M) | Time:00:00.04 | Mem:5.21M, Peak:5.21M | EAR_ISOLATION_QA, ViewLayer | Updating Integrator
Fra:1 Mem:140.17M (Peak 141.22M) | Time:00:00.04 | Mem:6.21M, Peak:6.21M | EAR_ISOLATION_QA, ViewLayer | Updating Film
Fra:1 Mem:140.18M (Peak 141.22M) | Time:00:00.04 | Mem:6.13M, Peak:6.21M | EAR_ISOLATION_QA, ViewLayer | Updating Lookup Tables
Fra:1 Mem:140.18M (Peak 141.22M) | Time:00:00.04 | Mem:6.21M, Peak:6.21M | EAR_ISOLATION_QA, ViewLayer | Updating Baking
Fra:1 Mem:140.18M (Peak 141.22M) | Time:00:00.04 | Mem:6.21M, Peak:6.21M | EAR_ISOLATION_QA, ViewLayer | Updating Device | Writing constant memory
Fra:1 Mem:140.18M (Peak 141.22M) | Time:00:00.04 | Mem:6.21M, Peak:6.21M | EAR_ISOLATION_QA, ViewLayer | Sample 0/40
Fra:1 Mem:171.08M (Peak 171.08M) | Time:00:01.31 | Remaining:00:49.36 | Mem:37.12M, Peak:37.12M | EAR_ISOLATION_QA, ViewLayer | Sample 1/40
Fra:1 Mem:171.08M (Peak 171.08M) | Time:00:33.90 | Remaining:00:07.18 | Mem:37.12M, Peak:37.12M | EAR_ISOLATION_QA, ViewLayer | Sample 33/40
Fra:1 Mem:184.82M (Peak 212.28M) | Time:00:41.06 | Mem:37.12M, Peak:37.12M | EAR_ISOLATION_QA, ViewLayer | Sample 40/40
Fra:1 Mem:184.82M (Peak 212.28M) | Time:00:41.06 | Mem:37.12M, Peak:37.12M | EAR_ISOLATION_QA, ViewLayer | Finished
Saved: '/root/Project/rack-device-3d/Cisco-N9KC9336C-FX2/v001/qa/glb-ear-front-oblique-checker.png'
Time: 00:41.23 (Saving: 00:00.17)

EAR_QA_RENDER glb front-oblique checker
Fra:1 Mem:132.62M (Peak 132.62M) | Time:00:00.00 | Mem:0.00M, Peak:0.00M | EAR_ISOLATION_QA, ViewLayer | Synchronizing object | QA_LEFT_EAR_bent_opaque_solid_with_true_bores.001
Fra:1 Mem:132.63M (Peak 132.63M) | Time:00:00.00 | Mem:0.00M, Peak:0.00M | EAR_ISOLATION_QA, ViewLayer | Synchronizing object | QA_CHECKER_BACKGROUND
Fra:1 Mem:132.94M (Peak 132.94M) | Time:00:00.00 | Mem:0.00M, Peak:0.00M | EAR_ISOLATION_QA, ViewLayer | Synchronizing object | QA_RIGHT_EAR_bent_opaque_solid_with_true_bores.001
Fra:1 Mem:135.22M (Peak 137.61M) | Time:00:00.01 | Mem:0.00M, Peak:0.00M | EAR_ISOLATION_QA, ViewLayer | Initializing
Fra:1 Mem:135.21M (Peak 137.61M) | Time:00:00.01 | Mem:0.00M, Peak:0.00M | EAR_ISOLATION_QA, ViewLayer | Updating Images | Loading metal-micro-normal.001
Fra:1 Mem:135.21M (Peak 137.61M) | Time:00:00.01 | Mem:0.00M, Peak:0.00M | EAR_ISOLATION_QA, ViewLayer | Updating Images | Loading zinc-plated-brackets-roughness.001
Fra:1 Mem:136.54M (Peak 138.23M) | Time:00:00.02 | Mem:2.00M, Peak:2.00M | EAR_ISOLATION_QA, ViewLayer | Waiting for render to start
Fra:1 Mem:136.54M (Peak 138.23M) | Time:00:00.02 | Mem:2.00M, Peak:2.00M | EAR_ISOLATION_QA, ViewLayer | Loading render kernels (may take a few minutes the first time)
Fra:1 Mem:136.54M (Peak 138.23M) | Time:00:00.02 | Mem:2.00M, Peak:2.00M | EAR_ISOLATION_QA, ViewLayer | Updating Scene
Fra:1 Mem:136.54M (Peak 138.23M) | Time:00:00.02 | Mem:2.00M, Peak:2.00M | EAR_ISOLATION_QA, ViewLayer | Updating Shaders
Fra:1 Mem:136.63M (Peak 138.23M) | Time:00:00.02 | Mem:2.00M, Peak:2.00M | EAR_ISOLATION_QA, ViewLayer | Updating Procedurals
Fra:1 Mem:136.63M (Peak 138.23M) | Time:00:00.02 | Mem:2.00M, Peak:2.00M | EAR_ISOLATION_QA, ViewLayer | Updating Background
Fra:1 Mem:136.63M (Peak 138.23M) | Time:00:00.02 | Mem:2.00M, Peak:2.00M | EAR_ISOLATION_QA, ViewLayer | Updating Camera
Fra:1 Mem:136.63M (Peak 138.23M) | Time:00:00.02 | Mem:2.00M, Peak:2.00M | EAR_ISOLATION_QA, ViewLayer | Updating Meshes Flags
Fra:1 Mem:136.63M (Peak 138.23M) | Time:00:00.02 | Mem:2.00M, Peak:2.00M | EAR_ISOLATION_QA, ViewLayer | Updating Objects
Fra:1 Mem:136.63M (Peak 138.23M) | Time:00:00.02 | Mem:2.00M, Peak:2.00M | EAR_ISOLATION_QA, ViewLayer | Updating Objects | Copying Transformations to device
Fra:1 Mem:136.63M (Peak 138.23M) | Time:00:00.02 | Mem:2.00M, Peak:2.00M | EAR_ISOLATION_QA, ViewLayer | Updating Objects | Applying Static Transformations
Fra:1 Mem:136.63M (Peak 138.23M) | Time:00:00.02 | Mem:2.00M, Peak:2.00M | EAR_ISOLATION_QA, ViewLayer | Updating Particle Systems
Fra:1 Mem:136.63M (Peak 138.23M) | Time:00:00.02 | Mem:2.00M, Peak:2.00M | EAR_ISOLATION_QA, ViewLayer | Updating Particle Systems | Copying Particles to device
Fra:1 Mem:136.63M (Peak 138.23M) | Time:00:00.02 | Mem:2.00M, Peak:2.00M | EAR_ISOLATION_QA, ViewLayer | Updating Meshes
Fra:1 Mem:136.80M (Peak 138.23M) | Time:00:00.02 | Mem:2.00M, Peak:2.00M | EAR_ISOLATION_QA, ViewLayer | Updating Mesh | Computing attributes
Fra:1 Mem:137.94M (Peak 138.23M) | Time:00:00.02 | Mem:2.00M, Peak:2.00M | EAR_ISOLATION_QA, ViewLayer | Updating Mesh | Copying Attributes to device
Fra:1 Mem:137.94M (Peak 138.23M) | Time:00:00.02 | Mem:3.15M, Peak:3.15M | EAR_ISOLATION_QA, ViewLayer | Updating Scene BVH | Building
Fra:1 Mem:137.94M (Peak 138.23M) | Time:00:00.02 | Mem:3.15M, Peak:3.15M | EAR_ISOLATION_QA, ViewLayer | Updating Scene BVH | Building BVH
Fra:1 Mem:137.94M (Peak 138.23M) | Time:00:00.02 | Mem:3.49M, Peak:3.49M | EAR_ISOLATION_QA, ViewLayer | Updating Scene BVH | Building BVH 0%
Fra:1 Mem:137.94M (Peak 138.23M) | Time:00:00.03 | Mem:3.90M, Peak:4.24M | EAR_ISOLATION_QA, ViewLayer | Updating Scene BVH | Copying BVH to device
Fra:1 Mem:137.94M (Peak 138.23M) | Time:00:00.03 | Mem:3.90M, Peak:4.24M | EAR_ISOLATION_QA, ViewLayer | Updating Mesh | Computing normals
Fra:1 Mem:139.17M (Peak 139.17M) | Time:00:00.03 | Mem:3.90M, Peak:4.24M | EAR_ISOLATION_QA, ViewLayer | Updating Mesh | Copying Mesh to device
Fra:1 Mem:139.17M (Peak 139.17M) | Time:00:00.03 | Mem:5.13M, Peak:5.13M | EAR_ISOLATION_QA, ViewLayer | Updating Objects Flags
Fra:1 Mem:139.17M (Peak 139.17M) | Time:00:00.03 | Mem:5.13M, Peak:5.13M | EAR_ISOLATION_QA, ViewLayer | Updating Primitive Offsets
Fra:1 Mem:139.17M (Peak 139.17M) | Time:00:00.03 | Mem:5.13M, Peak:5.13M | EAR_ISOLATION_QA, ViewLayer | Updating Images
Fra:1 Mem:139.17M (Peak 139.17M) | Time:00:00.03 | Mem:5.13M, Peak:5.13M | EAR_ISOLATION_QA, ViewLayer | Updating Camera Volume
Fra:1 Mem:139.17M (Peak 139.17M) | Time:00:00.03 | Mem:5.13M, Peak:5.13M | EAR_ISOLATION_QA, ViewLayer | Updating Lookup Tables
Fra:1 Mem:139.17M (Peak 139.17M) | Time:00:00.03 | Mem:5.21M, Peak:5.21M | EAR_ISOLATION_QA, ViewLayer | Updating Lights
Fra:1 Mem:139.17M (Peak 139.17M) | Time:00:00.03 | Mem:5.21M, Peak:5.21M | EAR_ISOLATION_QA, ViewLayer | Updating Lights | Computing distribution
Fra:1 Mem:139.17M (Peak 139.17M) | Time:00:00.03 | Mem:5.21M, Peak:5.21M | EAR_ISOLATION_QA, ViewLayer | Updating Lights | Computing tree
Fra:1 Mem:139.17M (Peak 139.17M) | Time:00:00.03 | Mem:5.21M, Peak:5.21M | EAR_ISOLATION_QA, ViewLayer | Updating Integrator
Fra:1 Mem:140.17M (Peak 140.17M) | Time:00:00.03 | Mem:6.21M, Peak:6.21M | EAR_ISOLATION_QA, ViewLayer | Updating Film
Fra:1 Mem:140.18M (Peak 140.18M) | Time:00:00.03 | Mem:6.13M, Peak:6.21M | EAR_ISOLATION_QA, ViewLayer | Updating Lookup Tables
Fra:1 Mem:140.18M (Peak 140.18M) | Time:00:00.03 | Mem:6.21M, Peak:6.21M | EAR_ISOLATION_QA, ViewLayer | Updating Baking
Fra:1 Mem:140.18M (Peak 140.18M) | Time:00:00.03 | Mem:6.21M, Peak:6.21M | EAR_ISOLATION_QA, ViewLayer | Updating Device | Writing constant memory
Fra:1 Mem:140.18M (Peak 140.18M) | Time:00:00.03 | Mem:6.21M, Peak:6.21M | EAR_ISOLATION_QA, ViewLayer | Sample 0/40
Fra:1 Mem:171.08M (Peak 171.08M) | Time:00:01.30 | Remaining:00:49.46 | Mem:37.12M, Peak:37.12M | EAR_ISOLATION_QA, ViewLayer | Sample 1/40
Fra:1 Mem:171.08M (Peak 171.08M) | Time:00:36.33 | Remaining:00:07.70 | Mem:37.12M, Peak:37.12M | EAR_ISOLATION_QA, ViewLayer | Sample 33/40
Fra:1 Mem:184.82M (Peak 212.28M) | Time:00:44.08 | Mem:37.12M, Peak:37.12M | EAR_ISOLATION_QA, ViewLayer | Sample 40/40
Fra:1 Mem:184.82M (Peak 212.28M) | Time:00:44.08 | Mem:37.12M, Peak:37.12M | EAR_ISOLATION_QA, ViewLayer | Finished
Saved: '/root/Project/rack-device-3d/Cisco-N9KC9336C-FX2/v001/qa/glb-ear-back-oblique-checker.png'
Time: 00:44.26 (Saving: 00:00.17)

EAR_QA_RENDER glb back-oblique checker
Fra:1 Mem:132.40M (Peak 132.40M) | Time:00:00.00 | Mem:0.00M, Peak:0.00M | EAR_ISOLATION_QA, ViewLayer | Synchronizing object | QA_RIGHT_EAR_bent_opaque_solid_with_true_bores.001
Fra:1 Mem:132.41M (Peak 132.41M) | Time:00:00.00 | Mem:0.00M, Peak:0.00M | EAR_ISOLATION_QA, ViewLayer | Synchronizing object | QA_CHECKER_BACKGROUND
Fra:1 Mem:133.70M (Peak 134.90M) | Time:00:00.01 | Mem:0.00M, Peak:0.00M | EAR_ISOLATION_QA, ViewLayer | Initializing
Fra:1 Mem:133.69M (Peak 134.90M) | Time:00:00.01 | Mem:0.00M, Peak:0.00M | EAR_ISOLATION_QA, ViewLayer | Updating Images | Loading metal-micro-normal.001
Fra:1 Mem:133.69M (Peak 134.90M) | Time:00:00.01 | Mem:0.00M, Peak:0.00M | EAR_ISOLATION_QA, ViewLayer | Updating Images | Loading zinc-plated-brackets-roughness.001
Fra:1 Mem:135.24M (Peak 136.71M) | Time:00:00.02 | Mem:2.00M, Peak:2.00M | EAR_ISOLATION_QA, ViewLayer | Waiting for render to start
Fra:1 Mem:135.24M (Peak 136.71M) | Time:00:00.02 | Mem:2.00M, Peak:2.00M | EAR_ISOLATION_QA, ViewLayer | Loading render kernels (may take a few minutes the first time)
Fra:1 Mem:135.24M (Peak 136.71M) | Time:00:00.02 | Mem:2.00M, Peak:2.00M | EAR_ISOLATION_QA, ViewLayer | Updating Scene
Fra:1 Mem:135.24M (Peak 136.71M) | Time:00:00.02 | Mem:2.00M, Peak:2.00M | EAR_ISOLATION_QA, ViewLayer | Updating Shaders
Fra:1 Mem:135.33M (Peak 136.71M) | Time:00:00.02 | Mem:2.00M, Peak:2.00M | EAR_ISOLATION_QA, ViewLayer | Updating Procedurals
Fra:1 Mem:135.33M (Peak 136.71M) | Time:00:00.02 | Mem:2.00M, Peak:2.00M | EAR_ISOLATION_QA, ViewLayer | Updating Background
Fra:1 Mem:135.33M (Peak 136.71M) | Time:00:00.02 | Mem:2.00M, Peak:2.00M | EAR_ISOLATION_QA, ViewLayer | Updating Camera
Fra:1 Mem:135.33M (Peak 136.71M) | Time:00:00.02 | Mem:2.00M, Peak:2.00M | EAR_ISOLATION_QA, ViewLayer | Updating Meshes Flags
Fra:1 Mem:135.33M (Peak 136.71M) | Time:00:00.02 | Mem:2.00M, Peak:2.00M | EAR_ISOLATION_QA, ViewLayer | Updating Objects
Fra:1 Mem:135.33M (Peak 136.71M) | Time:00:00.02 | Mem:2.00M, Peak:2.00M | EAR_ISOLATION_QA, ViewLayer | Updating Objects | Copying Transformations to device
Fra:1 Mem:135.33M (Peak 136.71M) | Time:00:00.02 | Mem:2.00M, Peak:2.00M | EAR_ISOLATION_QA, ViewLayer | Updating Objects | Applying Static Transformations
Fra:1 Mem:135.33M (Peak 136.71M) | Time:00:00.02 | Mem:2.00M, Peak:2.00M | EAR_ISOLATION_QA, ViewLayer | Updating Particle Systems
Fra:1 Mem:135.33M (Peak 136.71M) | Time:00:00.02 | Mem:2.00M, Peak:2.00M | EAR_ISOLATION_QA, ViewLayer | Updating Particle Systems | Copying Particles to device
Fra:1 Mem:135.33M (Peak 136.71M) | Time:00:00.02 | Mem:2.00M, Peak:2.00M | EAR_ISOLATION_QA, ViewLayer | Updating Meshes
Fra:1 Mem:135.41M (Peak 136.71M) | Time:00:00.02 | Mem:2.00M, Peak:2.00M | EAR_ISOLATION_QA, ViewLayer | Updating Mesh | Computing attributes
Fra:1 Mem:135.99M (Peak 136.71M) | Time:00:00.02 | Mem:2.00M, Peak:2.00M | EAR_ISOLATION_QA, ViewLayer | Updating Mesh | Copying Attributes to device
Fra:1 Mem:135.99M (Peak 136.71M) | Time:00:00.02 | Mem:2.58M, Peak:2.58M | EAR_ISOLATION_QA, ViewLayer | Updating Scene BVH | Building
Fra:1 Mem:135.99M (Peak 136.71M) | Time:00:00.02 | Mem:2.58M, Peak:2.58M | EAR_ISOLATION_QA, ViewLayer | Updating Scene BVH | Building BVH
Fra:1 Mem:135.99M (Peak 136.71M) | Time:00:00.02 | Mem:2.75M, Peak:2.75M | EAR_ISOLATION_QA, ViewLayer | Updating Scene BVH | Building BVH 0%
Fra:1 Mem:135.99M (Peak 136.71M) | Time:00:00.02 | Mem:2.95M, Peak:3.12M | EAR_ISOLATION_QA, ViewLayer | Updating Scene BVH | Copying BVH to device
Fra:1 Mem:135.99M (Peak 136.71M) | Time:00:00.02 | Mem:2.95M, Peak:3.12M | EAR_ISOLATION_QA, ViewLayer | Updating Mesh | Computing normals
Fra:1 Mem:136.60M (Peak 136.71M) | Time:00:00.02 | Mem:2.95M, Peak:3.12M | EAR_ISOLATION_QA, ViewLayer | Updating Mesh | Copying Mesh to device
Fra:1 Mem:136.60M (Peak 136.71M) | Time:00:00.02 | Mem:3.57M, Peak:3.57M | EAR_ISOLATION_QA, ViewLayer | Updating Objects Flags
Fra:1 Mem:136.60M (Peak 136.71M) | Time:00:00.02 | Mem:3.57M, Peak:3.57M | EAR_ISOLATION_QA, ViewLayer | Updating Primitive Offsets
Fra:1 Mem:136.60M (Peak 136.71M) | Time:00:00.02 | Mem:3.57M, Peak:3.57M | EAR_ISOLATION_QA, ViewLayer | Updating Images
Fra:1 Mem:136.60M (Peak 136.71M) | Time:00:00.02 | Mem:3.57M, Peak:3.57M | EAR_ISOLATION_QA, ViewLayer | Updating Camera Volume
Fra:1 Mem:136.60M (Peak 136.71M) | Time:00:00.02 | Mem:3.57M, Peak:3.57M | EAR_ISOLATION_QA, ViewLayer | Updating Lookup Tables
Fra:1 Mem:136.60M (Peak 136.71M) | Time:00:00.02 | Mem:3.65M, Peak:3.65M | EAR_ISOLATION_QA, ViewLayer | Updating Lights
Fra:1 Mem:136.60M (Peak 136.71M) | Time:00:00.02 | Mem:3.65M, Peak:3.65M | EAR_ISOLATION_QA, ViewLayer | Updating Lights | Computing distribution
Fra:1 Mem:136.60M (Peak 136.71M) | Time:00:00.02 | Mem:3.65M, Peak:3.65M | EAR_ISOLATION_QA, ViewLayer | Updating Lights | Computing tree
Fra:1 Mem:136.60M (Peak 136.71M) | Time:00:00.02 | Mem:3.65M, Peak:3.65M | EAR_ISOLATION_QA, ViewLayer | Updating Integrator
Fra:1 Mem:137.60M (Peak 137.60M) | Time:00:00.02 | Mem:4.65M, Peak:4.65M | EAR_ISOLATION_QA, ViewLayer | Updating Film
Fra:1 Mem:137.61M (Peak 137.61M) | Time:00:00.02 | Mem:4.57M, Peak:4.65M | EAR_ISOLATION_QA, ViewLayer | Updating Lookup Tables
Fra:1 Mem:137.61M (Peak 137.61M) | Time:00:00.02 | Mem:4.65M, Peak:4.65M | EAR_ISOLATION_QA, ViewLayer | Updating Baking
Fra:1 Mem:137.61M (Peak 137.61M) | Time:00:00.02 | Mem:4.65M, Peak:4.65M | EAR_ISOLATION_QA, ViewLayer | Updating Device | Writing constant memory
Fra:1 Mem:137.61M (Peak 137.61M) | Time:00:00.02 | Mem:4.65M, Peak:4.65M | EAR_ISOLATION_QA, ViewLayer | Sample 0/40
Fra:1 Mem:181.56M (Peak 181.56M) | Time:00:01.78 | Remaining:01:08.53 | Mem:48.61M, Peak:48.61M | EAR_ISOLATION_QA, ViewLayer | Sample 1/40
Fra:1 Mem:181.56M (Peak 181.56M) | Time:00:27.17 | Remaining:00:36.72 | Mem:48.61M, Peak:48.61M | EAR_ISOLATION_QA, ViewLayer | Sample 17/40
Fra:1 Mem:181.56M (Peak 181.56M) | Time:00:52.68 | Remaining:00:11.16 | Mem:48.61M, Peak:48.61M | EAR_ISOLATION_QA, ViewLayer | Sample 33/40
Fra:1 Mem:201.09M (Peak 240.15M) | Time:01:04.20 | Mem:48.61M, Peak:48.61M | EAR_ISOLATION_QA, ViewLayer | Sample 40/40
Fra:1 Mem:201.09M (Peak 240.15M) | Time:01:04.20 | Mem:48.61M, Peak:48.61M | EAR_ISOLATION_QA, ViewLayer | Finished
Saved: '/root/Project/rack-device-3d/Cisco-N9KC9336C-FX2/v001/qa/glb-ear-grazing-checker.png'
Time: 01:04.46 (Saving: 00:00.23)

EAR_QA_RENDER glb grazing checker
BlenderMCP server stopped
BlenderMCP addon unregistered

Blender quit
