Blender 4.0.2
Read prefs: "/root/.config/blender/4.0/config/userpref.blend"
Read blend: "/root/Project/rack-device-3d/Cisco-N9KC9336C-FX2/v001/qa/original-ear-fixture.blend"
Fra:1 Mem:45.81M (Peak 45.81M) | Time:00:00.00 | Mem:0.00M, Peak:0.00M | EAR_ISOLATION_QA, ViewLayer | Synchronizing object | QA_LEFT_EAR_bent_opaque_solid_with_true_bores
Fra:1 Mem:45.81M (Peak 45.81M) | Time:00:00.00 | Mem:0.00M, Peak:0.00M | EAR_ISOLATION_QA, ViewLayer | Synchronizing object | QA_CHECKER_BACKGROUND
Fra:1 Mem:47.31M (Peak 47.60M) | Time:00:00.00 | Mem:0.00M, Peak:0.00M | EAR_ISOLATION_QA, ViewLayer | Initializing
Fra:1 Mem:47.29M (Peak 47.60M) | Time:00:00.00 | Mem:0.00M, Peak:0.00M | EAR_ISOLATION_QA, ViewLayer | Updating Images | Loading metal-micro-normal
Fra:1 Mem:47.29M (Peak 47.60M) | Time:00:00.00 | Mem:0.00M, Peak:0.00M | EAR_ISOLATION_QA, ViewLayer | Updating Images | Loading zinc-plated-brackets-roughness
Fra:1 Mem:49.01M (Peak 52.31M) | Time:00:00.02 | Mem:2.00M, Peak:2.00M | EAR_ISOLATION_QA, ViewLayer | Waiting for render to start
Fra:1 Mem:49.02M (Peak 52.31M) | Time:00:00.02 | Mem:2.00M, Peak:2.00M | EAR_ISOLATION_QA, ViewLayer | Loading render kernels (may take a few minutes the first time)
Fra:1 Mem:49.02M (Peak 52.31M) | Time:00:00.02 | Mem:2.00M, Peak:2.00M | EAR_ISOLATION_QA, ViewLayer | Updating Scene
Fra:1 Mem:49.02M (Peak 52.31M) | Time:00:00.02 | Mem:2.00M, Peak:2.00M | EAR_ISOLATION_QA, ViewLayer | Updating Shaders
Fra:1 Mem:49.10M (Peak 52.31M) | Time:00:00.02 | Mem:2.00M, Peak:2.00M | EAR_ISOLATION_QA, ViewLayer | Updating Procedurals
Fra:1 Mem:49.10M (Peak 52.31M) | Time:00:00.02 | Mem:2.00M, Peak:2.00M | EAR_ISOLATION_QA, ViewLayer | Updating Background
Fra:1 Mem:49.10M (Peak 52.31M) | Time:00:00.02 | Mem:2.00M, Peak:2.00M | EAR_ISOLATION_QA, ViewLayer | Updating Camera
Fra:1 Mem:49.10M (Peak 52.31M) | Time:00:00.02 | Mem:2.00M, Peak:2.00M | EAR_ISOLATION_QA, ViewLayer | Updating Meshes Flags
Fra:1 Mem:49.10M (Peak 52.31M) | Time:00:00.02 | Mem:2.00M, Peak:2.00M | EAR_ISOLATION_QA, ViewLayer | Updating Objects
Fra:1 Mem:49.10M (Peak 52.31M) | Time:00:00.02 | Mem:2.00M, Peak:2.00M | EAR_ISOLATION_QA, ViewLayer | Updating Objects | Copying Transformations to device
Fra:1 Mem:49.10M (Peak 52.31M) | Time:00:00.02 | Mem:2.00M, Peak:2.00M | EAR_ISOLATION_QA, ViewLayer | Updating Objects | Applying Static Transformations
Fra:1 Mem:49.10M (Peak 52.31M) | Time:00:00.02 | Mem:2.00M, Peak:2.00M | EAR_ISOLATION_QA, ViewLayer | Updating Particle Systems
Fra:1 Mem:49.10M (Peak 52.31M) | Time:00:00.02 | Mem:2.00M, Peak:2.00M | EAR_ISOLATION_QA, ViewLayer | Updating Particle Systems | Copying Particles to device
Fra:1 Mem:49.10M (Peak 52.31M) | Time:00:00.02 | Mem:2.00M, Peak:2.00M | EAR_ISOLATION_QA, ViewLayer | Updating Meshes
Fra:1 Mem:49.27M (Peak 52.31M) | Time:00:00.02 | Mem:2.00M, Peak:2.00M | EAR_ISOLATION_QA, ViewLayer | Updating Mesh | Computing attributes
Fra:1 Mem:50.10M (Peak 52.31M) | Time:00:00.02 | Mem:2.00M, Peak:2.00M | EAR_ISOLATION_QA, ViewLayer | Updating Mesh | Copying Attributes to device
Fra:1 Mem:50.10M (Peak 52.31M) | Time:00:00.02 | Mem:2.83M, Peak:2.83M | EAR_ISOLATION_QA, ViewLayer | Updating Scene BVH | Building
Fra:1 Mem:50.10M (Peak 52.31M) | Time:00:00.02 | Mem:2.83M, Peak:2.83M | EAR_ISOLATION_QA, ViewLayer | Updating Scene BVH | Building BVH
Fra:1 Mem:50.10M (Peak 52.31M) | Time:00:00.02 | Mem:3.17M, Peak:3.17M | EAR_ISOLATION_QA, ViewLayer | Updating Scene BVH | Building BVH 0%
Fra:1 Mem:50.10M (Peak 52.31M) | Time:00:00.02 | Mem:3.58M, Peak:3.92M | EAR_ISOLATION_QA, ViewLayer | Updating Scene BVH | Copying BVH to device
Fra:1 Mem:50.10M (Peak 52.31M) | Time:00:00.02 | Mem:3.58M, Peak:3.92M | EAR_ISOLATION_QA, ViewLayer | Updating Mesh | Computing normals
Fra:1 Mem:50.48M (Peak 52.31M) | Time:00:00.02 | Mem:3.58M, Peak:3.92M | EAR_ISOLATION_QA, ViewLayer | Updating Mesh | Copying Mesh to device
Fra:1 Mem:50.48M (Peak 52.31M) | Time:00:00.02 | Mem:3.96M, Peak:3.96M | EAR_ISOLATION_QA, ViewLayer | Updating Objects Flags
Fra:1 Mem:50.48M (Peak 52.31M) | Time:00:00.02 | Mem:3.96M, Peak:3.96M | EAR_ISOLATION_QA, ViewLayer | Updating Primitive Offsets
Fra:1 Mem:50.48M (Peak 52.31M) | Time:00:00.02 | Mem:3.96M, Peak:3.96M | EAR_ISOLATION_QA, ViewLayer | Updating Images
Fra:1 Mem:50.48M (Peak 52.31M) | Time:00:00.02 | Mem:3.96M, Peak:3.96M | EAR_ISOLATION_QA, ViewLayer | Updating Camera Volume
Fra:1 Mem:50.48M (Peak 52.31M) | Time:00:00.02 | Mem:3.96M, Peak:3.96M | EAR_ISOLATION_QA, ViewLayer | Updating Lookup Tables
Fra:1 Mem:50.48M (Peak 52.31M) | Time:00:00.02 | Mem:4.04M, Peak:4.04M | EAR_ISOLATION_QA, ViewLayer | Updating Lights
Fra:1 Mem:50.48M (Peak 52.31M) | Time:00:00.02 | Mem:4.04M, Peak:4.04M | EAR_ISOLATION_QA, ViewLayer | Updating Lights | Computing distribution
Fra:1 Mem:50.48M (Peak 52.31M) | Time:00:00.02 | Mem:4.04M, Peak:4.04M | EAR_ISOLATION_QA, ViewLayer | Updating Lights | Computing tree
Fra:1 Mem:50.48M (Peak 52.31M) | Time:00:00.02 | Mem:4.04M, Peak:4.04M | EAR_ISOLATION_QA, ViewLayer | Updating Integrator
Fra:1 Mem:51.48M (Peak 52.31M) | Time:00:00.03 | Mem:5.04M, Peak:5.04M | EAR_ISOLATION_QA, ViewLayer | Updating Film
Fra:1 Mem:51.48M (Peak 52.31M) | Time:00:00.03 | Mem:4.96M, Peak:5.04M | EAR_ISOLATION_QA, ViewLayer | Updating Lookup Tables
Fra:1 Mem:51.48M (Peak 52.31M) | Time:00:00.03 | Mem:5.05M, Peak:5.05M | EAR_ISOLATION_QA, ViewLayer | Updating Baking
Fra:1 Mem:51.48M (Peak 52.31M) | Time:00:00.03 | Mem:5.05M, Peak:5.05M | EAR_ISOLATION_QA, ViewLayer | Updating Device | Writing constant memory
Fra:1 Mem:51.48M (Peak 52.31M) | Time:00:00.03 | Mem:5.05M, Peak:5.05M | EAR_ISOLATION_QA, ViewLayer | Sample 0/40
Fra:1 Mem:80.20M (Peak 80.20M) | Time:00:00.77 | Remaining:00:28.90 | Mem:33.76M, Peak:33.76M | EAR_ISOLATION_QA, ViewLayer | Sample 1/40
Fra:1 Mem:80.20M (Peak 80.20M) | Time:00:19.80 | Remaining:00:04.19 | Mem:33.76M, Peak:33.76M | EAR_ISOLATION_QA, ViewLayer | Sample 33/40
Fra:1 Mem:92.96M (Peak 118.47M) | Time:00:24.02 | Mem:33.76M, Peak:33.76M | EAR_ISOLATION_QA, ViewLayer | Sample 40/40
Fra:1 Mem:92.96M (Peak 118.47M) | Time:00:24.02 | Mem:33.76M, Peak:33.76M | EAR_ISOLATION_QA, ViewLayer | Finished
Saved: '/root/Project/rack-device-3d/Cisco-N9KC9336C-FX2/v001/qa/original-ear-front-checker.png'
Time: 00:24.21 (Saving: 00:00.18)

BlenderMCP: cannot start server in background mode (blender -b) - commands would never execute
BlenderMCP: run Blender with a GUI, or use a virtual display: xvfb-run -a blender
BlenderMCP addon registered
EAR_QA_RENDER original front checker
Fra:1 Mem:45.91M (Peak 45.91M) | Time:00:00.00 | Mem:0.00M, Peak:0.00M | EAR_ISOLATION_QA, ViewLayer | Synchronizing object | QA_LEFT_EAR_bent_opaque_solid_with_true_bores
Fra:1 Mem:45.91M (Peak 45.91M) | Time:00:00.00 | Mem:0.00M, Peak:0.00M | EAR_ISOLATION_QA, ViewLayer | Synchronizing object | QA_RIGHT_EAR_bent_opaque_solid_with_true_bores
Fra:1 Mem:47.23M (Peak 47.23M) | Time:00:00.00 | Mem:0.00M, Peak:0.00M | EAR_ISOLATION_QA, ViewLayer | Initializing
Fra:1 Mem:47.22M (Peak 47.23M) | Time:00:00.00 | Mem:0.00M, Peak:0.00M | EAR_ISOLATION_QA, ViewLayer | Updating Images | Loading metal-micro-normal
Fra:1 Mem:47.22M (Peak 47.23M) | Time:00:00.00 | Mem:0.00M, Peak:0.00M | EAR_ISOLATION_QA, ViewLayer | Updating Images | Loading zinc-plated-brackets-roughness
Fra:1 Mem:49.01M (Peak 50.24M) | Time:00:00.01 | Mem:2.00M, Peak:2.00M | EAR_ISOLATION_QA, ViewLayer | Waiting for render to start
Fra:1 Mem:49.01M (Peak 50.24M) | Time:00:00.01 | Mem:2.00M, Peak:2.00M | EAR_ISOLATION_QA, ViewLayer | Loading render kernels (may take a few minutes the first time)
Fra:1 Mem:49.01M (Peak 50.24M) | Time:00:00.01 | Mem:2.00M, Peak:2.00M | EAR_ISOLATION_QA, ViewLayer | Updating Scene
Fra:1 Mem:49.01M (Peak 50.24M) | Time:00:00.01 | Mem:2.00M, Peak:2.00M | EAR_ISOLATION_QA, ViewLayer | Updating Shaders
Fra:1 Mem:49.10M (Peak 50.24M) | Time:00:00.01 | Mem:2.00M, Peak:2.00M | EAR_ISOLATION_QA, ViewLayer | Updating Procedurals
Fra:1 Mem:49.10M (Peak 50.24M) | Time:00:00.01 | Mem:2.00M, Peak:2.00M | EAR_ISOLATION_QA, ViewLayer | Updating Background
Fra:1 Mem:49.10M (Peak 50.24M) | Time:00:00.01 | Mem:2.00M, Peak:2.00M | EAR_ISOLATION_QA, ViewLayer | Updating Camera
Fra:1 Mem:49.10M (Peak 50.24M) | Time:00:00.01 | Mem:2.00M, Peak:2.00M | EAR_ISOLATION_QA, ViewLayer | Updating Meshes Flags
Fra:1 Mem:49.10M (Peak 50.24M) | Time:00:00.01 | Mem:2.00M, Peak:2.00M | EAR_ISOLATION_QA, ViewLayer | Updating Objects
Fra:1 Mem:49.10M (Peak 50.24M) | Time:00:00.01 | Mem:2.00M, Peak:2.00M | EAR_ISOLATION_QA, ViewLayer | Updating Objects | Copying Transformations to device
Fra:1 Mem:49.10M (Peak 50.24M) | Time:00:00.01 | Mem:2.00M, Peak:2.00M | EAR_ISOLATION_QA, ViewLayer | Updating Objects | Applying Static Transformations
Fra:1 Mem:49.10M (Peak 50.24M) | Time:00:00.01 | Mem:2.00M, Peak:2.00M | EAR_ISOLATION_QA, ViewLayer | Updating Particle Systems
Fra:1 Mem:49.10M (Peak 50.24M) | Time:00:00.01 | Mem:2.00M, Peak:2.00M | EAR_ISOLATION_QA, ViewLayer | Updating Particle Systems | Copying Particles to device
Fra:1 Mem:49.10M (Peak 50.24M) | Time:00:00.01 | Mem:2.00M, Peak:2.00M | EAR_ISOLATION_QA, ViewLayer | Updating Meshes
Fra:1 Mem:49.27M (Peak 50.24M) | Time:00:00.01 | Mem:2.00M, Peak:2.00M | EAR_ISOLATION_QA, ViewLayer | Updating Mesh | Computing attributes
Fra:1 Mem:50.10M (Peak 50.24M) | Time:00:00.01 | Mem:2.00M, Peak:2.00M | EAR_ISOLATION_QA, ViewLayer | Updating Mesh | Copying Attributes to device
Fra:1 Mem:50.09M (Peak 50.24M) | Time:00:00.01 | Mem:2.83M, Peak:2.83M | EAR_ISOLATION_QA, ViewLayer | Updating Scene BVH | Building
Fra:1 Mem:50.09M (Peak 50.24M) | Time:00:00.01 | Mem:2.83M, Peak:2.83M | EAR_ISOLATION_QA, ViewLayer | Updating Scene BVH | Building BVH
Fra:1 Mem:50.09M (Peak 50.24M) | Time:00:00.01 | Mem:3.17M, Peak:3.17M | EAR_ISOLATION_QA, ViewLayer | Updating Scene BVH | Building BVH 0%
Fra:1 Mem:50.09M (Peak 50.24M) | Time:00:00.02 | Mem:3.58M, Peak:3.92M | EAR_ISOLATION_QA, ViewLayer | Updating Scene BVH | Copying BVH to device
Fra:1 Mem:50.09M (Peak 50.24M) | Time:00:00.02 | Mem:3.58M, Peak:3.92M | EAR_ISOLATION_QA, ViewLayer | Updating Mesh | Computing normals
Fra:1 Mem:50.47M (Peak 50.47M) | Time:00:00.02 | Mem:3.58M, Peak:3.92M | EAR_ISOLATION_QA, ViewLayer | Updating Mesh | Copying Mesh to device
Fra:1 Mem:50.47M (Peak 50.47M) | Time:00:00.02 | Mem:3.96M, Peak:3.96M | EAR_ISOLATION_QA, ViewLayer | Updating Objects Flags
Fra:1 Mem:50.47M (Peak 50.47M) | Time:00:00.02 | Mem:3.96M, Peak:3.96M | EAR_ISOLATION_QA, ViewLayer | Updating Primitive Offsets
Fra:1 Mem:50.47M (Peak 50.47M) | Time:00:00.02 | Mem:3.96M, Peak:3.96M | EAR_ISOLATION_QA, ViewLayer | Updating Images
Fra:1 Mem:50.47M (Peak 50.47M) | Time:00:00.02 | Mem:3.96M, Peak:3.96M | EAR_ISOLATION_QA, ViewLayer | Updating Camera Volume
Fra:1 Mem:50.47M (Peak 50.47M) | Time:00:00.02 | Mem:3.96M, Peak:3.96M | EAR_ISOLATION_QA, ViewLayer | Updating Lookup Tables
Fra:1 Mem:50.47M (Peak 50.47M) | Time:00:00.02 | Mem:4.04M, Peak:4.04M | EAR_ISOLATION_QA, ViewLayer | Updating Lights
Fra:1 Mem:50.48M (Peak 50.48M) | Time:00:00.02 | Mem:4.04M, Peak:4.04M | EAR_ISOLATION_QA, ViewLayer | Updating Lights | Computing distribution
Fra:1 Mem:50.48M (Peak 50.48M) | Time:00:00.02 | Mem:4.04M, Peak:4.04M | EAR_ISOLATION_QA, ViewLayer | Updating Lights | Computing tree
Fra:1 Mem:50.48M (Peak 50.48M) | Time:00:00.02 | Mem:4.04M, Peak:4.04M | EAR_ISOLATION_QA, ViewLayer | Updating Integrator
Fra:1 Mem:51.48M (Peak 51.48M) | Time:00:00.02 | Mem:5.04M, Peak:5.04M | EAR_ISOLATION_QA, ViewLayer | Updating Film
Fra:1 Mem:51.48M (Peak 51.48M) | Time:00:00.02 | Mem:4.96M, Peak:5.04M | EAR_ISOLATION_QA, ViewLayer | Updating Lookup Tables
Fra:1 Mem:51.48M (Peak 51.48M) | Time:00:00.02 | Mem:5.04M, Peak:5.04M | EAR_ISOLATION_QA, ViewLayer | Updating Baking
Fra:1 Mem:51.48M (Peak 51.48M) | Time:00:00.02 | Mem:5.04M, Peak:5.04M | EAR_ISOLATION_QA, ViewLayer | Updating Device | Writing constant memory
Fra:1 Mem:51.48M (Peak 51.48M) | Time:00:00.02 | Mem:5.04M, Peak:5.04M | EAR_ISOLATION_QA, ViewLayer | Sample 0/40
Fra:1 Mem:80.20M (Peak 80.20M) | Time:00:00.17 | Remaining:00:06.00 | Mem:33.76M, Peak:33.76M | EAR_ISOLATION_QA, ViewLayer | Sample 1/40
Fra:1 Mem:92.95M (Peak 118.47M) | Time:00:02.64 | Mem:33.76M, Peak:33.76M | EAR_ISOLATION_QA, ViewLayer | Sample 40/40
Fra:1 Mem:92.95M (Peak 118.47M) | Time:00:02.64 | Mem:33.76M, Peak:33.76M | EAR_ISOLATION_QA, ViewLayer | Finished
Saved: '/root/Project/rack-device-3d/Cisco-N9KC9336C-FX2/v001/qa/original-ear-front-alpha.png'
Time: 00:02.74 (Saving: 00:00.09)

EAR_QA_RENDER original front alpha
Fra:1 Mem:45.99M (Peak 45.99M) | Time:00:00.00 | Mem:0.00M, Peak:0.00M | EAR_ISOLATION_QA, ViewLayer | Synchronizing object | QA_LEFT_EAR_bent_opaque_solid_with_true_bores
Fra:1 Mem:45.99M (Peak 45.99M) | Time:00:00.00 | Mem:0.00M, Peak:0.00M | EAR_ISOLATION_QA, ViewLayer | Synchronizing object | QA_CHECKER_BACKGROUND
Fra:1 Mem:47.31M (Peak 47.31M) | Time:00:00.00 | Mem:0.00M, Peak:0.00M | EAR_ISOLATION_QA, ViewLayer | Initializing
Fra:1 Mem:47.29M (Peak 47.31M) | Time:00:00.00 | Mem:0.00M, Peak:0.00M | EAR_ISOLATION_QA, ViewLayer | Updating Images | Loading metal-micro-normal
Fra:1 Mem:47.29M (Peak 47.31M) | Time:00:00.00 | Mem:0.00M, Peak:0.00M | EAR_ISOLATION_QA, ViewLayer | Updating Images | Loading zinc-plated-brackets-roughness
Fra:1 Mem:49.02M (Peak 51.31M) | Time:00:00.01 | Mem:2.00M, Peak:2.00M | EAR_ISOLATION_QA, ViewLayer | Waiting for render to start
Fra:1 Mem:49.02M (Peak 51.31M) | Time:00:00.01 | Mem:2.00M, Peak:2.00M | EAR_ISOLATION_QA, ViewLayer | Loading render kernels (may take a few minutes the first time)
Fra:1 Mem:49.02M (Peak 51.31M) | Time:00:00.01 | Mem:2.00M, Peak:2.00M | EAR_ISOLATION_QA, ViewLayer | Updating Scene
Fra:1 Mem:49.02M (Peak 51.31M) | Time:00:00.01 | Mem:2.00M, Peak:2.00M | EAR_ISOLATION_QA, ViewLayer | Updating Shaders
Fra:1 Mem:49.10M (Peak 51.31M) | Time:00:00.01 | Mem:2.00M, Peak:2.00M | EAR_ISOLATION_QA, ViewLayer | Updating Procedurals
Fra:1 Mem:49.10M (Peak 51.31M) | Time:00:00.01 | Mem:2.00M, Peak:2.00M | EAR_ISOLATION_QA, ViewLayer | Updating Background
Fra:1 Mem:49.10M (Peak 51.31M) | Time:00:00.01 | Mem:2.00M, Peak:2.00M | EAR_ISOLATION_QA, ViewLayer | Updating Camera
Fra:1 Mem:49.10M (Peak 51.31M) | Time:00:00.01 | Mem:2.00M, Peak:2.00M | EAR_ISOLATION_QA, ViewLayer | Updating Meshes Flags
Fra:1 Mem:49.10M (Peak 51.31M) | Time:00:00.01 | Mem:2.00M, Peak:2.00M | EAR_ISOLATION_QA, ViewLayer | Updating Objects
Fra:1 Mem:49.10M (Peak 51.31M) | Time:00:00.01 | Mem:2.00M, Peak:2.00M | EAR_ISOLATION_QA, ViewLayer | Updating Objects | Copying Transformations to device
Fra:1 Mem:49.10M (Peak 51.31M) | Time:00:00.01 | Mem:2.00M, Peak:2.00M | EAR_ISOLATION_QA, ViewLayer | Updating Objects | Applying Static Transformations
Fra:1 Mem:49.10M (Peak 51.31M) | Time:00:00.01 | Mem:2.00M, Peak:2.00M | EAR_ISOLATION_QA, ViewLayer | Updating Particle Systems
Fra:1 Mem:49.10M (Peak 51.31M) | Time:00:00.01 | Mem:2.00M, Peak:2.00M | EAR_ISOLATION_QA, ViewLayer | Updating Particle Systems | Copying Particles to device
Fra:1 Mem:49.10M (Peak 51.31M) | Time:00:00.01 | Mem:2.00M, Peak:2.00M | EAR_ISOLATION_QA, ViewLayer | Updating Meshes
Fra:1 Mem:49.27M (Peak 51.31M) | Time:00:00.01 | Mem:2.00M, Peak:2.00M | EAR_ISOLATION_QA, ViewLayer | Updating Mesh | Computing attributes
Fra:1 Mem:50.10M (Peak 51.31M) | Time:00:00.01 | Mem:2.00M, Peak:2.00M | EAR_ISOLATION_QA, ViewLayer | Updating Mesh | Copying Attributes to device
Fra:1 Mem:50.10M (Peak 51.31M) | Time:00:00.01 | Mem:2.83M, Peak:2.83M | EAR_ISOLATION_QA, ViewLayer | Updating Scene BVH | Building
Fra:1 Mem:50.10M (Peak 51.31M) | Time:00:00.01 | Mem:2.83M, Peak:2.83M | EAR_ISOLATION_QA, ViewLayer | Updating Scene BVH | Building BVH
Fra:1 Mem:50.10M (Peak 51.31M) | Time:00:00.01 | Mem:3.17M, Peak:3.17M | EAR_ISOLATION_QA, ViewLayer | Updating Scene BVH | Building BVH 0%
Fra:1 Mem:50.10M (Peak 51.31M) | Time:00:00.02 | Mem:3.58M, Peak:3.92M | EAR_ISOLATION_QA, ViewLayer | Updating Scene BVH | Copying BVH to device
Fra:1 Mem:50.10M (Peak 51.31M) | Time:00:00.02 | Mem:3.58M, Peak:3.92M | EAR_ISOLATION_QA, ViewLayer | Updating Mesh | Computing normals
Fra:1 Mem:50.48M (Peak 51.31M) | Time:00:00.02 | Mem:3.58M, Peak:3.92M | EAR_ISOLATION_QA, ViewLayer | Updating Mesh | Copying Mesh to device
Fra:1 Mem:50.48M (Peak 51.31M) | Time:00:00.02 | Mem:3.96M, Peak:3.96M | EAR_ISOLATION_QA, ViewLayer | Updating Objects Flags
Fra:1 Mem:50.48M (Peak 51.31M) | Time:00:00.02 | Mem:3.96M, Peak:3.96M | EAR_ISOLATION_QA, ViewLayer | Updating Primitive Offsets
Fra:1 Mem:50.48M (Peak 51.31M) | Time:00:00.02 | Mem:3.96M, Peak:3.96M | EAR_ISOLATION_QA, ViewLayer | Updating Images
Fra:1 Mem:50.48M (Peak 51.31M) | Time:00:00.02 | Mem:3.96M, Peak:3.96M | EAR_ISOLATION_QA, ViewLayer | Updating Camera Volume
Fra:1 Mem:50.48M (Peak 51.31M) | Time:00:00.02 | Mem:3.96M, Peak:3.96M | EAR_ISOLATION_QA, ViewLayer | Updating Lookup Tables
Fra:1 Mem:50.48M (Peak 51.31M) | Time:00:00.02 | Mem:4.04M, Peak:4.04M | EAR_ISOLATION_QA, ViewLayer | Updating Lights
Fra:1 Mem:50.48M (Peak 51.31M) | Time:00:00.02 | Mem:4.04M, Peak:4.04M | EAR_ISOLATION_QA, ViewLayer | Updating Lights | Computing distribution
Fra:1 Mem:50.48M (Peak 51.31M) | Time:00:00.02 | Mem:4.04M, Peak:4.04M | EAR_ISOLATION_QA, ViewLayer | Updating Lights | Computing tree
Fra:1 Mem:50.48M (Peak 51.31M) | Time:00:00.02 | Mem:4.04M, Peak:4.04M | EAR_ISOLATION_QA, ViewLayer | Updating Integrator
Fra:1 Mem:51.48M (Peak 51.48M) | Time:00:00.02 | Mem:5.04M, Peak:5.04M | EAR_ISOLATION_QA, ViewLayer | Updating Film
Fra:1 Mem:51.49M (Peak 51.49M) | Time:00:00.02 | Mem:4.96M, Peak:5.04M | EAR_ISOLATION_QA, ViewLayer | Updating Lookup Tables
Fra:1 Mem:51.49M (Peak 51.49M) | Time:00:00.02 | Mem:5.05M, Peak:5.05M | EAR_ISOLATION_QA, ViewLayer | Updating Baking
Fra:1 Mem:51.49M (Peak 51.49M) | Time:00:00.02 | Mem:5.05M, Peak:5.05M | EAR_ISOLATION_QA, ViewLayer | Updating Device | Writing constant memory
Fra:1 Mem:51.49M (Peak 51.49M) | Time:00:00.02 | Mem:5.05M, Peak:5.05M | EAR_ISOLATION_QA, ViewLayer | Sample 0/40
Fra:1 Mem:80.20M (Peak 80.20M) | Time:00:00.74 | Remaining:00:28.17 | Mem:33.76M, Peak:33.76M | EAR_ISOLATION_QA, ViewLayer | Sample 1/40
Fra:1 Mem:80.20M (Peak 80.20M) | Time:00:21.00 | Remaining:00:04.45 | Mem:33.76M, Peak:33.76M | EAR_ISOLATION_QA, ViewLayer | Sample 33/40
Fra:1 Mem:92.96M (Peak 118.47M) | Time:00:25.35 | Mem:33.76M, Peak:33.76M | EAR_ISOLATION_QA, ViewLayer | Sample 40/40
Fra:1 Mem:92.96M (Peak 118.47M) | Time:00:25.35 | Mem:33.76M, Peak:33.76M | EAR_ISOLATION_QA, ViewLayer | Finished
Saved: '/root/Project/rack-device-3d/Cisco-N9KC9336C-FX2/v001/qa/original-ear-back-checker.png'
Time: 00:25.49 (Saving: 00:00.13)

EAR_QA_RENDER original back checker
Fra:1 Mem:45.91M (Peak 45.91M) | Time:00:00.00 | Mem:0.00M, Peak:0.00M | EAR_ISOLATION_QA, ViewLayer | Synchronizing object | QA_LEFT_EAR_bent_opaque_solid_with_true_bores
Fra:1 Mem:45.91M (Peak 45.91M) | Time:00:00.00 | Mem:0.00M, Peak:0.00M | EAR_ISOLATION_QA, ViewLayer | Synchronizing object | QA_RIGHT_EAR_bent_opaque_solid_with_true_bores
Fra:1 Mem:47.24M (Peak 47.24M) | Time:00:00.00 | Mem:0.00M, Peak:0.00M | EAR_ISOLATION_QA, ViewLayer | Initializing
Fra:1 Mem:47.22M (Peak 47.24M) | Time:00:00.00 | Mem:0.00M, Peak:0.00M | EAR_ISOLATION_QA, ViewLayer | Updating Images | Loading metal-micro-normal
Fra:1 Mem:47.22M (Peak 47.24M) | Time:00:00.00 | Mem:0.00M, Peak:0.00M | EAR_ISOLATION_QA, ViewLayer | Updating Images | Loading zinc-plated-brackets-roughness
Fra:1 Mem:49.02M (Peak 50.24M) | Time:00:00.01 | Mem:2.00M, Peak:2.00M | EAR_ISOLATION_QA, ViewLayer | Waiting for render to start
Fra:1 Mem:49.02M (Peak 50.24M) | Time:00:00.01 | Mem:2.00M, Peak:2.00M | EAR_ISOLATION_QA, ViewLayer | Loading render kernels (may take a few minutes the first time)
Fra:1 Mem:49.02M (Peak 50.24M) | Time:00:00.01 | Mem:2.00M, Peak:2.00M | EAR_ISOLATION_QA, ViewLayer | Updating Scene
Fra:1 Mem:49.02M (Peak 50.24M) | Time:00:00.01 | Mem:2.00M, Peak:2.00M | EAR_ISOLATION_QA, ViewLayer | Updating Shaders
Fra:1 Mem:49.10M (Peak 50.24M) | Time:00:00.01 | Mem:2.00M, Peak:2.00M | EAR_ISOLATION_QA, ViewLayer | Updating Procedurals
Fra:1 Mem:49.10M (Peak 50.24M) | Time:00:00.01 | Mem:2.00M, Peak:2.00M | EAR_ISOLATION_QA, ViewLayer | Updating Background
Fra:1 Mem:49.10M (Peak 50.24M) | Time:00:00.01 | Mem:2.00M, Peak:2.00M | EAR_ISOLATION_QA, ViewLayer | Updating Camera
Fra:1 Mem:49.10M (Peak 50.24M) | Time:00:00.01 | Mem:2.00M, Peak:2.00M | EAR_ISOLATION_QA, ViewLayer | Updating Meshes Flags
Fra:1 Mem:49.10M (Peak 50.24M) | Time:00:00.01 | Mem:2.00M, Peak:2.00M | EAR_ISOLATION_QA, ViewLayer | Updating Objects
Fra:1 Mem:49.10M (Peak 50.24M) | Time:00:00.01 | Mem:2.00M, Peak:2.00M | EAR_ISOLATION_QA, ViewLayer | Updating Objects | Copying Transformations to device
Fra:1 Mem:49.10M (Peak 50.24M) | Time:00:00.01 | Mem:2.00M, Peak:2.00M | EAR_ISOLATION_QA, ViewLayer | Updating Objects | Applying Static Transformations
Fra:1 Mem:49.10M (Peak 50.24M) | Time:00:00.01 | Mem:2.00M, Peak:2.00M | EAR_ISOLATION_QA, ViewLayer | Updating Particle Systems
Fra:1 Mem:49.10M (Peak 50.24M) | Time:00:00.01 | Mem:2.00M, Peak:2.00M | EAR_ISOLATION_QA, ViewLayer | Updating Particle Systems | Copying Particles to device
Fra:1 Mem:49.10M (Peak 50.24M) | Time:00:00.01 | Mem:2.00M, Peak:2.00M | EAR_ISOLATION_QA, ViewLayer | Updating Meshes
Fra:1 Mem:49.27M (Peak 50.24M) | Time:00:00.01 | Mem:2.00M, Peak:2.00M | EAR_ISOLATION_QA, ViewLayer | Updating Mesh | Computing attributes
Fra:1 Mem:50.10M (Peak 50.24M) | Time:00:00.01 | Mem:2.00M, Peak:2.00M | EAR_ISOLATION_QA, ViewLayer | Updating Mesh | Copying Attributes to device
Fra:1 Mem:50.10M (Peak 50.24M) | Time:00:00.01 | Mem:2.83M, Peak:2.83M | EAR_ISOLATION_QA, ViewLayer | Updating Scene BVH | Building
Fra:1 Mem:50.10M (Peak 50.24M) | Time:00:00.01 | Mem:2.83M, Peak:2.83M | EAR_ISOLATION_QA, ViewLayer | Updating Scene BVH | Building BVH
Fra:1 Mem:50.10M (Peak 50.24M) | Time:00:00.01 | Mem:3.17M, Peak:3.17M | EAR_ISOLATION_QA, ViewLayer | Updating Scene BVH | Building BVH 0%
Fra:1 Mem:50.10M (Peak 50.24M) | Time:00:00.02 | Mem:3.58M, Peak:3.92M | EAR_ISOLATION_QA, ViewLayer | Updating Scene BVH | Copying BVH to device
Fra:1 Mem:50.10M (Peak 50.24M) | Time:00:00.02 | Mem:3.58M, Peak:3.92M | EAR_ISOLATION_QA, ViewLayer | Updating Mesh | Computing normals
Fra:1 Mem:50.48M (Peak 50.48M) | Time:00:00.02 | Mem:3.58M, Peak:3.92M | EAR_ISOLATION_QA, ViewLayer | Updating Mesh | Copying Mesh to device
Fra:1 Mem:50.48M (Peak 50.48M) | Time:00:00.02 | Mem:3.96M, Peak:3.96M | EAR_ISOLATION_QA, ViewLayer | Updating Objects Flags
Fra:1 Mem:50.48M (Peak 50.48M) | Time:00:00.02 | Mem:3.96M, Peak:3.96M | EAR_ISOLATION_QA, ViewLayer | Updating Primitive Offsets
Fra:1 Mem:50.48M (Peak 50.48M) | Time:00:00.02 | Mem:3.96M, Peak:3.96M | EAR_ISOLATION_QA, ViewLayer | Updating Images
Fra:1 Mem:50.48M (Peak 50.48M) | Time:00:00.02 | Mem:3.96M, Peak:3.96M | EAR_ISOLATION_QA, ViewLayer | Updating Camera Volume
Fra:1 Mem:50.48M (Peak 50.48M) | Time:00:00.02 | Mem:3.96M, Peak:3.96M | EAR_ISOLATION_QA, ViewLayer | Updating Lookup Tables
Fra:1 Mem:50.48M (Peak 50.48M) | Time:00:00.02 | Mem:4.04M, Peak:4.04M | EAR_ISOLATION_QA, ViewLayer | Updating Lights
Fra:1 Mem:50.48M (Peak 50.48M) | Time:00:00.02 | Mem:4.04M, Peak:4.04M | EAR_ISOLATION_QA, ViewLayer | Updating Lights | Computing distribution
Fra:1 Mem:50.48M (Peak 50.48M) | Time:00:00.02 | Mem:4.04M, Peak:4.04M | EAR_ISOLATION_QA, ViewLayer | Updating Lights | Computing tree
Fra:1 Mem:50.48M (Peak 50.48M) | Time:00:00.02 | Mem:4.04M, Peak:4.04M | EAR_ISOLATION_QA, ViewLayer | Updating Integrator
Fra:1 Mem:51.48M (Peak 51.48M) | Time:00:00.02 | Mem:5.04M, Peak:5.04M | EAR_ISOLATION_QA, ViewLayer | Updating Film
Fra:1 Mem:51.48M (Peak 51.48M) | Time:00:00.02 | Mem:4.96M, Peak:5.04M | EAR_ISOLATION_QA, ViewLayer | Updating Lookup Tables
Fra:1 Mem:51.48M (Peak 51.48M) | Time:00:00.02 | Mem:5.04M, Peak:5.04M | EAR_ISOLATION_QA, ViewLayer | Updating Baking
Fra:1 Mem:51.48M (Peak 51.48M) | Time:00:00.02 | Mem:5.04M, Peak:5.04M | EAR_ISOLATION_QA, ViewLayer | Updating Device | Writing constant memory
Fra:1 Mem:51.48M (Peak 51.48M) | Time:00:00.02 | Mem:5.04M, Peak:5.04M | EAR_ISOLATION_QA, ViewLayer | Sample 0/40
Fra:1 Mem:80.20M (Peak 80.20M) | Time:00:00.17 | Remaining:00:06.05 | Mem:33.76M, Peak:33.76M | EAR_ISOLATION_QA, ViewLayer | Sample 1/40
Fra:1 Mem:92.96M (Peak 118.47M) | Time:00:02.91 | Mem:33.76M, Peak:33.76M | EAR_ISOLATION_QA, ViewLayer | Sample 40/40
Fra:1 Mem:92.96M (Peak 118.47M) | Time:00:02.91 | Mem:33.76M, Peak:33.76M | EAR_ISOLATION_QA, ViewLayer | Finished
Saved: '/root/Project/rack-device-3d/Cisco-N9KC9336C-FX2/v001/qa/original-ear-back-alpha.png'
Time: 00:03.01 (Saving: 00:00.09)

EAR_QA_RENDER original back alpha
Fra:1 Mem:45.96M (Peak 45.96M) | Time:00:00.00 | Mem:0.00M, Peak:0.00M | EAR_ISOLATION_QA, ViewLayer | Synchronizing object | QA_RIGHT_EAR_bent_opaque_solid_with_true_bores
Fra:1 Mem:46.00M (Peak 46.00M) | Time:00:00.00 | Mem:0.00M, Peak:0.00M | EAR_ISOLATION_QA, ViewLayer | Synchronizing object | QA_CHECKER_BACKGROUND
Fra:1 Mem:46.62M (Peak 46.62M) | Time:00:00.00 | Mem:0.00M, Peak:0.00M | EAR_ISOLATION_QA, ViewLayer | Initializing
Fra:1 Mem:46.61M (Peak 46.62M) | Time:00:00.00 | Mem:0.00M, Peak:0.00M | EAR_ISOLATION_QA, ViewLayer | Updating Images | Loading metal-micro-normal
Fra:1 Mem:46.61M (Peak 46.62M) | Time:00:00.00 | Mem:0.00M, Peak:0.00M | EAR_ISOLATION_QA, ViewLayer | Updating Images | Loading zinc-plated-brackets-roughness
Fra:1 Mem:48.36M (Peak 51.63M) | Time:00:00.01 | Mem:2.00M, Peak:2.00M | EAR_ISOLATION_QA, ViewLayer | Waiting for render to start
Fra:1 Mem:48.36M (Peak 51.63M) | Time:00:00.01 | Mem:2.00M, Peak:2.00M | EAR_ISOLATION_QA, ViewLayer | Loading render kernels (may take a few minutes the first time)
Fra:1 Mem:48.36M (Peak 51.63M) | Time:00:00.01 | Mem:2.00M, Peak:2.00M | EAR_ISOLATION_QA, ViewLayer | Updating Scene
Fra:1 Mem:48.36M (Peak 51.63M) | Time:00:00.01 | Mem:2.00M, Peak:2.00M | EAR_ISOLATION_QA, ViewLayer | Updating Shaders
Fra:1 Mem:48.44M (Peak 51.63M) | Time:00:00.01 | Mem:2.00M, Peak:2.00M | EAR_ISOLATION_QA, ViewLayer | Updating Procedurals
Fra:1 Mem:48.44M (Peak 51.63M) | Time:00:00.01 | Mem:2.00M, Peak:2.00M | EAR_ISOLATION_QA, ViewLayer | Updating Background
Fra:1 Mem:48.44M (Peak 51.63M) | Time:00:00.01 | Mem:2.00M, Peak:2.00M | EAR_ISOLATION_QA, ViewLayer | Updating Camera
Fra:1 Mem:48.44M (Peak 51.63M) | Time:00:00.01 | Mem:2.00M, Peak:2.00M | EAR_ISOLATION_QA, ViewLayer | Updating Meshes Flags
Fra:1 Mem:48.44M (Peak 51.63M) | Time:00:00.01 | Mem:2.00M, Peak:2.00M | EAR_ISOLATION_QA, ViewLayer | Updating Objects
Fra:1 Mem:48.44M (Peak 51.63M) | Time:00:00.01 | Mem:2.00M, Peak:2.00M | EAR_ISOLATION_QA, ViewLayer | Updating Objects | Copying Transformations to device
Fra:1 Mem:48.44M (Peak 51.63M) | Time:00:00.01 | Mem:2.00M, Peak:2.00M | EAR_ISOLATION_QA, ViewLayer | Updating Objects | Applying Static Transformations
Fra:1 Mem:48.44M (Peak 51.63M) | Time:00:00.01 | Mem:2.00M, Peak:2.00M | EAR_ISOLATION_QA, ViewLayer | Updating Particle Systems
Fra:1 Mem:48.44M (Peak 51.63M) | Time:00:00.01 | Mem:2.00M, Peak:2.00M | EAR_ISOLATION_QA, ViewLayer | Updating Particle Systems | Copying Particles to device
Fra:1 Mem:48.44M (Peak 51.63M) | Time:00:00.01 | Mem:2.00M, Peak:2.00M | EAR_ISOLATION_QA, ViewLayer | Updating Meshes
Fra:1 Mem:48.53M (Peak 51.63M) | Time:00:00.01 | Mem:2.00M, Peak:2.00M | EAR_ISOLATION_QA, ViewLayer | Updating Mesh | Computing attributes
Fra:1 Mem:48.94M (Peak 51.63M) | Time:00:00.01 | Mem:2.00M, Peak:2.00M | EAR_ISOLATION_QA, ViewLayer | Updating Mesh | Copying Attributes to device
Fra:1 Mem:48.94M (Peak 51.63M) | Time:00:00.01 | Mem:2.42M, Peak:2.42M | EAR_ISOLATION_QA, ViewLayer | Updating Scene BVH | Building
Fra:1 Mem:48.94M (Peak 51.63M) | Time:00:00.01 | Mem:2.42M, Peak:2.42M | EAR_ISOLATION_QA, ViewLayer | Updating Scene BVH | Building BVH
Fra:1 Mem:48.94M (Peak 51.63M) | Time:00:00.01 | Mem:2.59M, Peak:2.59M | EAR_ISOLATION_QA, ViewLayer | Updating Scene BVH | Building BVH 0%
Fra:1 Mem:48.94M (Peak 51.63M) | Time:00:00.01 | Mem:2.79M, Peak:2.96M | EAR_ISOLATION_QA, ViewLayer | Updating Scene BVH | Copying BVH to device
Fra:1 Mem:48.94M (Peak 51.63M) | Time:00:00.01 | Mem:2.79M, Peak:2.96M | EAR_ISOLATION_QA, ViewLayer | Updating Mesh | Computing normals
Fra:1 Mem:49.13M (Peak 51.63M) | Time:00:00.01 | Mem:2.79M, Peak:2.96M | EAR_ISOLATION_QA, ViewLayer | Updating Mesh | Copying Mesh to device
Fra:1 Mem:49.13M (Peak 51.63M) | Time:00:00.01 | Mem:2.98M, Peak:2.98M | EAR_ISOLATION_QA, ViewLayer | Updating Objects Flags
Fra:1 Mem:49.13M (Peak 51.63M) | Time:00:00.01 | Mem:2.98M, Peak:2.98M | EAR_ISOLATION_QA, ViewLayer | Updating Primitive Offsets
Fra:1 Mem:49.13M (Peak 51.63M) | Time:00:00.01 | Mem:2.98M, Peak:2.98M | EAR_ISOLATION_QA, ViewLayer | Updating Images
Fra:1 Mem:49.13M (Peak 51.63M) | Time:00:00.01 | Mem:2.98M, Peak:2.98M | EAR_ISOLATION_QA, ViewLayer | Updating Camera Volume
Fra:1 Mem:49.13M (Peak 51.63M) | Time:00:00.01 | Mem:2.98M, Peak:2.98M | EAR_ISOLATION_QA, ViewLayer | Updating Lookup Tables
Fra:1 Mem:49.13M (Peak 51.63M) | Time:00:00.01 | Mem:3.06M, Peak:3.06M | EAR_ISOLATION_QA, ViewLayer | Updating Lights
Fra:1 Mem:49.13M (Peak 51.63M) | Time:00:00.01 | Mem:3.07M, Peak:3.07M | EAR_ISOLATION_QA, ViewLayer | Updating Lights | Computing distribution
Fra:1 Mem:49.13M (Peak 51.63M) | Time:00:00.01 | Mem:3.07M, Peak:3.07M | EAR_ISOLATION_QA, ViewLayer | Updating Lights | Computing tree
Fra:1 Mem:49.13M (Peak 51.63M) | Time:00:00.01 | Mem:3.07M, Peak:3.07M | EAR_ISOLATION_QA, ViewLayer | Updating Integrator
Fra:1 Mem:50.13M (Peak 51.63M) | Time:00:00.01 | Mem:4.07M, Peak:4.07M | EAR_ISOLATION_QA, ViewLayer | Updating Film
Fra:1 Mem:50.14M (Peak 51.63M) | Time:00:00.02 | Mem:3.98M, Peak:4.07M | EAR_ISOLATION_QA, ViewLayer | Updating Lookup Tables
Fra:1 Mem:50.14M (Peak 51.63M) | Time:00:00.02 | Mem:4.07M, Peak:4.07M | EAR_ISOLATION_QA, ViewLayer | Updating Baking
Fra:1 Mem:50.14M (Peak 51.63M) | Time:00:00.02 | Mem:4.07M, Peak:4.07M | EAR_ISOLATION_QA, ViewLayer | Updating Device | Writing constant memory
Fra:1 Mem:50.14M (Peak 51.63M) | Time:00:00.02 | Mem:4.07M, Peak:4.07M | EAR_ISOLATION_QA, ViewLayer | Sample 0/40
Fra:1 Mem:91.35M (Peak 91.35M) | Time:00:01.10 | Remaining:00:42.31 | Mem:45.28M, Peak:45.28M | EAR_ISOLATION_QA, ViewLayer | Sample 1/40
Fra:1 Mem:91.35M (Peak 91.35M) | Time:00:31.84 | Remaining:00:06.75 | Mem:45.28M, Peak:45.28M | EAR_ISOLATION_QA, ViewLayer | Sample 33/40
Fra:1 Mem:109.66M (Peak 146.28M) | Time:00:38.56 | Mem:45.28M, Peak:45.28M | EAR_ISOLATION_QA, ViewLayer | Sample 40/40
Fra:1 Mem:109.66M (Peak 146.28M) | Time:00:38.56 | Mem:45.28M, Peak:45.28M | EAR_ISOLATION_QA, ViewLayer | Finished
Saved: '/root/Project/rack-device-3d/Cisco-N9KC9336C-FX2/v001/qa/original-ear-right-side-checker.png'
Time: 00:38.76 (Saving: 00:00.19)

EAR_QA_RENDER original right-side checker
Fra:1 Mem:45.88M (Peak 45.88M) | Time:00:00.00 | Mem:0.00M, Peak:0.00M | EAR_ISOLATION_QA, ViewLayer | Synchronizing object | QA_RIGHT_EAR_bent_opaque_solid_with_true_bores
Fra:1 Mem:46.54M (Peak 46.54M) | Time:00:00.00 | Mem:0.00M, Peak:0.00M | EAR_ISOLATION_QA, ViewLayer | Initializing
Fra:1 Mem:46.53M (Peak 46.54M) | Time:00:00.00 | Mem:0.00M, Peak:0.00M | EAR_ISOLATION_QA, ViewLayer | Updating Images | Loading metal-micro-normal
Fra:1 Mem:46.53M (Peak 46.54M) | Time:00:00.00 | Mem:0.00M, Peak:0.00M | EAR_ISOLATION_QA, ViewLayer | Updating Images | Loading zinc-plated-brackets-roughness
Fra:1 Mem:48.36M (Peak 51.55M) | Time:00:00.01 | Mem:2.00M, Peak:2.00M | EAR_ISOLATION_QA, ViewLayer | Waiting for render to start
Fra:1 Mem:48.36M (Peak 51.55M) | Time:00:00.01 | Mem:2.00M, Peak:2.00M | EAR_ISOLATION_QA, ViewLayer | Loading render kernels (may take a few minutes the first time)
Fra:1 Mem:48.36M (Peak 51.55M) | Time:00:00.01 | Mem:2.00M, Peak:2.00M | EAR_ISOLATION_QA, ViewLayer | Updating Scene
Fra:1 Mem:48.36M (Peak 51.55M) | Time:00:00.01 | Mem:2.00M, Peak:2.00M | EAR_ISOLATION_QA, ViewLayer | Updating Shaders
Fra:1 Mem:48.44M (Peak 51.55M) | Time:00:00.01 | Mem:2.00M, Peak:2.00M | EAR_ISOLATION_QA, ViewLayer | Updating Procedurals
Fra:1 Mem:48.44M (Peak 51.55M) | Time:00:00.01 | Mem:2.00M, Peak:2.00M | EAR_ISOLATION_QA, ViewLayer | Updating Background
Fra:1 Mem:48.44M (Peak 51.55M) | Time:00:00.01 | Mem:2.00M, Peak:2.00M | EAR_ISOLATION_QA, ViewLayer | Updating Camera
Fra:1 Mem:48.44M (Peak 51.55M) | Time:00:00.01 | Mem:2.00M, Peak:2.00M | EAR_ISOLATION_QA, ViewLayer | Updating Meshes Flags
Fra:1 Mem:48.44M (Peak 51.55M) | Time:00:00.01 | Mem:2.00M, Peak:2.00M | EAR_ISOLATION_QA, ViewLayer | Updating Objects
Fra:1 Mem:48.44M (Peak 51.55M) | Time:00:00.01 | Mem:2.00M, Peak:2.00M | EAR_ISOLATION_QA, ViewLayer | Updating Objects | Copying Transformations to device
Fra:1 Mem:48.44M (Peak 51.55M) | Time:00:00.01 | Mem:2.00M, Peak:2.00M | EAR_ISOLATION_QA, ViewLayer | Updating Objects | Applying Static Transformations
Fra:1 Mem:48.44M (Peak 51.55M) | Time:00:00.01 | Mem:2.00M, Peak:2.00M | EAR_ISOLATION_QA, ViewLayer | Updating Particle Systems
Fra:1 Mem:48.44M (Peak 51.55M) | Time:00:00.01 | Mem:2.00M, Peak:2.00M | EAR_ISOLATION_QA, ViewLayer | Updating Particle Systems | Copying Particles to device
Fra:1 Mem:48.44M (Peak 51.55M) | Time:00:00.01 | Mem:2.00M, Peak:2.00M | EAR_ISOLATION_QA, ViewLayer | Updating Meshes
Fra:1 Mem:48.53M (Peak 51.55M) | Time:00:00.01 | Mem:2.00M, Peak:2.00M | EAR_ISOLATION_QA, ViewLayer | Updating Mesh | Computing attributes
Fra:1 Mem:48.94M (Peak 51.55M) | Time:00:00.01 | Mem:2.00M, Peak:2.00M | EAR_ISOLATION_QA, ViewLayer | Updating Mesh | Copying Attributes to device
Fra:1 Mem:48.94M (Peak 51.55M) | Time:00:00.01 | Mem:2.42M, Peak:2.42M | EAR_ISOLATION_QA, ViewLayer | Updating Scene BVH | Building
Fra:1 Mem:48.94M (Peak 51.55M) | Time:00:00.01 | Mem:2.42M, Peak:2.42M | EAR_ISOLATION_QA, ViewLayer | Updating Scene BVH | Building BVH
Fra:1 Mem:48.94M (Peak 51.55M) | Time:00:00.01 | Mem:2.59M, Peak:2.59M | EAR_ISOLATION_QA, ViewLayer | Updating Scene BVH | Building BVH 0%
Fra:1 Mem:48.94M (Peak 51.55M) | Time:00:00.01 | Mem:2.79M, Peak:2.96M | EAR_ISOLATION_QA, ViewLayer | Updating Scene BVH | Copying BVH to device
Fra:1 Mem:48.94M (Peak 51.55M) | Time:00:00.01 | Mem:2.79M, Peak:2.96M | EAR_ISOLATION_QA, ViewLayer | Updating Mesh | Computing normals
Fra:1 Mem:49.13M (Peak 51.55M) | Time:00:00.01 | Mem:2.79M, Peak:2.96M | EAR_ISOLATION_QA, ViewLayer | Updating Mesh | Copying Mesh to device
Fra:1 Mem:49.13M (Peak 51.55M) | Time:00:00.01 | Mem:2.98M, Peak:2.98M | EAR_ISOLATION_QA, ViewLayer | Updating Objects Flags
Fra:1 Mem:49.13M (Peak 51.55M) | Time:00:00.01 | Mem:2.98M, Peak:2.98M | EAR_ISOLATION_QA, ViewLayer | Updating Primitive Offsets
Fra:1 Mem:49.13M (Peak 51.55M) | Time:00:00.01 | Mem:2.98M, Peak:2.98M | EAR_ISOLATION_QA, ViewLayer | Updating Images
Fra:1 Mem:49.13M (Peak 51.55M) | Time:00:00.01 | Mem:2.98M, Peak:2.98M | EAR_ISOLATION_QA, ViewLayer | Updating Camera Volume
Fra:1 Mem:49.13M (Peak 51.55M) | Time:00:00.01 | Mem:2.98M, Peak:2.98M | EAR_ISOLATION_QA, ViewLayer | Updating Lookup Tables
Fra:1 Mem:49.13M (Peak 51.55M) | Time:00:00.01 | Mem:3.06M, Peak:3.06M | EAR_ISOLATION_QA, ViewLayer | Updating Lights
Fra:1 Mem:49.13M (Peak 51.55M) | Time:00:00.01 | Mem:3.06M, Peak:3.06M | EAR_ISOLATION_QA, ViewLayer | Updating Lights | Computing distribution
Fra:1 Mem:49.13M (Peak 51.55M) | Time:00:00.01 | Mem:3.06M, Peak:3.06M | EAR_ISOLATION_QA, ViewLayer | Updating Lights | Computing tree
Fra:1 Mem:49.13M (Peak 51.55M) | Time:00:00.01 | Mem:3.06M, Peak:3.06M | EAR_ISOLATION_QA, ViewLayer | Updating Integrator
Fra:1 Mem:50.13M (Peak 51.55M) | Time:00:00.01 | Mem:4.06M, Peak:4.06M | EAR_ISOLATION_QA, ViewLayer | Updating Film
Fra:1 Mem:50.13M (Peak 51.55M) | Time:00:00.01 | Mem:3.98M, Peak:4.06M | EAR_ISOLATION_QA, ViewLayer | Updating Lookup Tables
Fra:1 Mem:50.13M (Peak 51.55M) | Time:00:00.01 | Mem:4.07M, Peak:4.07M | EAR_ISOLATION_QA, ViewLayer | Updating Baking
Fra:1 Mem:50.13M (Peak 51.55M) | Time:00:00.01 | Mem:4.07M, Peak:4.07M | EAR_ISOLATION_QA, ViewLayer | Updating Device | Writing constant memory
Fra:1 Mem:50.13M (Peak 51.55M) | Time:00:00.01 | Mem:4.07M, Peak:4.07M | EAR_ISOLATION_QA, ViewLayer | Sample 0/40
Fra:1 Mem:91.35M (Peak 91.35M) | Time:00:00.69 | Remaining:00:26.48 | Mem:45.28M, Peak:45.28M | EAR_ISOLATION_QA, ViewLayer | Sample 1/40
Fra:1 Mem:91.35M (Peak 91.35M) | Time:00:18.14 | Remaining:00:03.84 | Mem:45.28M, Peak:45.28M | EAR_ISOLATION_QA, ViewLayer | Sample 33/40
Fra:1 Mem:109.66M (Peak 146.28M) | Time:00:21.99 | Mem:45.28M, Peak:45.28M | EAR_ISOLATION_QA, ViewLayer | Sample 40/40
Fra:1 Mem:109.66M (Peak 146.28M) | Time:00:21.99 | Mem:45.28M, Peak:45.28M | EAR_ISOLATION_QA, ViewLayer | Finished
Saved: '/root/Project/rack-device-3d/Cisco-N9KC9336C-FX2/v001/qa/original-ear-right-side-alpha.png'
Time: 00:22.16 (Saving: 00:00.16)

EAR_QA_RENDER original right-side alpha
Fra:1 Mem:45.96M (Peak 45.96M) | Time:00:00.00 | Mem:0.00M, Peak:0.00M | EAR_ISOLATION_QA, ViewLayer | Synchronizing object | QA_LEFT_EAR_bent_opaque_solid_with_true_bores
Fra:1 Mem:46.09M (Peak 46.09M) | Time:00:00.00 | Mem:0.00M, Peak:0.00M | EAR_ISOLATION_QA, ViewLayer | Synchronizing object | QA_CHECKER_BACKGROUND
Fra:1 Mem:46.62M (Peak 46.62M) | Time:00:00.00 | Mem:0.00M, Peak:0.00M | EAR_ISOLATION_QA, ViewLayer | Initializing
Fra:1 Mem:46.61M (Peak 46.62M) | Time:00:00.00 | Mem:0.00M, Peak:0.00M | EAR_ISOLATION_QA, ViewLayer | Updating Images | Loading metal-micro-normal
Fra:1 Mem:46.61M (Peak 46.62M) | Time:00:00.00 | Mem:0.00M, Peak:0.00M | EAR_ISOLATION_QA, ViewLayer | Updating Images | Loading zinc-plated-brackets-roughness
Fra:1 Mem:48.36M (Peak 49.63M) | Time:00:00.01 | Mem:2.00M, Peak:2.00M | EAR_ISOLATION_QA, ViewLayer | Waiting for render to start
Fra:1 Mem:48.36M (Peak 49.63M) | Time:00:00.01 | Mem:2.00M, Peak:2.00M | EAR_ISOLATION_QA, ViewLayer | Loading render kernels (may take a few minutes the first time)
Fra:1 Mem:48.36M (Peak 49.63M) | Time:00:00.01 | Mem:2.00M, Peak:2.00M | EAR_ISOLATION_QA, ViewLayer | Updating Scene
Fra:1 Mem:48.36M (Peak 49.63M) | Time:00:00.01 | Mem:2.00M, Peak:2.00M | EAR_ISOLATION_QA, ViewLayer | Updating Shaders
Fra:1 Mem:48.44M (Peak 49.63M) | Time:00:00.01 | Mem:2.00M, Peak:2.00M | EAR_ISOLATION_QA, ViewLayer | Updating Procedurals
Fra:1 Mem:48.44M (Peak 49.63M) | Time:00:00.01 | Mem:2.00M, Peak:2.00M | EAR_ISOLATION_QA, ViewLayer | Updating Background
Fra:1 Mem:48.44M (Peak 49.63M) | Time:00:00.01 | Mem:2.00M, Peak:2.00M | EAR_ISOLATION_QA, ViewLayer | Updating Camera
Fra:1 Mem:48.44M (Peak 49.63M) | Time:00:00.01 | Mem:2.00M, Peak:2.00M | EAR_ISOLATION_QA, ViewLayer | Updating Meshes Flags
Fra:1 Mem:48.44M (Peak 49.63M) | Time:00:00.01 | Mem:2.00M, Peak:2.00M | EAR_ISOLATION_QA, ViewLayer | Updating Objects
Fra:1 Mem:48.44M (Peak 49.63M) | Time:00:00.01 | Mem:2.00M, Peak:2.00M | EAR_ISOLATION_QA, ViewLayer | Updating Objects | Copying Transformations to device
Fra:1 Mem:48.44M (Peak 49.63M) | Time:00:00.01 | Mem:2.00M, Peak:2.00M | EAR_ISOLATION_QA, ViewLayer | Updating Objects | Applying Static Transformations
Fra:1 Mem:48.44M (Peak 49.63M) | Time:00:00.01 | Mem:2.00M, Peak:2.00M | EAR_ISOLATION_QA, ViewLayer | Updating Particle Systems
Fra:1 Mem:48.44M (Peak 49.63M) | Time:00:00.01 | Mem:2.00M, Peak:2.00M | EAR_ISOLATION_QA, ViewLayer | Updating Particle Systems | Copying Particles to device
Fra:1 Mem:48.44M (Peak 49.63M) | Time:00:00.01 | Mem:2.00M, Peak:2.00M | EAR_ISOLATION_QA, ViewLayer | Updating Meshes
Fra:1 Mem:48.53M (Peak 49.63M) | Time:00:00.01 | Mem:2.00M, Peak:2.00M | EAR_ISOLATION_QA, ViewLayer | Updating Mesh | Computing attributes
Fra:1 Mem:48.94M (Peak 49.63M) | Time:00:00.01 | Mem:2.00M, Peak:2.00M | EAR_ISOLATION_QA, ViewLayer | Updating Mesh | Copying Attributes to device
Fra:1 Mem:48.94M (Peak 49.63M) | Time:00:00.01 | Mem:2.42M, Peak:2.42M | EAR_ISOLATION_QA, ViewLayer | Updating Scene BVH | Building
Fra:1 Mem:48.94M (Peak 49.63M) | Time:00:00.01 | Mem:2.42M, Peak:2.42M | EAR_ISOLATION_QA, ViewLayer | Updating Scene BVH | Building BVH
Fra:1 Mem:48.94M (Peak 49.63M) | Time:00:00.01 | Mem:2.59M, Peak:2.59M | EAR_ISOLATION_QA, ViewLayer | Updating Scene BVH | Building BVH 0%
Fra:1 Mem:48.94M (Peak 49.63M) | Time:00:00.01 | Mem:2.79M, Peak:2.96M | EAR_ISOLATION_QA, ViewLayer | Updating Scene BVH | Copying BVH to device
Fra:1 Mem:48.94M (Peak 49.63M) | Time:00:00.01 | Mem:2.79M, Peak:2.96M | EAR_ISOLATION_QA, ViewLayer | Updating Mesh | Computing normals
Fra:1 Mem:49.13M (Peak 49.63M) | Time:00:00.01 | Mem:2.79M, Peak:2.96M | EAR_ISOLATION_QA, ViewLayer | Updating Mesh | Copying Mesh to device
Fra:1 Mem:49.13M (Peak 49.63M) | Time:00:00.01 | Mem:2.98M, Peak:2.98M | EAR_ISOLATION_QA, ViewLayer | Updating Objects Flags
Fra:1 Mem:49.13M (Peak 49.63M) | Time:00:00.01 | Mem:2.98M, Peak:2.98M | EAR_ISOLATION_QA, ViewLayer | Updating Primitive Offsets
Fra:1 Mem:49.13M (Peak 49.63M) | Time:00:00.01 | Mem:2.98M, Peak:2.98M | EAR_ISOLATION_QA, ViewLayer | Updating Images
Fra:1 Mem:49.13M (Peak 49.63M) | Time:00:00.01 | Mem:2.98M, Peak:2.98M | EAR_ISOLATION_QA, ViewLayer | Updating Camera Volume
Fra:1 Mem:49.13M (Peak 49.63M) | Time:00:00.01 | Mem:2.98M, Peak:2.98M | EAR_ISOLATION_QA, ViewLayer | Updating Lookup Tables
Fra:1 Mem:49.13M (Peak 49.63M) | Time:00:00.01 | Mem:3.06M, Peak:3.06M | EAR_ISOLATION_QA, ViewLayer | Updating Lights
Fra:1 Mem:49.13M (Peak 49.63M) | Time:00:00.01 | Mem:3.07M, Peak:3.07M | EAR_ISOLATION_QA, ViewLayer | Updating Lights | Computing distribution
Fra:1 Mem:49.13M (Peak 49.63M) | Time:00:00.01 | Mem:3.07M, Peak:3.07M | EAR_ISOLATION_QA, ViewLayer | Updating Lights | Computing tree
Fra:1 Mem:49.13M (Peak 49.63M) | Time:00:00.01 | Mem:3.07M, Peak:3.07M | EAR_ISOLATION_QA, ViewLayer | Updating Integrator
Fra:1 Mem:50.13M (Peak 50.13M) | Time:00:00.01 | Mem:4.07M, Peak:4.07M | EAR_ISOLATION_QA, ViewLayer | Updating Film
Fra:1 Mem:50.14M (Peak 50.14M) | Time:00:00.01 | Mem:3.98M, Peak:4.07M | EAR_ISOLATION_QA, ViewLayer | Updating Lookup Tables
Fra:1 Mem:50.14M (Peak 50.14M) | Time:00:00.01 | Mem:4.07M, Peak:4.07M | EAR_ISOLATION_QA, ViewLayer | Updating Baking
Fra:1 Mem:50.14M (Peak 50.14M) | Time:00:00.01 | Mem:4.07M, Peak:4.07M | EAR_ISOLATION_QA, ViewLayer | Updating Device | Writing constant memory
Fra:1 Mem:50.14M (Peak 50.14M) | Time:00:00.01 | Mem:4.07M, Peak:4.07M | EAR_ISOLATION_QA, ViewLayer | Sample 0/40
Fra:1 Mem:91.35M (Peak 91.35M) | Time:00:01.18 | Remaining:00:45.33 | Mem:45.28M, Peak:45.28M | EAR_ISOLATION_QA, ViewLayer | Sample 1/40
Fra:1 Mem:91.35M (Peak 91.35M) | Time:00:33.44 | Remaining:00:07.09 | Mem:45.28M, Peak:45.28M | EAR_ISOLATION_QA, ViewLayer | Sample 33/40
Fra:1 Mem:109.66M (Peak 146.28M) | Time:00:40.58 | Mem:45.28M, Peak:45.28M | EAR_ISOLATION_QA, ViewLayer | Sample 40/40
Fra:1 Mem:109.66M (Peak 146.28M) | Time:00:40.58 | Mem:45.28M, Peak:45.28M | EAR_ISOLATION_QA, ViewLayer | Finished
Saved: '/root/Project/rack-device-3d/Cisco-N9KC9336C-FX2/v001/qa/original-ear-left-side-checker.png'
Time: 00:40.89 (Saving: 00:00.28)

EAR_QA_RENDER original left-side checker
Fra:1 Mem:45.88M (Peak 45.88M) | Time:00:00.00 | Mem:0.00M, Peak:0.00M | EAR_ISOLATION_QA, ViewLayer | Synchronizing object | QA_LEFT_EAR_bent_opaque_solid_with_true_bores
Fra:1 Mem:46.54M (Peak 46.54M) | Time:00:00.01 | Mem:0.00M, Peak:0.00M | EAR_ISOLATION_QA, ViewLayer | Initializing
Fra:1 Mem:46.53M (Peak 46.54M) | Time:00:00.01 | Mem:0.00M, Peak:0.00M | EAR_ISOLATION_QA, ViewLayer | Updating Images | Loading metal-micro-normal
Fra:1 Mem:47.54M (Peak 47.54M) | Time:00:00.01 | Mem:0.00M, Peak:0.00M | EAR_ISOLATION_QA, ViewLayer | Updating Images | Loading zinc-plated-brackets-roughness
Fra:1 Mem:48.36M (Peak 49.56M) | Time:00:00.03 | Mem:2.00M, Peak:2.00M | EAR_ISOLATION_QA, ViewLayer | Waiting for render to start
Fra:1 Mem:48.36M (Peak 49.56M) | Time:00:00.03 | Mem:2.00M, Peak:2.00M | EAR_ISOLATION_QA, ViewLayer | Loading render kernels (may take a few minutes the first time)
Fra:1 Mem:48.36M (Peak 49.56M) | Time:00:00.03 | Mem:2.00M, Peak:2.00M | EAR_ISOLATION_QA, ViewLayer | Updating Scene
Fra:1 Mem:48.36M (Peak 49.56M) | Time:00:00.03 | Mem:2.00M, Peak:2.00M | EAR_ISOLATION_QA, ViewLayer | Updating Shaders
Fra:1 Mem:48.44M (Peak 49.56M) | Time:00:00.03 | Mem:2.00M, Peak:2.00M | EAR_ISOLATION_QA, ViewLayer | Updating Procedurals
Fra:1 Mem:48.44M (Peak 49.56M) | Time:00:00.03 | Mem:2.00M, Peak:2.00M | EAR_ISOLATION_QA, ViewLayer | Updating Background
Fra:1 Mem:48.44M (Peak 49.56M) | Time:00:00.03 | Mem:2.00M, Peak:2.00M | EAR_ISOLATION_QA, ViewLayer | Updating Camera
Fra:1 Mem:48.44M (Peak 49.56M) | Time:00:00.03 | Mem:2.00M, Peak:2.00M | EAR_ISOLATION_QA, ViewLayer | Updating Meshes Flags
Fra:1 Mem:48.44M (Peak 49.56M) | Time:00:00.03 | Mem:2.00M, Peak:2.00M | EAR_ISOLATION_QA, ViewLayer | Updating Objects
Fra:1 Mem:48.44M (Peak 49.56M) | Time:00:00.03 | Mem:2.00M, Peak:2.00M | EAR_ISOLATION_QA, ViewLayer | Updating Objects | Copying Transformations to device
Fra:1 Mem:48.44M (Peak 49.56M) | Time:00:00.03 | Mem:2.00M, Peak:2.00M | EAR_ISOLATION_QA, ViewLayer | Updating Objects | Applying Static Transformations
Fra:1 Mem:48.44M (Peak 49.56M) | Time:00:00.03 | Mem:2.00M, Peak:2.00M | EAR_ISOLATION_QA, ViewLayer | Updating Particle Systems
Fra:1 Mem:48.44M (Peak 49.56M) | Time:00:00.03 | Mem:2.00M, Peak:2.00M | EAR_ISOLATION_QA, ViewLayer | Updating Particle Systems | Copying Particles to device
Fra:1 Mem:48.44M (Peak 49.56M) | Time:00:00.03 | Mem:2.00M, Peak:2.00M | EAR_ISOLATION_QA, ViewLayer | Updating Meshes
Fra:1 Mem:48.53M (Peak 49.56M) | Time:00:00.03 | Mem:2.00M, Peak:2.00M | EAR_ISOLATION_QA, ViewLayer | Updating Mesh | Computing attributes
Fra:1 Mem:48.94M (Peak 49.56M) | Time:00:00.03 | Mem:2.00M, Peak:2.00M | EAR_ISOLATION_QA, ViewLayer | Updating Mesh | Copying Attributes to device
Fra:1 Mem:48.94M (Peak 49.56M) | Time:00:00.03 | Mem:2.42M, Peak:2.42M | EAR_ISOLATION_QA, ViewLayer | Updating Scene BVH | Building
Fra:1 Mem:48.94M (Peak 49.56M) | Time:00:00.03 | Mem:2.42M, Peak:2.42M | EAR_ISOLATION_QA, ViewLayer | Updating Scene BVH | Building BVH
Fra:1 Mem:48.94M (Peak 49.56M) | Time:00:00.03 | Mem:2.59M, Peak:2.59M | EAR_ISOLATION_QA, ViewLayer | Updating Scene BVH | Building BVH 0%
Fra:1 Mem:48.94M (Peak 49.56M) | Time:00:00.03 | Mem:2.79M, Peak:2.96M | EAR_ISOLATION_QA, ViewLayer | Updating Scene BVH | Copying BVH to device
Fra:1 Mem:48.94M (Peak 49.56M) | Time:00:00.03 | Mem:2.79M, Peak:2.96M | EAR_ISOLATION_QA, ViewLayer | Updating Mesh | Computing normals
Fra:1 Mem:49.13M (Peak 49.56M) | Time:00:00.03 | Mem:2.79M, Peak:2.96M | EAR_ISOLATION_QA, ViewLayer | Updating Mesh | Copying Mesh to device
Fra:1 Mem:49.13M (Peak 49.56M) | Time:00:00.03 | Mem:2.98M, Peak:2.98M | EAR_ISOLATION_QA, ViewLayer | Updating Objects Flags
Fra:1 Mem:49.13M (Peak 49.56M) | Time:00:00.03 | Mem:2.98M, Peak:2.98M | EAR_ISOLATION_QA, ViewLayer | Updating Primitive Offsets
Fra:1 Mem:49.13M (Peak 49.56M) | Time:00:00.03 | Mem:2.98M, Peak:2.98M | EAR_ISOLATION_QA, ViewLayer | Updating Images
Fra:1 Mem:49.13M (Peak 49.56M) | Time:00:00.03 | Mem:2.98M, Peak:2.98M | EAR_ISOLATION_QA, ViewLayer | Updating Camera Volume
Fra:1 Mem:49.13M (Peak 49.56M) | Time:00:00.03 | Mem:2.98M, Peak:2.98M | EAR_ISOLATION_QA, ViewLayer | Updating Lookup Tables
Fra:1 Mem:49.13M (Peak 49.56M) | Time:00:00.03 | Mem:3.06M, Peak:3.06M | EAR_ISOLATION_QA, ViewLayer | Updating Lights
Fra:1 Mem:49.13M (Peak 49.56M) | Time:00:00.03 | Mem:3.06M, Peak:3.06M | EAR_ISOLATION_QA, ViewLayer | Updating Lights | Computing distribution
Fra:1 Mem:49.13M (Peak 49.56M) | Time:00:00.03 | Mem:3.06M, Peak:3.06M | EAR_ISOLATION_QA, ViewLayer | Updating Lights | Computing tree
Fra:1 Mem:49.13M (Peak 49.56M) | Time:00:00.03 | Mem:3.06M, Peak:3.06M | EAR_ISOLATION_QA, ViewLayer | Updating Integrator
Fra:1 Mem:50.13M (Peak 50.13M) | Time:00:00.04 | Mem:4.06M, Peak:4.06M | EAR_ISOLATION_QA, ViewLayer | Updating Film
Fra:1 Mem:50.13M (Peak 50.13M) | Time:00:00.04 | Mem:3.98M, Peak:4.06M | EAR_ISOLATION_QA, ViewLayer | Updating Lookup Tables
Fra:1 Mem:50.13M (Peak 50.13M) | Time:00:00.04 | Mem:4.07M, Peak:4.07M | EAR_ISOLATION_QA, ViewLayer | Updating Baking
Fra:1 Mem:50.13M (Peak 50.13M) | Time:00:00.04 | Mem:4.07M, Peak:4.07M | EAR_ISOLATION_QA, ViewLayer | Updating Device | Writing constant memory
Fra:1 Mem:50.13M (Peak 50.13M) | Time:00:00.04 | Mem:4.07M, Peak:4.07M | EAR_ISOLATION_QA, ViewLayer | Sample 0/40
Fra:1 Mem:91.35M (Peak 91.35M) | Time:00:00.77 | Remaining:00:28.71 | Mem:45.28M, Peak:45.28M | EAR_ISOLATION_QA, ViewLayer | Sample 1/40
Fra:1 Mem:91.35M (Peak 91.35M) | Time:00:19.57 | Remaining:00:04.14 | Mem:45.28M, Peak:45.28M | EAR_ISOLATION_QA, ViewLayer | Sample 33/40
Fra:1 Mem:109.66M (Peak 146.28M) | Time:00:23.77 | Mem:45.28M, Peak:45.28M | EAR_ISOLATION_QA, ViewLayer | Sample 40/40
Fra:1 Mem:109.66M (Peak 146.28M) | Time:00:23.77 | Mem:45.28M, Peak:45.28M | EAR_ISOLATION_QA, ViewLayer | Finished
Saved: '/root/Project/rack-device-3d/Cisco-N9KC9336C-FX2/v001/qa/original-ear-left-side-alpha.png'
Time: 00:23.94 (Saving: 00:00.16)

EAR_QA_RENDER original left-side alpha
Fra:1 Mem:45.99M (Peak 45.99M) | Time:00:00.00 | Mem:0.00M, Peak:0.00M | EAR_ISOLATION_QA, ViewLayer | Synchronizing object | QA_LEFT_EAR_bent_opaque_solid_with_true_bores
Fra:1 Mem:45.99M (Peak 45.99M) | Time:00:00.00 | Mem:0.00M, Peak:0.00M | EAR_ISOLATION_QA, ViewLayer | Synchronizing object | QA_CHECKER_BACKGROUND
Fra:1 Mem:47.31M (Peak 47.31M) | Time:00:00.00 | Mem:0.00M, Peak:0.00M | EAR_ISOLATION_QA, ViewLayer | Initializing
Fra:1 Mem:47.29M (Peak 47.31M) | Time:00:00.00 | Mem:0.00M, Peak:0.00M | EAR_ISOLATION_QA, ViewLayer | Updating Images | Loading metal-micro-normal
Fra:1 Mem:47.29M (Peak 47.31M) | Time:00:00.00 | Mem:0.00M, Peak:0.00M | EAR_ISOLATION_QA, ViewLayer | Updating Images | Loading zinc-plated-brackets-roughness
Fra:1 Mem:49.02M (Peak 52.31M) | Time:00:00.01 | Mem:2.00M, Peak:2.00M | EAR_ISOLATION_QA, ViewLayer | Waiting for render to start
Fra:1 Mem:49.02M (Peak 52.31M) | Time:00:00.01 | Mem:2.00M, Peak:2.00M | EAR_ISOLATION_QA, ViewLayer | Loading render kernels (may take a few minutes the first time)
Fra:1 Mem:49.02M (Peak 52.31M) | Time:00:00.01 | Mem:2.00M, Peak:2.00M | EAR_ISOLATION_QA, ViewLayer | Updating Scene
Fra:1 Mem:49.02M (Peak 52.31M) | Time:00:00.01 | Mem:2.00M, Peak:2.00M | EAR_ISOLATION_QA, ViewLayer | Updating Shaders
Fra:1 Mem:49.10M (Peak 52.31M) | Time:00:00.01 | Mem:2.00M, Peak:2.00M | EAR_ISOLATION_QA, ViewLayer | Updating Procedurals
Fra:1 Mem:49.10M (Peak 52.31M) | Time:00:00.01 | Mem:2.00M, Peak:2.00M | EAR_ISOLATION_QA, ViewLayer | Updating Background
Fra:1 Mem:49.10M (Peak 52.31M) | Time:00:00.01 | Mem:2.00M, Peak:2.00M | EAR_ISOLATION_QA, ViewLayer | Updating Camera
Fra:1 Mem:49.10M (Peak 52.31M) | Time:00:00.01 | Mem:2.00M, Peak:2.00M | EAR_ISOLATION_QA, ViewLayer | Updating Meshes Flags
Fra:1 Mem:49.10M (Peak 52.31M) | Time:00:00.01 | Mem:2.00M, Peak:2.00M | EAR_ISOLATION_QA, ViewLayer | Updating Objects
Fra:1 Mem:49.10M (Peak 52.31M) | Time:00:00.01 | Mem:2.00M, Peak:2.00M | EAR_ISOLATION_QA, ViewLayer | Updating Objects | Copying Transformations to device
Fra:1 Mem:49.10M (Peak 52.31M) | Time:00:00.01 | Mem:2.00M, Peak:2.00M | EAR_ISOLATION_QA, ViewLayer | Updating Objects | Applying Static Transformations
Fra:1 Mem:49.10M (Peak 52.31M) | Time:00:00.01 | Mem:2.00M, Peak:2.00M | EAR_ISOLATION_QA, ViewLayer | Updating Particle Systems
Fra:1 Mem:49.10M (Peak 52.31M) | Time:00:00.01 | Mem:2.00M, Peak:2.00M | EAR_ISOLATION_QA, ViewLayer | Updating Particle Systems | Copying Particles to device
Fra:1 Mem:49.10M (Peak 52.31M) | Time:00:00.01 | Mem:2.00M, Peak:2.00M | EAR_ISOLATION_QA, ViewLayer | Updating Meshes
Fra:1 Mem:49.27M (Peak 52.31M) | Time:00:00.01 | Mem:2.00M, Peak:2.00M | EAR_ISOLATION_QA, ViewLayer | Updating Mesh | Computing attributes
Fra:1 Mem:50.10M (Peak 52.31M) | Time:00:00.01 | Mem:2.00M, Peak:2.00M | EAR_ISOLATION_QA, ViewLayer | Updating Mesh | Copying Attributes to device
Fra:1 Mem:50.10M (Peak 52.31M) | Time:00:00.01 | Mem:2.83M, Peak:2.83M | EAR_ISOLATION_QA, ViewLayer | Updating Scene BVH | Building
Fra:1 Mem:50.10M (Peak 52.31M) | Time:00:00.01 | Mem:2.83M, Peak:2.83M | EAR_ISOLATION_QA, ViewLayer | Updating Scene BVH | Building BVH
Fra:1 Mem:50.10M (Peak 52.31M) | Time:00:00.01 | Mem:3.17M, Peak:3.17M | EAR_ISOLATION_QA, ViewLayer | Updating Scene BVH | Building BVH 0%
Fra:1 Mem:50.10M (Peak 52.31M) | Time:00:00.02 | Mem:3.58M, Peak:3.92M | EAR_ISOLATION_QA, ViewLayer | Updating Scene BVH | Copying BVH to device
Fra:1 Mem:50.10M (Peak 52.31M) | Time:00:00.02 | Mem:3.58M, Peak:3.92M | EAR_ISOLATION_QA, ViewLayer | Updating Mesh | Computing normals
Fra:1 Mem:50.48M (Peak 52.31M) | Time:00:00.02 | Mem:3.58M, Peak:3.92M | EAR_ISOLATION_QA, ViewLayer | Updating Mesh | Copying Mesh to device
Fra:1 Mem:50.48M (Peak 52.31M) | Time:00:00.02 | Mem:3.96M, Peak:3.96M | EAR_ISOLATION_QA, ViewLayer | Updating Objects Flags
Fra:1 Mem:50.48M (Peak 52.31M) | Time:00:00.02 | Mem:3.96M, Peak:3.96M | EAR_ISOLATION_QA, ViewLayer | Updating Primitive Offsets
Fra:1 Mem:50.48M (Peak 52.31M) | Time:00:00.02 | Mem:3.96M, Peak:3.96M | EAR_ISOLATION_QA, ViewLayer | Updating Images
Fra:1 Mem:50.48M (Peak 52.31M) | Time:00:00.02 | Mem:3.96M, Peak:3.96M | EAR_ISOLATION_QA, ViewLayer | Updating Camera Volume
Fra:1 Mem:50.48M (Peak 52.31M) | Time:00:00.02 | Mem:3.96M, Peak:3.96M | EAR_ISOLATION_QA, ViewLayer | Updating Lookup Tables
Fra:1 Mem:50.48M (Peak 52.31M) | Time:00:00.02 | Mem:4.04M, Peak:4.04M | EAR_ISOLATION_QA, ViewLayer | Updating Lights
Fra:1 Mem:50.48M (Peak 52.31M) | Time:00:00.02 | Mem:4.04M, Peak:4.04M | EAR_ISOLATION_QA, ViewLayer | Updating Lights | Computing distribution
Fra:1 Mem:50.48M (Peak 52.31M) | Time:00:00.02 | Mem:4.04M, Peak:4.04M | EAR_ISOLATION_QA, ViewLayer | Updating Lights | Computing tree
Fra:1 Mem:50.48M (Peak 52.31M) | Time:00:00.02 | Mem:4.04M, Peak:4.04M | EAR_ISOLATION_QA, ViewLayer | Updating Integrator
Fra:1 Mem:51.48M (Peak 52.31M) | Time:00:00.02 | Mem:5.04M, Peak:5.04M | EAR_ISOLATION_QA, ViewLayer | Updating Film
Fra:1 Mem:51.49M (Peak 52.31M) | Time:00:00.02 | Mem:4.96M, Peak:5.04M | EAR_ISOLATION_QA, ViewLayer | Updating Lookup Tables
Fra:1 Mem:51.49M (Peak 52.31M) | Time:00:00.02 | Mem:5.05M, Peak:5.05M | EAR_ISOLATION_QA, ViewLayer | Updating Baking
Fra:1 Mem:51.49M (Peak 52.31M) | Time:00:00.02 | Mem:5.05M, Peak:5.05M | EAR_ISOLATION_QA, ViewLayer | Updating Device | Writing constant memory
Fra:1 Mem:51.49M (Peak 52.31M) | Time:00:00.02 | Mem:5.05M, Peak:5.05M | EAR_ISOLATION_QA, ViewLayer | Sample 0/40
Fra:1 Mem:82.40M (Peak 82.40M) | Time:00:00.88 | Remaining:00:33.68 | Mem:35.96M, Peak:35.96M | EAR_ISOLATION_QA, ViewLayer | Sample 1/40
Fra:1 Mem:82.40M (Peak 82.40M) | Time:00:22.12 | Remaining:00:04.68 | Mem:35.96M, Peak:35.96M | EAR_ISOLATION_QA, ViewLayer | Sample 33/40
Fra:1 Mem:96.13M (Peak 123.60M) | Time:00:26.91 | Mem:35.96M, Peak:35.96M | EAR_ISOLATION_QA, ViewLayer | Sample 40/40
Fra:1 Mem:96.13M (Peak 123.60M) | Time:00:26.91 | Mem:35.96M, Peak:35.96M | EAR_ISOLATION_QA, ViewLayer | Finished
Saved: '/root/Project/rack-device-3d/Cisco-N9KC9336C-FX2/v001/qa/original-ear-front-oblique-checker.png'
Time: 00:27.07 (Saving: 00:00.15)

EAR_QA_RENDER original front-oblique checker
Fra:1 Mem:45.99M (Peak 45.99M) | Time:00:00.00 | Mem:0.00M, Peak:0.00M | EAR_ISOLATION_QA, ViewLayer | Synchronizing object | QA_LEFT_EAR_bent_opaque_solid_with_true_bores
Fra:1 Mem:45.99M (Peak 45.99M) | Time:00:00.00 | Mem:0.00M, Peak:0.00M | EAR_ISOLATION_QA, ViewLayer | Synchronizing object | QA_CHECKER_BACKGROUND
Fra:1 Mem:47.31M (Peak 47.31M) | Time:00:00.00 | Mem:0.00M, Peak:0.00M | EAR_ISOLATION_QA, ViewLayer | Initializing
Fra:1 Mem:47.29M (Peak 47.31M) | Time:00:00.00 | Mem:0.00M, Peak:0.00M | EAR_ISOLATION_QA, ViewLayer | Updating Images | Loading metal-micro-normal
Fra:1 Mem:47.29M (Peak 47.31M) | Time:00:00.00 | Mem:0.00M, Peak:0.00M | EAR_ISOLATION_QA, ViewLayer | Updating Images | Loading zinc-plated-brackets-roughness
Fra:1 Mem:49.02M (Peak 52.31M) | Time:00:00.01 | Mem:2.00M, Peak:2.00M | EAR_ISOLATION_QA, ViewLayer | Waiting for render to start
Fra:1 Mem:49.02M (Peak 52.31M) | Time:00:00.01 | Mem:2.00M, Peak:2.00M | EAR_ISOLATION_QA, ViewLayer | Loading render kernels (may take a few minutes the first time)
Fra:1 Mem:49.02M (Peak 52.31M) | Time:00:00.01 | Mem:2.00M, Peak:2.00M | EAR_ISOLATION_QA, ViewLayer | Updating Scene
Fra:1 Mem:49.02M (Peak 52.31M) | Time:00:00.01 | Mem:2.00M, Peak:2.00M | EAR_ISOLATION_QA, ViewLayer | Updating Shaders
Fra:1 Mem:49.10M (Peak 52.31M) | Time:00:00.01 | Mem:2.00M, Peak:2.00M | EAR_ISOLATION_QA, ViewLayer | Updating Procedurals
Fra:1 Mem:49.10M (Peak 52.31M) | Time:00:00.01 | Mem:2.00M, Peak:2.00M | EAR_ISOLATION_QA, ViewLayer | Updating Background
Fra:1 Mem:49.10M (Peak 52.31M) | Time:00:00.01 | Mem:2.00M, Peak:2.00M | EAR_ISOLATION_QA, ViewLayer | Updating Camera
Fra:1 Mem:49.10M (Peak 52.31M) | Time:00:00.01 | Mem:2.00M, Peak:2.00M | EAR_ISOLATION_QA, ViewLayer | Updating Meshes Flags
Fra:1 Mem:49.10M (Peak 52.31M) | Time:00:00.01 | Mem:2.00M, Peak:2.00M | EAR_ISOLATION_QA, ViewLayer | Updating Objects
Fra:1 Mem:49.10M (Peak 52.31M) | Time:00:00.01 | Mem:2.00M, Peak:2.00M | EAR_ISOLATION_QA, ViewLayer | Updating Objects | Copying Transformations to device
Fra:1 Mem:49.10M (Peak 52.31M) | Time:00:00.01 | Mem:2.00M, Peak:2.00M | EAR_ISOLATION_QA, ViewLayer | Updating Objects | Applying Static Transformations
Fra:1 Mem:49.10M (Peak 52.31M) | Time:00:00.01 | Mem:2.00M, Peak:2.00M | EAR_ISOLATION_QA, ViewLayer | Updating Particle Systems
Fra:1 Mem:49.10M (Peak 52.31M) | Time:00:00.01 | Mem:2.00M, Peak:2.00M | EAR_ISOLATION_QA, ViewLayer | Updating Particle Systems | Copying Particles to device
Fra:1 Mem:49.10M (Peak 52.31M) | Time:00:00.01 | Mem:2.00M, Peak:2.00M | EAR_ISOLATION_QA, ViewLayer | Updating Meshes
Fra:1 Mem:49.27M (Peak 52.31M) | Time:00:00.01 | Mem:2.00M, Peak:2.00M | EAR_ISOLATION_QA, ViewLayer | Updating Mesh | Computing attributes
Fra:1 Mem:50.10M (Peak 52.31M) | Time:00:00.01 | Mem:2.00M, Peak:2.00M | EAR_ISOLATION_QA, ViewLayer | Updating Mesh | Copying Attributes to device
Fra:1 Mem:50.10M (Peak 52.31M) | Time:00:00.01 | Mem:2.83M, Peak:2.83M | EAR_ISOLATION_QA, ViewLayer | Updating Scene BVH | Building
Fra:1 Mem:50.10M (Peak 52.31M) | Time:00:00.01 | Mem:2.83M, Peak:2.83M | EAR_ISOLATION_QA, ViewLayer | Updating Scene BVH | Building BVH
Fra:1 Mem:50.10M (Peak 52.31M) | Time:00:00.01 | Mem:3.17M, Peak:3.17M | EAR_ISOLATION_QA, ViewLayer | Updating Scene BVH | Building BVH 0%
Fra:1 Mem:50.10M (Peak 52.31M) | Time:00:00.02 | Mem:3.58M, Peak:3.92M | EAR_ISOLATION_QA, ViewLayer | Updating Scene BVH | Copying BVH to device
Fra:1 Mem:50.10M (Peak 52.31M) | Time:00:00.02 | Mem:3.58M, Peak:3.92M | EAR_ISOLATION_QA, ViewLayer | Updating Mesh | Computing normals
Fra:1 Mem:50.48M (Peak 52.31M) | Time:00:00.02 | Mem:3.58M, Peak:3.92M | EAR_ISOLATION_QA, ViewLayer | Updating Mesh | Copying Mesh to device
Fra:1 Mem:50.48M (Peak 52.31M) | Time:00:00.02 | Mem:3.96M, Peak:3.96M | EAR_ISOLATION_QA, ViewLayer | Updating Objects Flags
Fra:1 Mem:50.48M (Peak 52.31M) | Time:00:00.02 | Mem:3.96M, Peak:3.96M | EAR_ISOLATION_QA, ViewLayer | Updating Primitive Offsets
Fra:1 Mem:50.48M (Peak 52.31M) | Time:00:00.02 | Mem:3.96M, Peak:3.96M | EAR_ISOLATION_QA, ViewLayer | Updating Images
Fra:1 Mem:50.48M (Peak 52.31M) | Time:00:00.02 | Mem:3.96M, Peak:3.96M | EAR_ISOLATION_QA, ViewLayer | Updating Camera Volume
Fra:1 Mem:50.48M (Peak 52.31M) | Time:00:00.02 | Mem:3.96M, Peak:3.96M | EAR_ISOLATION_QA, ViewLayer | Updating Lookup Tables
Fra:1 Mem:50.48M (Peak 52.31M) | Time:00:00.02 | Mem:4.04M, Peak:4.04M | EAR_ISOLATION_QA, ViewLayer | Updating Lights
Fra:1 Mem:50.48M (Peak 52.31M) | Time:00:00.02 | Mem:4.04M, Peak:4.04M | EAR_ISOLATION_QA, ViewLayer | Updating Lights | Computing distribution
Fra:1 Mem:50.48M (Peak 52.31M) | Time:00:00.02 | Mem:4.04M, Peak:4.04M | EAR_ISOLATION_QA, ViewLayer | Updating Lights | Computing tree
Fra:1 Mem:50.48M (Peak 52.31M) | Time:00:00.02 | Mem:4.04M, Peak:4.04M | EAR_ISOLATION_QA, ViewLayer | Updating Integrator
Fra:1 Mem:51.48M (Peak 52.31M) | Time:00:00.02 | Mem:5.04M, Peak:5.04M | EAR_ISOLATION_QA, ViewLayer | Updating Film
Fra:1 Mem:51.49M (Peak 52.31M) | Time:00:00.02 | Mem:4.96M, Peak:5.04M | EAR_ISOLATION_QA, ViewLayer | Updating Lookup Tables
Fra:1 Mem:51.49M (Peak 52.31M) | Time:00:00.02 | Mem:5.05M, Peak:5.05M | EAR_ISOLATION_QA, ViewLayer | Updating Baking
Fra:1 Mem:51.49M (Peak 52.31M) | Time:00:00.02 | Mem:5.05M, Peak:5.05M | EAR_ISOLATION_QA, ViewLayer | Updating Device | Writing constant memory
Fra:1 Mem:51.49M (Peak 52.31M) | Time:00:00.02 | Mem:5.05M, Peak:5.05M | EAR_ISOLATION_QA, ViewLayer | Sample 0/40
Fra:1 Mem:82.40M (Peak 82.40M) | Time:00:00.92 | Remaining:00:35.09 | Mem:35.96M, Peak:35.96M | EAR_ISOLATION_QA, ViewLayer | Sample 1/40
Fra:1 Mem:82.40M (Peak 82.40M) | Time:00:23.69 | Remaining:00:05.02 | Mem:35.96M, Peak:35.96M | EAR_ISOLATION_QA, ViewLayer | Sample 33/40
Fra:1 Mem:96.13M (Peak 123.60M) | Time:00:28.89 | Mem:35.96M, Peak:35.96M | EAR_ISOLATION_QA, ViewLayer | Sample 40/40
Fra:1 Mem:96.13M (Peak 123.60M) | Time:00:28.89 | Mem:35.96M, Peak:35.96M | EAR_ISOLATION_QA, ViewLayer | Finished
Saved: '/root/Project/rack-device-3d/Cisco-N9KC9336C-FX2/v001/qa/original-ear-back-oblique-checker.png'
Time: 00:29.05 (Saving: 00:00.15)

EAR_QA_RENDER original back-oblique checker
Fra:1 Mem:45.96M (Peak 45.96M) | Time:00:00.00 | Mem:0.00M, Peak:0.00M | EAR_ISOLATION_QA, ViewLayer | Synchronizing object | QA_CHECKER_BACKGROUND
Fra:1 Mem:45.96M (Peak 45.96M) | Time:00:00.00 | Mem:0.00M, Peak:0.00M | EAR_ISOLATION_QA, ViewLayer | Synchronizing object | QA_RIGHT_EAR_bent_opaque_solid_with_true_bores
Fra:1 Mem:46.62M (Peak 46.62M) | Time:00:00.00 | Mem:0.00M, Peak:0.00M | EAR_ISOLATION_QA, ViewLayer | Initializing
Fra:1 Mem:46.61M (Peak 46.62M) | Time:00:00.00 | Mem:0.00M, Peak:0.00M | EAR_ISOLATION_QA, ViewLayer | Updating Images | Loading metal-micro-normal
Fra:1 Mem:46.61M (Peak 46.62M) | Time:00:00.00 | Mem:0.00M, Peak:0.00M | EAR_ISOLATION_QA, ViewLayer | Updating Images | Loading zinc-plated-brackets-roughness
Fra:1 Mem:48.36M (Peak 52.63M) | Time:00:00.01 | Mem:2.00M, Peak:2.00M | EAR_ISOLATION_QA, ViewLayer | Waiting for render to start
Fra:1 Mem:48.36M (Peak 52.63M) | Time:00:00.01 | Mem:2.00M, Peak:2.00M | EAR_ISOLATION_QA, ViewLayer | Loading render kernels (may take a few minutes the first time)
Fra:1 Mem:48.36M (Peak 52.63M) | Time:00:00.01 | Mem:2.00M, Peak:2.00M | EAR_ISOLATION_QA, ViewLayer | Updating Scene
Fra:1 Mem:48.36M (Peak 52.63M) | Time:00:00.01 | Mem:2.00M, Peak:2.00M | EAR_ISOLATION_QA, ViewLayer | Updating Shaders
Fra:1 Mem:48.44M (Peak 52.63M) | Time:00:00.01 | Mem:2.00M, Peak:2.00M | EAR_ISOLATION_QA, ViewLayer | Updating Procedurals
Fra:1 Mem:48.44M (Peak 52.63M) | Time:00:00.01 | Mem:2.00M, Peak:2.00M | EAR_ISOLATION_QA, ViewLayer | Updating Background
Fra:1 Mem:48.44M (Peak 52.63M) | Time:00:00.01 | Mem:2.00M, Peak:2.00M | EAR_ISOLATION_QA, ViewLayer | Updating Camera
Fra:1 Mem:48.44M (Peak 52.63M) | Time:00:00.01 | Mem:2.00M, Peak:2.00M | EAR_ISOLATION_QA, ViewLayer | Updating Meshes Flags
Fra:1 Mem:48.44M (Peak 52.63M) | Time:00:00.01 | Mem:2.00M, Peak:2.00M | EAR_ISOLATION_QA, ViewLayer | Updating Objects
Fra:1 Mem:48.44M (Peak 52.63M) | Time:00:00.01 | Mem:2.00M, Peak:2.00M | EAR_ISOLATION_QA, ViewLayer | Updating Objects | Copying Transformations to device
Fra:1 Mem:48.44M (Peak 52.63M) | Time:00:00.01 | Mem:2.00M, Peak:2.00M | EAR_ISOLATION_QA, ViewLayer | Updating Objects | Applying Static Transformations
Fra:1 Mem:48.44M (Peak 52.63M) | Time:00:00.01 | Mem:2.00M, Peak:2.00M | EAR_ISOLATION_QA, ViewLayer | Updating Particle Systems
Fra:1 Mem:48.44M (Peak 52.63M) | Time:00:00.01 | Mem:2.00M, Peak:2.00M | EAR_ISOLATION_QA, ViewLayer | Updating Particle Systems | Copying Particles to device
Fra:1 Mem:48.44M (Peak 52.63M) | Time:00:00.01 | Mem:2.00M, Peak:2.00M | EAR_ISOLATION_QA, ViewLayer | Updating Meshes
Fra:1 Mem:48.53M (Peak 52.63M) | Time:00:00.01 | Mem:2.00M, Peak:2.00M | EAR_ISOLATION_QA, ViewLayer | Updating Mesh | Computing attributes
Fra:1 Mem:48.94M (Peak 52.63M) | Time:00:00.01 | Mem:2.00M, Peak:2.00M | EAR_ISOLATION_QA, ViewLayer | Updating Mesh | Copying Attributes to device
Fra:1 Mem:48.94M (Peak 52.63M) | Time:00:00.01 | Mem:2.42M, Peak:2.42M | EAR_ISOLATION_QA, ViewLayer | Updating Scene BVH | Building
Fra:1 Mem:48.94M (Peak 52.63M) | Time:00:00.01 | Mem:2.42M, Peak:2.42M | EAR_ISOLATION_QA, ViewLayer | Updating Scene BVH | Building BVH
Fra:1 Mem:48.94M (Peak 52.63M) | Time:00:00.01 | Mem:2.59M, Peak:2.59M | EAR_ISOLATION_QA, ViewLayer | Updating Scene BVH | Building BVH 0%
Fra:1 Mem:48.94M (Peak 52.63M) | Time:00:00.01 | Mem:2.79M, Peak:2.96M | EAR_ISOLATION_QA, ViewLayer | Updating Scene BVH | Copying BVH to device
Fra:1 Mem:48.94M (Peak 52.63M) | Time:00:00.01 | Mem:2.79M, Peak:2.96M | EAR_ISOLATION_QA, ViewLayer | Updating Mesh | Computing normals
Fra:1 Mem:49.13M (Peak 52.63M) | Time:00:00.01 | Mem:2.79M, Peak:2.96M | EAR_ISOLATION_QA, ViewLayer | Updating Mesh | Copying Mesh to device
Fra:1 Mem:49.13M (Peak 52.63M) | Time:00:00.01 | Mem:2.98M, Peak:2.98M | EAR_ISOLATION_QA, ViewLayer | Updating Objects Flags
Fra:1 Mem:49.13M (Peak 52.63M) | Time:00:00.01 | Mem:2.98M, Peak:2.98M | EAR_ISOLATION_QA, ViewLayer | Updating Primitive Offsets
Fra:1 Mem:49.13M (Peak 52.63M) | Time:00:00.01 | Mem:2.98M, Peak:2.98M | EAR_ISOLATION_QA, ViewLayer | Updating Images
Fra:1 Mem:49.13M (Peak 52.63M) | Time:00:00.01 | Mem:2.98M, Peak:2.98M | EAR_ISOLATION_QA, ViewLayer | Updating Camera Volume
Fra:1 Mem:49.13M (Peak 52.63M) | Time:00:00.01 | Mem:2.98M, Peak:2.98M | EAR_ISOLATION_QA, ViewLayer | Updating Lookup Tables
Fra:1 Mem:49.13M (Peak 52.63M) | Time:00:00.01 | Mem:3.06M, Peak:3.06M | EAR_ISOLATION_QA, ViewLayer | Updating Lights
Fra:1 Mem:49.13M (Peak 52.63M) | Time:00:00.01 | Mem:3.07M, Peak:3.07M | EAR_ISOLATION_QA, ViewLayer | Updating Lights | Computing distribution
Fra:1 Mem:49.13M (Peak 52.63M) | Time:00:00.01 | Mem:3.07M, Peak:3.07M | EAR_ISOLATION_QA, ViewLayer | Updating Lights | Computing tree
Fra:1 Mem:49.13M (Peak 52.63M) | Time:00:00.01 | Mem:3.07M, Peak:3.07M | EAR_ISOLATION_QA, ViewLayer | Updating Integrator
Fra:1 Mem:50.13M (Peak 52.63M) | Time:00:00.01 | Mem:4.07M, Peak:4.07M | EAR_ISOLATION_QA, ViewLayer | Updating Film
Fra:1 Mem:50.14M (Peak 52.63M) | Time:00:00.01 | Mem:3.98M, Peak:4.07M | EAR_ISOLATION_QA, ViewLayer | Updating Lookup Tables
Fra:1 Mem:50.14M (Peak 52.63M) | Time:00:00.01 | Mem:4.07M, Peak:4.07M | EAR_ISOLATION_QA, ViewLayer | Updating Baking
Fra:1 Mem:50.14M (Peak 52.63M) | Time:00:00.01 | Mem:4.07M, Peak:4.07M | EAR_ISOLATION_QA, ViewLayer | Updating Device | Writing constant memory
Fra:1 Mem:50.14M (Peak 52.63M) | Time:00:00.01 | Mem:4.07M, Peak:4.07M | EAR_ISOLATION_QA, ViewLayer | Sample 0/40
Fra:1 Mem:94.10M (Peak 94.10M) | Time:00:01.26 | Remaining:00:48.67 | Mem:48.03M, Peak:48.03M | EAR_ISOLATION_QA, ViewLayer | Sample 1/40
Fra:1 Mem:94.10M (Peak 94.10M) | Time:00:34.97 | Remaining:00:07.41 | Mem:48.03M, Peak:48.03M | EAR_ISOLATION_QA, ViewLayer | Sample 33/40
Fra:1 Mem:113.63M (Peak 152.69M) | Time:00:42.44 | Mem:48.03M, Peak:48.03M | EAR_ISOLATION_QA, ViewLayer | Sample 40/40
Fra:1 Mem:113.63M (Peak 152.69M) | Time:00:42.44 | Mem:48.03M, Peak:48.03M | EAR_ISOLATION_QA, ViewLayer | Finished
Saved: '/root/Project/rack-device-3d/Cisco-N9KC9336C-FX2/v001/qa/original-ear-grazing-checker.png'
Time: 00:42.66 (Saving: 00:00.21)

EAR_QA_RENDER original grazing checker
BlenderMCP server stopped
BlenderMCP addon unregistered

Blender quit
