[     920ms] [WARNING] Error with Permissions-Policy header: Unrecognized feature: 'web-share'. @ :0
[    1533ms] [ERROR] Failed to load resource: net::ERR_HTTP2_PROTOCOL_ERROR @ https://www.hpe.com/content/dam/hpe/fonts/graphik/HPEGraphik-Medium-Web.woff2:0
[    1933ms] [ERROR] Failed to load resource: the server responded with a status of 404 () @ https://auth.hpe.com/api/v1/sessions/me:0
[    2262ms] [WARNING] Error with Permissions-Policy header: Unrecognized feature: 'web-share'. @ :0
[    2456ms] [ERROR] Failed to load resource: net::ERR_HTTP2_PROTOCOL_ERROR @ https://www.hpe.com/content/dam/hpe/fonts/graphik/HPEGraphik-Medium-Web.woff2:0
[    5394ms] [ERROR] Failed to load resource: net::ERR_HTTP2_PROTOCOL_ERROR @ https://www.hpe.com/global/assets/privacy_cookie.js:0
[    5635ms] [ERROR] Failed to load resource: net::ERR_HTTP2_PROTOCOL_ERROR @ https://www.hpe.com/content/dam/hpe/fonts/graphik/HPEGraphik-Regular-Web.woff2:0
[    6381ms] [LOG] DataTable not Supports, Hence Using JQuery for Table ID ::data_table_id_1 :: Error: DataTables warning: table id=data_table_id_1 - Incorrect column count. For more information about this error, please see https://datatables.net/tn/18 @ https://support.hpe.com/resource3/docDisplay/docdisplay.min.js?v=20260812085716:1
[    6382ms] [LOG] this table contains rowspan, hence filter not allowed here, for Table ID ::data_table_id_1 @ https://support.hpe.com/resource3/docDisplay/docdisplay.min.js?v=20260812085716:1
[    6644ms] [WARNING] A preload for 'https://support.hpe.com/connect/auraFW/javascript/MzNzN1lSdDZQRXpUcEpsWHBlZGd5UWtVMjdnTGFERUU2S3FfSVdrcU92bkExNC4xOTIuODM4ODYwOA/aura_prod.js' is found, but is not used because the request credentials mode does not match. Consider taking a look at crossorigin attribute. @ https://support.hpe.com/connect/lightning/lightning.out.delegate.js?v=1787829683071:54
[    6690ms] [ERROR] Failed to load resource: net::ERR_HTTP2_PROTOCOL_ERROR @ https://www.hpe.com/content/dam/hpe/fonts/graphik/HPEGraphik-Regular-Web.woff2:0
[    6720ms] [ERROR] Failed to load resource: net::ERR_HTTP2_PROTOCOL_ERROR @ https://www.hpe.com/content/dam/hpe/fonts/graphik/HPEGraphik-Medium-Web.woff2:0
[    6720ms] [ERROR] Failed to load resource: net::ERR_HTTP2_PROTOCOL_ERROR @ https://www.hpe.com/content/dam/hpe/fonts/graphik/HPEGraphik-Bold-Web.woff2:0
[    7175ms] [ERROR] Failed to load resource: net::ERR_HTTP2_PROTOCOL_ERROR @ https://www.hpe.com/global/metrics/bootstrap/prod_support.js:0
[    8235ms] [WARNING] Failed to create durable storage for cache inclusion policy @ https://support.hpe.com/components/force/ldsEngineCreator.js:207
[    8253ms] [WARNING] ComponentProfiler: Component-level profiling has not been enabled. @ https://support.hpe.com/components/instrumentation/componentProfiler.js:0
[    9169ms] [LOG] Salesforce header has been initialized @ https://support.hpe.com/hpesc/public/docDisplay?docId=c04444501&docLocale=en_US:425
[    9576ms] [ERROR] Failed to load resource: net::ERR_HTTP2_PROTOCOL_ERROR @ https://www.hpe.com/content/dam/hpe/fonts/graphik/HPEGraphik-Medium-Web.woff2?orgId=00D80000000bPpK:0
[    9577ms] [ERROR] Failed to load resource: net::ERR_HTTP2_PROTOCOL_ERROR @ https://www.hpe.com/content/dam/hpe/fonts/graphik/HPEGraphik-Light-Web.woff2?orgId=00D80000000bPpK:0
[    9577ms] [ERROR] Failed to load resource: net::ERR_HTTP2_PROTOCOL_ERROR @ https://www.hpe.com/content/dam/hpe/fonts/graphik/HPEGraphik-Regular-Web.woff2?orgId=00D80000000bPpK:0
[   15658ms] [WARNING] The resource https://support.hpe.com/connect/auraFW/javascript/MzNzN1lSdDZQRXpUcEpsWHBlZGd5UWtVMjdnTGFERUU2S3FfSVdrcU92bkExNC4xOTIuODM4ODYwOA/aura_prod.js was preloaded using link preload but not used within a few seconds from the window's load event. Please make sure it has an appropriate `as` value and it is preloaded intentionally. @ https://support.hpe.com/hpesc/public/docDisplay?docId=c04444501&docLocale=en_US:0
[   32355ms] [WARNING] The resource https://support.hpe.com/connect/auraFW/javascript/MzNzN1lSdDZQRXpUcEpsWHBlZGd5UWtVMjdnTGFERUU2S3FfSVdrcU92bkExNC4xOTIuODM4ODYwOA/aura_prod.js was preloaded using link preload but not used within a few seconds from the window's load event. Please make sure it has an appropriate `as` value and it is preloaded intentionally. @ https://support.hpe.com/hpesc/public/docDisplay?docId=c04444501&docLocale=en_US:0
