### Browser `r630-a-accept` opened with pid 668823.
### Ran Playwright code
```js
await page.goto('http://127.0.0.1:8765/qa/viewer-a/index.html?model=standard&view=front');
```
### Page
- Page URL: http://127.0.0.1:8765/qa/viewer-a/index.html?model=standard&view=front
- Page Title: R630 QA Viewer A — model-viewer
### Snapshot
- [Snapshot](.playwright-cli/page-2026-08-23T18-04-47-413Z.yml)
### Events
- New console entries: .playwright-cli/console-2026-08-23T18-04-46-835Z.log#L1-L15
### Ran Playwright code
```js
await page.setViewportSize({ width: 1400, height: 900 });
```
### Page
- Page URL: http://127.0.0.1:8765/qa/viewer-a/index.html?model=standard&view=front
- Page Title: R630 QA Viewer A — model-viewer
- Console: 0 errors, 1 warnings
### Events
- New console entries: .playwright-cli/console-2026-08-23T18-04-46-835Z.log#L16
Browser 'r630-a-accept' closed

