[     870ms] [WARNING] Error with Permissions-Policy header: Unrecognized feature: 'web-share'. @ :0
[    1669ms] [ERROR] Failed to load resource: the server responded with a status of 404 () @ https://auth.hpe.com/api/v1/sessions/me:0
[    2262ms] [WARNING] Error with Permissions-Policy header: Unrecognized feature: 'web-share'. @ :0
[    2961ms] [ERROR] Failed to load resource: net::ERR_HTTP2_PROTOCOL_ERROR @ https://www.hpe.com/content/dam/hpe/fonts/graphik/HPEGraphik-Medium-Web.woff2:0
[    4629ms] [ERROR] Failed to load resource: net::ERR_HTTP2_PROTOCOL_ERROR @ https://www.hpe.com/global/assets/privacy_cookie.js:0
[    4699ms] [WARNING] A preload for 'https://support.hpe.com/connect/auraFW/javascript/MzNzN1lSdDZQRXpUcEpsWHBlZGd5UWtVMjdnTGFERUU2S3FfSVdrcU92bkExNC4xOTIuODM4ODYwOA/aura_prod.js' is found, but is not used because the request credentials mode does not match. Consider taking a look at crossorigin attribute. @ https://support.hpe.com/connect/lightning/lightning.out.delegate.js?v=1787829668314:54
[    4864ms] [ERROR] Failed to load resource: net::ERR_HTTP2_PROTOCOL_ERROR @ https://www.hpe.com/content/dam/hpe/fonts/graphik/HPEGraphik-Regular-Web.woff2:0
[    5767ms] [ERROR] Failed to load resource: net::ERR_HTTP2_PROTOCOL_ERROR @ https://www.hpe.com/global/metrics/bootstrap/prod_support.js:0
[    6361ms] [WARNING] Failed to create durable storage for cache inclusion policy @ https://support.hpe.com/components/force/ldsEngineCreator.js:207
[    6363ms] [WARNING] ComponentProfiler: Component-level profiling has not been enabled. @ https://support.hpe.com/components/instrumentation/componentProfiler.js:0
[    7335ms] [LOG] Salesforce header has been initialized @ https://support.hpe.com/hpesc/public/docDisplay?docId=a00115362en_us&page=GUID-A907F1AD-6041-4CD5-9C29-47DF3AC366A9.html:425
[    7695ms] [ERROR] Failed to load resource: net::ERR_HTTP2_PROTOCOL_ERROR @ https://www.hpe.com/content/dam/hpe/fonts/graphik/HPEGraphik-Regular-Web.woff2?orgId=00D80000000bPpK:0
[    7697ms] [ERROR] Failed to load resource: net::ERR_HTTP2_PROTOCOL_ERROR @ https://www.hpe.com/content/dam/hpe/fonts/graphik/HPEGraphik-Medium-Web.woff2?orgId=00D80000000bPpK:0
[    7698ms] [ERROR] Failed to load resource: net::ERR_HTTP2_PROTOCOL_ERROR @ https://www.hpe.com/content/dam/hpe/fonts/graphik/HPEGraphik-Light-Web.woff2?orgId=00D80000000bPpK:0
[   10330ms] [WARNING] Error with Permissions-Policy header: Unrecognized feature: 'web-share'. @ :0
[   10791ms] [ERROR] Failed to load resource: net::ERR_HTTP2_PROTOCOL_ERROR @ https://www.hpe.com/content/dam/hpe/fonts/graphik/HPEGraphik-Medium-Web.woff2:0
[   10836ms] [ERROR] Failed to load resource: net::ERR_HTTP2_PROTOCOL_ERROR @ https://www.hpe.com/global/assets/privacy_cookie.js:0
[   11046ms] [ERROR] Failed to load resource: net::ERR_HTTP2_PROTOCOL_ERROR @ https://www.hpe.com/content/dam/hpe/fonts/graphik/HPEGraphik-Regular-Web.woff2:0
[   11313ms] [ERROR] Failed to load resource: net::ERR_HTTP2_PROTOCOL_ERROR @ https://www.hpe.com/content/dam/hpe/fonts/graphik/HPEGraphik-Bold-Web.woff2:0
[   11313ms] [ERROR] Failed to load resource: net::ERR_HTTP2_PROTOCOL_ERROR @ https://www.hpe.com/content/dam/hpe/fonts/graphik/HPEGraphik-Medium-Web.woff2:0
[   11354ms] [ERROR] Failed to load resource: net::ERR_HTTP2_PROTOCOL_ERROR @ https://www.hpe.com/content/dam/hpe/fonts/graphik/HPEGraphik-Regular-Web.woff2:0
[   11837ms] [WARNING] A preload for 'https://support.hpe.com/connect/auraFW/javascript/MzNzN1lSdDZQRXpUcEpsWHBlZGd5UWtVMjdnTGFERUU2S3FfSVdrcU92bkExNC4xOTIuODM4ODYwOA/aura_prod.js' is found, but is not used because the request credentials mode does not match. Consider taking a look at crossorigin attribute. @ https://support.hpe.com/connect/lightning/lightning.out.delegate.js?v=MzNzN1lSdDZQRXpUcEpsWHBlZGd5UWtVMjdnTGFERUU2S3FfSVdrcU92bkExNC4xOTIuODM4ODYwOA:54
[   11841ms] [ERROR] Failed to load resource: net::ERR_HTTP2_PROTOCOL_ERROR @ https://www.hpe.com/global/metrics/bootstrap/prod_support.js:0
[   13058ms] [WARNING] Failed to create durable storage for cache inclusion policy @ https://support.hpe.com/components/force/ldsEngineCreator.js:207
[   13061ms] [WARNING] ComponentProfiler: Component-level profiling has not been enabled. @ https://support.hpe.com/components/instrumentation/componentProfiler.js:0
[   13877ms] [LOG] Salesforce header has been initialized @ https://support.hpe.com/hpesc/public/docDisplay?docId=a00115362en_us&page=GUID-A907F1AD-6041-4CD5-9C29-47DF3AC366A9.html:425
[   14102ms] [ERROR] Failed to load resource: net::ERR_HTTP2_PROTOCOL_ERROR @ https://www.hpe.com/content/dam/hpe/fonts/graphik/HPEGraphik-Medium-Web.woff2?orgId=00D80000000bPpK:0
[   14117ms] [ERROR] Failed to load resource: net::ERR_HTTP2_PROTOCOL_ERROR @ https://www.hpe.com/content/dam/hpe/fonts/graphik/HPEGraphik-Regular-Web.woff2?orgId=00D80000000bPpK:0
[   14117ms] [ERROR] Failed to load resource: net::ERR_HTTP2_PROTOCOL_ERROR @ https://www.hpe.com/content/dam/hpe/fonts/graphik/HPEGraphik-Light-Web.woff2?orgId=00D80000000bPpK:0
[   20417ms] [WARNING] The resource https://support.hpe.com/connect/auraFW/javascript/MzNzN1lSdDZQRXpUcEpsWHBlZGd5UWtVMjdnTGFERUU2S3FfSVdrcU92bkExNC4xOTIuODM4ODYwOA/aura_prod.js was preloaded using link preload but not used within a few seconds from the window's load event. Please make sure it has an appropriate `as` value and it is preloaded intentionally. @ https://support.hpe.com/hpesc/public/docDisplay?docId=a00115362en_us&page=GUID-A907F1AD-6041-4CD5-9C29-47DF3AC366A9.html:0
